W/ContextImpl( 1594): Calling a method in the system process without a qualified user: android.app.ContextImpl.sendBroadcast:1455 android.content.ContextWrapper.sendBroadcast:376 com.motorola.motocare.util.TriggerHelper$TriggerBuilder.send:76 com.motorola.motocare.internal.frameworkevents.PauseResumeTrigger.handleFrameworkEvent:53 com.motorola.motocare.internal.frameworkevents.FwEventMonitor$FrameworkListener.processFrameworkEvent:114 
W/Settings( 1594): Setting window_animation_scale has moved from android.provider.Settings.System to android.provider.Settings.Global, returning read-only global URI.
W/ContextImpl( 1594): Calling a method in the system process without a qualified user: android.app.ContextImpl.sendBroadcast:1455 android.content.ContextWrapper.sendBroadcast:376 com.motorola.motocare.internal.settings.SettingsTrigger.handleInit:408 com.motorola.motocare.internal.settings.SettingsTrigger.onReceive:242 android.app.ActivityThread.handleReceiver:2611 
W/ContextImpl( 1594): Calling a method in the system process without a qualified user: android.app.ContextImpl.sendBroadcast:1455 android.content.ContextWrapper.sendBroadcast:376 com.motorola.motocare.util.TriggerHelper$TriggerBuilder.send:76 com.motorola.motocare.internal.frameworkevents.PauseResumeTrigger.handleFrameworkEvent:53 com.motorola.motocare.internal.frameworkevents.FwEventMonitor$FrameworkListener.processFrameworkEvent:114 
W/ContextImpl( 1594): Calling a method in the system process without a qualified user: android.app.ContextImpl.sendBroadcast:1455 android.content.ContextWrapper.sendBroadcast:376 com.motorola.motocare.util.TriggerHelper$TriggerBuilder.send:76 com.motorola.motocare.internal.frameworkevents.PauseResumeTrigger.handleFrameworkEvent:53 com.motorola.motocare.internal.frameworkevents.FwEventMonitor$FrameworkListener.processFrameworkEvent:114 
W/ContextImpl( 1594): Calling a method in the system process without a qualified user: android.app.ContextImpl.sendBroadcast:1455 android.content.ContextWrapper.sendBroadcast:376 com.motorola.motocare.internal.settings.SettingsTrigger.onReceive:258 android.app.LoadedApk$ReceiverDispatcher$Args.run:870 android.os.Handler.handleCallback:739 
I/ActivityManager(  908): Start proc com.motorola.email for broadcast com.motorola.email/com.android.email.provider.WidgetProvider: pid=3958 uid=10038 gids={50038, 9997, 3003, 1028, 1015} abi=armeabi-v7a
W/ResourcesManager( 3958): Asset path '/system/framework/com.motorola.motosignature.jar' does not exist or contains no resources.
W/ResourcesManager( 3958): Asset path '/system/framework/com.motorola.android.encryption.jar' does not exist or contains no resources.
D/ActivityThread( 3958): Loading provider com.android.email.provider: com.motorola.email.provider.MotorolaEmailProvider
D/ActivityThread( 3958): Loading provider com.android.email.provider: com.motorola.email.provider.MotorolaEmailProvider
D/ActivityThread( 3958): Loading provider com.android.email.provider: com.motorola.email.provider.MotorolaEmailProvider
D/ActivityThread( 3958): Loading provider com.android.email.provider: com.motorola.email.provider.MotorolaEmailProvider
I/com.android.email.cryptography.CryptographicModeHelper( 3958): Cryptographic modes supported!
I/openssl ( 3958): Crypto mode not selected, openssl will run on its regular mode.
I/openssl ( 3958): Crypto mode 0 already enabled
I/ActivityManager(  908): Start proc com.iflytek.cmcc:background for broadcast com.iflytek.cmcc/com.iflytek.viafly.mutiprocess.BackgroundReceiver: pid=3985 uid=10068 gids={50068, 9997, 3003, 1028, 1015, 3002, 3001} abi=armeabi-v7a
I/ActivityManager(  908): Killing 3455:com.google.android.keep/u0a103 (adj 15): empty #13
W/ActivityManager(  908): Unable to start service Intent { cmp=com.motorola.email/com.android.email.service.AttachmentService } U=0: not found
W/ActivityManager(  908): Unable to start service Intent { cmp=com.motorola.email/com.android.email.service.AttachmentService } U=0: not found
W/ActivityManager(  908): Unable to start service Intent { cmp=com.motorola.email/com.android.email.service.AttachmentService } U=0: not found
W/libprocessgroup(  908): failed to open /acct/uid_10103/pid_3455/cgroup.procs: No such file or directory
W/ActivityManager(  908): Unable to start service Intent { cmp=com.motorola.email/com.android.email.service.AttachmentService } U=0: not found
W/ActivityManager(  908): Unable to start service Intent { cmp=com.motorola.email/com.android.email.service.AttachmentService } U=0: not found
I/Email   ( 3958): Observing account changes for notifications
D/AbsBroadcastReceiver( 3985): intent action = android.net.conn.CONNECTIVITY_CHANGE
I/ActivityManager(  908): Waited long enough for: ServiceRecord{d9c4b56 u0 com.lenovo.safecenter/.services.MainService}
I/ActivityManager(  908): Waited long enough for: ServiceRecord{50477d7 u0 com.lenovo.safecenter/.permission.services.SafeCenterService}
I/art     (  908): Explicit concurrent mark sweep GC freed 7870(375KB) AllocSpace objects, 1(16KB) LOS objects, 33% free, 29MB/44MB, paused 1.091ms total 83.328ms
I/ActivityManager(  908): Killing 3526:com.google.android.apps.maps/u0a104 (adj 15): empty #13
W/libprocessgroup(  908): failed to open /acct/uid_10104/pid_3526/cgroup.procs: No such file or directory
I/openssl ( 1329): Crypto mode not selected, openssl will run on its regular mode.
I/openssl ( 1329): Crypto mode 0 already enabled
I/Info    ( 2262): receive message
D/DownloadService( 2262): Service onCreate
D/cj      ( 2262): UpdateThread:1
I/ActivityManager(  908): Start proc com.lenovo.leos.appstore for broadcast com.lenovo.leos.appstore/.entry.AppStoreNetworkReceiver: pid=4007 uid=10027 gids={50027, 9997, 3003, 1028, 1015, 1023} abi=armeabi-v7a
E/BrcmNfcNfa( 1627): NCI version mismatch!!:0x10 != 0x11 
E/PhoneInterfaceManager( 1715): [PhoneIntfMgr] getIccId: ICC ID is null or empty.
E/PhoneInterfaceManager( 1715): [PhoneIntfMgr] getIccId: ICC ID is null or empty.
E/ReflectUtils( 4007): android.provider.MultiSIMUtils
D/WifiService(  908): New client listening to asynchronous messages
I/GAV2    ( 3602): Thread[GAThread,5,main]: No campaign data found.
I/GAv4-SVC( 2088): Google Analytics 8.4.89 is starting up.
I/ActivityManager(  908): Start proc com.android.mms for broadcast com.android.mms/.transaction.MmsSystemEventReceiver: pid=4059 uid=10029 gids={50029, 9997, 3003, 1028, 1015} abi=armeabi-v7a
I/ActivityManager(  908): Killing 3353:com.motorola.moto/u0a34 (adj 15): empty #13
W/libprocessgroup(  908): failed to open /acct/uid_10034/pid_3353/cgroup.procs: No such file or directory
V/Mms     ( 4059): mnc/mcc: 
V/Mms     ( 4059): tag: int value: recipientLimit - 20
V/Mms     ( 4059): tag: int value: smsToMmsTextThreshold - 6
V/Mms     ( 4059): tag: int value: emergencySmsTimeout - 30
V/Mms     ( 4059): tag: int value: maxSubjectLength - 80
V/Mms     ( 4059): tag: bool value: smsForceShowEncodingMenu - true
V/Mms     ( 4059):  mUserAgent = motoxt1097/Mms-5.0,  mUaProfUrl = http://uaprof.motorola.com/phoneconfig/motoxt1097/Profile/motoxt1097.rdf
I/ActivityManager(  908): Killing 3602:com.google.android.gm/u0a100 (adj 15): empty #13
I/art     ( 1715): Explicit concurrent mark sweep GC freed 26876(1926KB) AllocSpace objects, 8(128KB) LOS objects, 40% free, 16MB/27MB, paused 935us total 54.082ms
W/libprocessgroup(  908): failed to open /acct/uid_10100/pid_3602/cgroup.procs: No such file or directory
I/SBar.MotoNetworkCtrlr( 1363): onReceive: WifiManager.RSSI_CHANGED_ACTION Received
I/SBar.MotoNetworkCtrlr( 1363): updateWifiState: RSSI_CHANGED_ACTION: mWifiConnected=true mWifiLevel=1 mWifiRssi=-82
I/SBar.MotoNetworkCtrlr( 1363): updateTelephonySignalStrength[0]:  No service
I/SBar.MotoNetworkCtrlr( 1363): updateDataIcon[0]: mCurrentDataSubId=-1000 maps to: dataPhoneId:0 ( SubscriptionManager.getPhoneId returned -1000=0xfffffc18 )
I/SBar.MotoNetworkCtrlr( 1363): refreshViews[0]: mCurrentDataSubId=-1000 maps to: dataPhoneId:0 ( SubscriptionManager.getPhoneId returned -1000=0xfffffc18 )
I/ActivityManager(  908): Start proc com.motorola.email:exchange for broadcast com.motorola.email/com.android.exchange.ExchangeBroadcastReceiver: pid=4083 uid=10038 gids={50038, 9997, 3003, 1028, 1015} abi=armeabi-v7a
W/ResourcesManager( 4007): Asset path '/system/framework/com.broadcom.nfc.jar' does not exist or contains no resources.
W/ResourcesManager( 4007): Asset path '/system/framework/com.vzw.nfc.jar' does not exist or contains no resources.
W/ResourcesManager( 4007): Asset path '/system/framework/org.simalliance.openmobileapi.jar' does not exist or contains no resources.
W/ResourcesManager( 4083): Asset path '/system/framework/com.motorola.motosignature.jar' does not exist or contains no resources.
W/ResourcesManager( 4083): Asset path '/system/framework/com.motorola.android.encryption.jar' does not exist or contains no resources.
I/com.android.email.cryptography.CryptographicModeHelper( 4083): Cryptographic modes supported!
I/openssl ( 4083): Crypto mode not selected, openssl will run on its regular mode.
I/openssl ( 4083): Crypto mode 0 already enabled
I/ActivityManager(  908): Start proc com.lenovo.browser for broadcast com.lenovo.browser/.download.DownloadReceiver: pid=4101 uid=10066 gids={50066, 9997, 3003, 1028, 1015} abi=armeabi-v7a
I/Exchange( 4083): PSS has no active accounts; stopping service.
I/Exchange( 4083): PSS has no active accounts; stopping service.
I/ActivityManager(  908): Killing 3639:com.google.android.inputmethod.pinyin/u0a60 (adj 15): empty #13
W/libprocessgroup(  908): failed to open /acct/uid_10060/pid_3639/cgroup.procs: No such file or directory
I/Process ( 4101): Sending signal. PID: 4101 SIG: 9
I/ActivityManager(  908): Process com.lenovo.browser (pid 4101) has died
I/GAV2    ( 3663): Thread[GAThread,5,main]: No campaign data found.
I/ActivityManager(  908): Waited long enough for: ServiceRecord{3d93724f u0 com.motorola.ccc.checkin/com.motorola.blur.service.blur.JobSchedulerService}
D/hardware_info(  358): hw_info_append_hw_type : device_name = speaker
I/ActivityManager(  908): Waited long enough for: ServiceRecord{26d65158 u0 com.motorola.ccc.devicemanagement/com.motorola.blur.service.blur.BlurServiceMother}
I/ActivityManager(  908): Waited long enough for: ServiceRecord{1819a2b1 u0 com.motorola.ccc.devicemanagement/.DeviceManagementNotifierService}
I/ActivityManager(  908): Waited long enough for: ServiceRecord{18626396 u0 com.motorola.ccc.devicemanagement/com.motorola.blur.service.blur.JobSchedulerService}
D/TCMD    (  486): NL - Read 56 bytes from update socket.
D/TCMD    (  486): NL - message type is RTM_NEWLINK
D/TCMD    (  486): Listening for incoming client connection request
E/WifiStateMachine(  908): [1,449,798,058,120 ms] noteScanEnd no scan source
E/WifiStateMachine(  908): wifi setScanResults statecom.android.server.wifi.WifiStateMachine$ConnectedState@22d15def sup_state=COMPLETED debouncing=false
I/ActivityManager(  908): Start proc com.lenovo.music for broadcast com.lenovo.music/com.lenovo.lenovoabout.LenovoNetReceiver: pid=4128 uid=10086 gids={50086, 9997, 3003, 1028, 1015, 3002, 3001} abi=armeabi
I/ActivityManager(  908): Waited long enough for: ServiceRecord{1a555bb8 u0 com.motorola.ccc.notification/com.motorola.blur.service.blur.JobSchedulerService}
E/guocq1  ( 4128): LWUIKitManagerN_init_time(nanoTime)::125496042
I/MUsicFileManager( 4128): SDCardSystem.getVolumeState: volumeState=mounted
I/MUsicFileManager( 4128): SDCardSystem.getVolumeState: volumeState=removed
I/MUsicFileManager( 4128): SDCardSystem.getMountedPaths: paths=/storage/emulated/0[mounted], /storage/usbdisk[removed], 
I/MUsicFileManager( 4128): SDCardSystem.initSystem: mountedPaths.size=1
I/MUsicFileManager( 4128): SDCardSystem.initSystem: MountedPointOfEmmcCard=/storage/sdcard0
I/MUsicFileManager( 4128): SDCardSystem.initSystem: Root=/storage, InternalSDCard=/storage/emulated/0, ExternalSDCard=null
I/MUsicFileManager( 4128): registerReceiver:registerReceivered
D/ImageManager( 4128): registerOutOfMemoryBroadcastReceiver 
D/ImageManager( 4128): validate()
D/ImageManager( 4128): dir length of /storage/emulated/0/Music/online/.cache is : 0
D/ImageManager( 4128): number of files removed : 0
D/ImageManager( 4128): validate()
D/ImageManager( 4128): dir length of /storage/emulated/0/Music/online/.cache is : 0
D/ImageManager( 4128): number of files removed : 0
I/love_playlist( 4128): [initLovePlaylistData()] <--->
I/love_playlist( 4128): [doInitLovePlaylistData()] <--->
W/System.err( 4128): java.lang.ClassNotFoundException: com.mediatek.featureoption.FeatureOption
W/System.err( 4128): 	at java.lang.Class.classForName(Native Method)
W/System.err( 4128): 	at java.lang.Class.forName(Class.java:308)
W/System.err( 4128): 	at java.lang.Class.forName(Class.java:272)
W/System.err( 4128): 	at com.lenovo.music.vl.utils.phone.LocalMusicUtils.bIsHasName(LocalMusicUtils.java:393)
W/System.err( 4128): 	at com.lenovo.music.vl.utils.phone.LocalMusicUtils.<clinit>(LocalMusicUtils.java:372)
W/System.err( 4128): 	at com.lenovo.music.vl.utils.phone.LocalPlaylistUtils.doInitLovePlaylistData(LocalPlaylistUtils.java:369)
W/System.err( 4128): 	at com.lenovo.music.vl.utils.phone.LocalPlaylistUtils.access$200(LocalPlaylistUtils.java:53)
W/System.err( 4128): 	at com.lenovo.music.vl.utils.phone.LocalPlaylistUtils$10.run(LocalPlaylistUtils.java:362)
W/System.err( 4128): 	at java.lang.Thread.run(Thread.java:818)
W/System.err( 4128): Caused by: java.lang.ClassNotFoundException: Didn't find class "com.mediatek.featureoption.FeatureOption" on path: DexPathList[[zip file "/data/app/com.lenovo.music-1/base.apk"],nativeLibraryDirectories=[/data/app/com.lenovo.music-1/lib/arm, /vendor/lib, /system/lib]]
W/System.err( 4128): 	at dalvik.system.BaseDexClassLoader.findClass(BaseDexClassLoader.java:56)
W/System.err( 4128): 	at java.lang.ClassLoader.loadClass(ClassLoader.java:511)
W/System.err( 4128): 	at java.lang.ClassLoader.loadClass(ClassLoader.java:469)
W/System.err( 4128): 	... 9 more
W/System.err( 4128): 	Suppressed: java.lang.ClassNotFoundException: com.mediatek.featureoption.FeatureOption
W/System.err( 4128): 		at java.lang.Class.classForName(Native Method)
W/System.err( 4128): 		at java.lang.BootClassLoader.findClass(ClassLoader.java:781)
W/System.err( 4128): 		at java.lang.BootClassLoader.loadClass(ClassLoader.java:841)
W/System.err( 4128): 		at java.lang.ClassLoader.loadClass(ClassLoader.java:504)
W/System.err( 4128): 		... 10 more
W/System.err( 4128): 	Caused by: java.lang.NoClassDefFoundError: Class not found using the boot class loader; no stack available
I/love_playlist( 4128): [doInitLovePlaylistData()] <346>
I/MusicApp( 4128): [getLovestPlaylistId()] <mLovePlaylistId=346>[]
I/ActivityManager(  908): Start proc com.android.deskclock for broadcast com.android.deskclock/.AlarmInitReceiver: pid=4158 uid=10058 gids={50058, 9997, 1028} abi=armeabi-v7a
I/ActivityManager(  908): Killing 3683:com.android.providers.calendar/u0a9 (adj 15): empty #13
W/libprocessgroup(  908): failed to open /acct/uid_10009/pid_3683/cgroup.procs: No such file or directory
I/ActivityManager(  908): Start proc com.qualcomm.timeservice for broadcast com.qualcomm.timeservice/.TimeServiceBroadcastReceiver: pid=4177 uid=10081 gids={50081, 9997} abi=armeabi-v7a
I/ActivityManager(  908): Killing 3711:com.android.vending/u0a95 (adj 15): empty #13
I/art     (  371): Explicit concurrent mark sweep GC freed 706(30KB) AllocSpace objects, 0(0B) LOS objects, 39% free, 15MB/25MB, paused 225us total 13.357ms
I/art     (  371): Explicit concurrent mark sweep GC freed 5(160B) AllocSpace objects, 0(0B) LOS objects, 39% free, 15MB/25MB, paused 199us total 13.257ms
I/art     (  371): Explicit concurrent mark sweep GC freed 5(160B) AllocSpace objects, 0(0B) LOS objects, 39% free, 15MB/25MB, paused 207us total 11.945ms
W/libprocessgroup(  908): failed to open /acct/uid_10095/pid_3711/cgroup.procs: No such file or directory
I/System.out( 4177): TimeService: Loaded Library 
D/TimeService( 4177): Receivedandroid.intent.action.TIME_SET intent. Current Time is 1449798059037
D/        ( 4177): TimeServiceNative: User Time to be set is 1449798059037
D/QC-time-services( 4177): Lib:time_genoff_operation: pargs->base = 2
D/QC-time-services( 4177): Lib:time_genoff_operation: pargs->operation = 0
D/QC-time-services( 4177): Lib:time_genoff_operation: pargs->ts_val = 1449798059037
D/QC-time-services(  383): Daemon: Connection accepted:time_genoff
D/QC-time-services(  383): Daemon:Received base = 2, unit = 1, operation = 0,value = 1449798059037
D/QC-time-services(  383): Daemon:genoff_opr: Base = 2, val = 1449798059037, operation = 0
D/QC-time-services(  383): Daemon:rtc_get: Time read from RTC -- MM/DD/YY HH:MM:SS0/26/70 23:53:24
D/QC-time-services(  383): Daemon:Value read from RTC seconds = 2246004000
D/QC-time-services(  383): Daemon:new time 1449798059037 
D/QC-time-services(  383): Daemon: delta 1447552055037 genoff 1447552055037 
D/QC-time-services(  383): Daemon:genoff_persistent_update: Writing genoff = 1447552055037 to memory
D/QC-time-services(  383): Daemon:Opening File: /data/time/ats_2
D/QC-time-services(  383): Daemon:time_persistent_memory_opr:Genoff write operation 
D/QC-time-services( 4177): Lib:time_genoff_operation: Send to server  passed!!
D/QC-time-services(  383): Updating the TOD offset
D/QC-time-services(  383): Daemon:genoff_persistent_update: Writing genoff = 1447552055037 to memory
D/QC-time-services(  383): Daemon:Opening File: /data/time/ats_1
D/QC-time-services(  383): Daemon:time_persistent_memory_opr:Genoff write operation 
E/QC-time-services(  383): Daemon:Update to modem bit set
D/QC-time-services(  383): Daemon:genoff_send_modem: Sending data to MODEM !
D/QC-time-services(  383): Daemon: Base = 2, Value being sent to MODEM = 1131587255037
E/QC-time-services( 4177): Receive Passed == base = 2, unit = 1, operation = 0, result = 0
E/QC-time-services(  383): Daemon:tod_update_ind_cb: Got Update from modem msg_id 40
E/QC-time-services(  383): Daemon: Time-services: Waiting to acceptconnection
I/ThermalEngine(  366): Sensor:chg_therm:29000 mC
I/ActivityManager(  908): Start proc com.google.android.keep for broadcast com.google.android.keep/.notification.AlertReceiver: pid=4195 uid=10103 gids={50103, 9997, 3003, 1028, 1015} abi=armeabi-v7a
I/ActivityManager(  908): Killing 3759:com.motorola.genie/u0a21 (adj 15): empty #13
W/libprocessgroup(  908): failed to open /acct/uid_10021/pid_3759/cgroup.procs: No such file or directory
I/CheckinService( 2088): Checkin interval check for package: unspecified last checkin: 1449681910747 min interval config: 0 actual interval: 116148613
I/ActivityManager(  908): Start proc com.motorola.moto for broadcast com.motorola.moto/com.motorola.assist.engine.mode.activity.sleep.SleepContextEventReceiver: pid=4218 uid=10034 gids={50034, 9997, 3003, 1028, 1015, 3001, 3002} abi=armeabi
I/art     (  908): Explicit concurrent mark sweep GC freed 12613(633KB) AllocSpace objects, 1(16KB) LOS objects, 33% free, 29MB/44MB, paused 860us total 83.602ms
I/ActivityManager(  908): Killing 3564:com.motorola.moto:context_engine/u0a34 (adj 15): empty #13
I/ActivityManager(  908): Waited long enough for: ServiceRecord{38c6778c u0 com.android.calendar/.alerts.InitAlarmsService}
W/libprocessgroup(  908): failed to open /acct/uid_10034/pid_3564/cgroup.procs: No such file or directory
D/OtaApp  ( 2614): [debug] > Receive intent: com.motorola.blur.service.blur.Actions.UPGRADE_DOWNLOAD_STATUS
I/OtaApp  ( 2614): [info] > UpdateReceiver: Supressing duplicate intent for Install; now = 1449798059596; nextPrompt = 1449831743530
D/Checkin ( 2614): publish the event [tag = MOT_OTA event name = LOG]
D/EmailService.MarketingOptInSetter( 2614): received com.motorola.blur.service.blur.Actions.POLLINGMGR_CONNECTIVITY
D/GetNotificationsWS( 2614): bindWebServices(): registering our AIDL callback...
I/SundryService( 2614): onHandleIntent(): action=com.motorola.blur.service.blur.Actions.POLLINGMGR_CONNECTIVITY
E/SQLiteLog( 2614): (284) automatic index on registration(APP_ID)
D/GetNotificationsWS( 2614): onServiceConnected()
D/GetNotificationsWS( 2614): onServiceConnected(): Registered for remote service callbacks...
D/WaitableIntentService( 2614): ServiceHandler.handleMessage: mWaitCount=0
D/GetNotificationsWS( 2614): unbindWebServices(): un-registering our AIDL callback...
I/ActivityManager(  908): Killing 3985:com.iflytek.cmcc:background/u0a68 (adj 15): empty #13
D/OpenGLRenderer( 3399): Render dirty regions requested: true
D/Atlas   ( 3399): Validating map...
W/libprocessgroup(  908): failed to open /acct/uid_10068/pid_3985/cgroup.procs: No such file or directory
E/MotoSensors(  908): Proximity uncovered
I/SFPerfTracer(  292):      triggers: (rate: 0:0) (0 sw vsyncs) (0 skipped) (152:936 vsyncs) (154:1402)
I/Adreno-EGL( 3399): <qeglDrvAPI_eglInitialize:410>: EGL 1.4 QUALCOMM build: AU_LINUX_ANDROID_LA.BF.1.1_RB1.05.00.00.002.030_msm8974_LA.BF.1.1_RB1__release_AU ()
I/Adreno-EGL( 3399): OpenGL ES Shader Compiler Version: E031.25.03.00
I/Adreno-EGL( 3399): Build Date: 12/04/14 Thu
I/Adreno-EGL( 3399): Local Branch: mybranch6139447
I/Adreno-EGL( 3399): Remote Branch: quic/LA.BF.1.1_rb1.14
I/Adreno-EGL( 3399): Local Patches: NONE
I/Adreno-EGL( 3399): Reconstruct Branch: AU_LINUX_ANDROID_LA.BF.1.1_RB1.05.00.00.002.030 +  NOTHING
I/OpenGLRenderer( 3399): Initialized EGL, version 1.4
I/SFPerfTracer(  292):      triggers: (rate: 5:202) (compose: 0:1) (post: 0:2) (render: 0:3) (153:1345 frames) (154:1400)
D/SFPerfTracer(  292):        layers: (5:10) (FocusedStackFrame (0xb7671158): 0:9)* (com.android.launcher3/com.android.launcher3.Launcher (0xb7711bd0): 154:236) (StatusBar (0xb771a638): 0:767) (com.android.systemui.ImageWallpaper (0xb7726f20): 0:10) ( (0xb7729938): 0:30) (NavigationBar (0xb772d6d0): 0:18) 
I/ActivityManager(  908): Start proc com.android.settings for broadcast com.android.settings/.notification.NotificationAccessSettingsReceiver: pid=4243 uid=1000 gids={41000, 9997, 1021, 3004, 3005, 1000, 3009, 1015, 1023, 1010, 1004, 2002, 3006, 1028, 3002, 3001, 3003} abi=armeabi-v7a
D/OpenGLRenderer( 3399): Enabling debug mode 0
D/attentivedisplay.MobileEngine( 3399): VdlFaceDetection loading...
W/ResourcesManager( 4243): Asset path '/system/framework/com.motorola.frameworks.core.addon.jar' does not exist or contains no resources.
W/ResourcesManager( 4243): Asset path '/system/framework/com.motorola.android.encryption.jar' does not exist or contains no resources.
I/vBackend( 3399): JNI_OnLoad()
D/attentivedisplay.MobileEngine( 3399): VdlFaceDetection loaded
I/FREngineFD( 3399): FaceDetectorProfiler:  --config=/data/user/0/com.motorola.actions/files/attentive_display/VdlData.dat --data.dir=/data/user/0/com.motorola.actions/files/attentive_display --detector.skip.faces=0 --track.face.depth=1 --detect.face.scale=1.02 --detect.feature.scale=1.02 --input.force.height=240 --detect.face.dyn.downscale.maxsize=480 --log.level=info --detect.face.ddownscale=true --untrackable.feature.finder.enabled=1 --detect.pfeature.scale=1.02
E/SensorManager( 3399): Error: Trigger Event is null for Sensor: {Sensor name="IR Object Detect", vendor="Motorola", version=1, type=65543, maxRange=1.0, resolution=1.0, power=1.0, minDelay=-1}
W/AudioFlinger(  358): acquireAudioSessionId() unknown client 3399 for session 21
I/AwesomePlayer(  358): setDataSource_l(<no-scheme URI suppressed>)
D/ExtendedUtils(  358): extended extractor not needed, return default
D/AudioPolicyManager(  358): isOffloadSupported: stream_type != MUSIC, returning false
D/OMXCodec(  358): Successfully allocated OMX node 'OMX.google.vorbis.decoder'
W/AudioFlinger(  358): acquireAudioSessionId() unknown client 3399 for session 22
I/AwesomePlayer(  358): setDataSource_l(<no-scheme URI suppressed>)
D/ExtendedUtils(  358): extended extractor not needed, return default
D/AudioPolicyManager(  358): isOffloadSupported: stream_type != MUSIC, returning false
D/OMXCodec(  358): Successfully allocated OMX node 'OMX.google.vorbis.decoder'
I/CameraClient(  358): Opening camera 1
D/QCamera2HWI(  358): static void* qcamera::QCamera2HardwareInterface::defferedWorkRoutine(void*): start data proc
E/QCamera2HWI(  358): [KPI Perf] int qcamera::QCamera2HardwareInterface::openCamera(hw_device_t**): E PROFILE_OPEN_CAMERA camera id 1
I/QCameraHalWatchdog(  358): Starting Watchdog Thread...
E/mm-camera-intf(  358): mm_camera_open: dev name = /dev/video2, cam_idx = 2
D/QCameraStateMachine(  358): static void* qcamera::QCameraStateMachine::smEvtProcRoutine(void*): E
I/SBar.MotoNetworkCtrlr( 1363): onReceive: WifiManager.RSSI_CHANGED_ACTION Received
I/SBar.MotoNetworkCtrlr( 1363): updateWifiState: RSSI_CHANGED_ACTION: mWifiConnected=true mWifiLevel=1 mWifiRssi=-82
I/SBar.MotoNetworkCtrlr( 1363): updateTelephonySignalStrength[0]:  No service
I/SBar.MotoNetworkCtrlr( 1363): updateDataIcon[0]: mCurrentDataSubId=-1000 maps to: dataPhoneId:0 ( SubscriptionManager.getPhoneId returned -1000=0xfffffc18 )
I/SBar.MotoNetworkCtrlr( 1363): refreshViews[0]: mCurrentDataSubId=-1000 maps to: dataPhoneId:0 ( SubscriptionManager.getPhoneId returned -1000=0xfffffc18 )
I/InputReader(  908): Reconfiguring input devices.  changes=0x00000010
I/InputReader(  908): Reconfiguring input devices.  changes=0x00000010
E/mm-camera-sensor(  380): module_sensor_start_session:671 session 2
E/mm-camera(  380): isp_tintless_open: E: b6cf9df5
E/mm-camera-img(  380): module_imglib_create_msg_thread:231] E
E/mm-camera(  380): module_drsd_start_session:1189] E
E/mm-camera-img(  380): module_imglib_create_msg_thread:231] E
E/mm-camera-img(  380): module_imglib_create_msg_thread:253] X
E/mm-camera-img(  380): module_imglib_create_msg_thread:231] E
E/hdr     (  380): Session id 0x2 started
E/mm-camera-img(  380): module_imglib_create_msg_thread:231] E
E/mm-camera-img(  380): module_imglib_create_msg_thread:253] X
E/mm-camera-img(  380): module_imglib_create_msg_thread:253] X
E/mm-camera-img(  380): module_imglib_create_msg_thread:231] E
E/mm-camera(  380): module_drsd_start_session:1210] X rc = 0
E/mm-camera-img(  380): module_imglib_create_msg_thread:253] X
D/mm-camera-CORE(  380): aec_init E
E/mm-camera-img(  380): module_imglib_create_msg_thread:253] X
D/mm-camera-CORE(  380): AL initialized in aec_init 0+2
E/alPrinter(  380): [AIS-REV] AlAis  :2014.1029.2253::[0xd00001a1], AisWrap:2014.1111.1145::[0xd00006d9]
D/alPrinter(  380): [AIS-REV] AIS_WRAP: 01.d5.00
D/alPrinter(  380): [AIS-REV] A E_WRAP: 01.d3.00
D/alPrinter(  380): [AIS-REV] AWB_WRAP: 01.d2.13
D/mm-camera-CORE(  380): AIS GAMMA ENABLED:1
D/mm-camera-CORE(  380): AIS GTM ENABLED:1
D/mm-camera-CORE(  380): awb_init E
D/mm-camera-CORE(  380): awb_init: AL already initialized
E/mm-camera(  380): is_module_start_session: Enter
E/mm-camera(  380): is_module_start_session: Exit successful
E/mm-camera(  380): is_module_get_port: Exit successful
E/mm-camera(  380): isp_tintless_get_version: lib returned version 3.61 err=0
E/mm-camera(  380): c2d_module_start_session:238, info: starting session 2
E/mm-camera(  380): c2d_module_start_session:285, info: c2d_thread created.
E/mm-camera(  380): c2d_thread_func:41: c2d_thread entering the polling loop...
D/BackupManagerService(  908): Received broadcast Intent { act=android.intent.action.PACKAGE_CHANGED dat=package:com.google.android.gms flg=0x4000010 (has extras) }
I/BackupManagerService(  908): Unbinding ComponentInfo{com.google.android.gms/com.google.android.gms.backup.BackupTransportService}
E/mm-camera(  380): c2d_module_start_session:307, info: session 2 started.
I/ActivityManager(  908): Start proc com.android.providers.calendar for broadcast com.android.providers.calendar/.CalendarProviderBroadcastReceiver: pid=4291 uid=10009 gids={50009, 9997, 3003, 1028, 1015} abi=armeabi-v7a
I/FREngineFD( 3399): Size0: 3552700
I/FREngineFD( 3399): CRC0: 1540436606
I/FREngineFD( 3399): Size1: 27007
I/FREngineFD( 3399): CRC1: 3645389918
I/FREngineFD( 3399): file crc: 3645389918   crc from file: 3645389918
I/ActivityManager(  908): Killing 4007:com.lenovo.leos.appstore/u0a27 (adj 15): empty #13
D/WifiService(  908): Client connection lost with reason: 4
I/FREngine( 3399): 01:41.00.038 [1] | [wrn] Default value 'info' used for log.level.input
I/FREngine( 3399): 01:41.00.038 [2] | [wrn] Default value 'info' used for log.level.facedet
I/FREngine( 3399): 01:41.00.039 [3] | [wrn] Default value 'info' used for log.level.handdet
I/FREngine( 3399): 01:41.00.039 [4] | [wrn] Default value 'info' used for log.level.eyesdet
I/FREngine( 3399): 01:41.00.039 [5] | [wrn] Default value 'info' used for log.level.facetrack
I/FREngine( 3399): 01:41.00.039 [6] | [wrn] Default value 'info' used for log.level.normalizer
I/FREngine( 3399): 01:41.00.039 [7] | [wrn] Default value 'info' used for log.level.clusterizer
I/FREngine( 3399): 01:41.00.039 [8] | [wrn] Default value 'info' used for log.level.config
I/FREngine( 3399): 01:41.00.039 [9] | [wrn] config: default value 0 used for detect.face.minneighbors
I/FREngine( 3399): 01:41.00.063 [10] | [inf] face detector: using DynamicDownscaleFaceDetector detector
I/FREngine( 3399): 01:41.00.063 [11] | [wrn] Default value 'simple' used for detect.feature.algorithm
I/FREngine( 3399): 01:41.00.063 [12] | [wrn] config: default value 0 used for detect.feature.minneighbors
I/FREngine( 3399): 01:41.00.067 [13] | [wrn] config: default value 0 used for detect.feature.ddownscale
I/FREngine( 3399): 01:41.00.067 [14] | [wrn] Default value 'simple' used for detect.pfeature.algorithm
I/FREngine( 3399): 01:41.00.067 [15] | [wrn] config: default value 0 used for detect.pfeature.minneighbors
I/FREngine( 3399): 01:41.00.077 [16] | [wrn] config: default value 0 used for detect.pfeature.ddownscale
I/FREngine( 3399): 01:41.00.077 [17] | [wrn] Default value 'simple' used for detect.pfeature.algorithm
I/FREngine( 3399): 01:41.00.077 [18] | [wrn] config: default value 0 used for detect.pfeature.minneighbors
I/mm-camera-sensor(  380): calculate_rg_bg_calib_factors: Final calibration factor RG value: 0.967746 BG Value: 0.984772 GB/GR: 0.992711
E/mm-camera-sensor(  380): module_sensor_start_session:715 failed
E/mm-camera-sensor(  380): module_sensor_start_session:721 failed
E/mm-camera-sensor(  380): module_sensor_query_mod:3876 led flash is not supported for this sensor.
I/FREngine( 3399): 01:41.00.087 [19] | [wrn] config: default value 0 used for detect.pfeature.ddownscale
E/qomx_image_core(  358): OMX_Init:94] Complete 2
E/QCameraHWI_Mem(  358): int qcamera::QCameraMemory::alloc(int, int, int) : No memory pool available
D/QCameraHWI_Mem(  358): static int qcamera::QCameraMemory::allocOneBuffer(qcamera::QCameraMemory::QCameraMemInfo&, int, int, bool) : ION buffer 0x1 with size 1048576 allocated
E/QCameraHWI_Mem(  358): int qcamera::QCameraMemory::alloc(int, int, int) : No memory pool available
D/QCameraHWI_Mem(  358): static int qcamera::QCameraMemory::allocOneBuffer(qcamera::QCameraMemory::QCameraMemInfo&, int, int, bool) : ION buffer 0x1 with size 65544 allocated
D/QCameraParameters(  358): int32_t qcamera::QCameraParameters::initBatchUpdate(void*):Initializing batch parameter set
D/QCameraParameters(  358): setBurstStatus: set Mot Burst Status=off (0)
D/QCameraParameters(  358): int32_t qcamera::QCameraParameters::initDefaultParameters(): supported preview sizes: 1920x1080,1440x1080,1280x960,1280x720,960x720,864x480,768x432,720x480,640x480,320x240,176x144
D/QCameraParameters(  358): int32_t qcamera::QCameraParameters::initDefaultParameters(): supported video sizes: 1920x1080,1280x720,864x480,720x480,640x480,352x288,320x240,176x144
D/QCameraParameters(  358): int32_t qcamera::QCameraParameters::initDefaultParameters(): supported pic sizes: 1920x1080,1440x1080,1280x960,1280x720,640x480,352x288
I/QCameraParameters(  358): int32_t qcamera::QCameraParameters::initDefaultParameters(): supported live snapshot sizes: 1920x1080,1280x768,1280x720,1024x768,800x600,864x480,800x480,720x480,640x480,352x288,320x240,176x144
D/QCameraParameters(  358): int32_t qcamera::QCameraParameters::initDefaultParameters(): supported fps ranges: (15000,15000),(5000,30000),(15000,30000)
E/QCameraParameters(  358): int32_t qcamera::QCameraParameters::setPreviewFpsRange(int, int): Setting preview fps range 5000,30000
D/QCameraParameters(  358): int32_t qcamera::QCameraParameters::AddSetParmEntryToBatch(void*, cam_intf_parm_type_t, uint32_t, void*): num_entry: 1, paramType: 4, paramLength: 8, aligned_size_req: 24
D/QCameraParameters(  358): int32_t qcamera::QCameraParameters::initDefaultParameters(): supported fps rates: 5,6,7,8,9,10,11,12,13,14,15,16,17,18,19,20,21,22,23,24,25,26,27,28,29,30
D/QCameraParameters(  358): int32_t qcamera::QCameraParameters::AddSetParmEntryToBatch(void*, cam_intf_parm_type_t, uint32_t, void*): num_entry: 2, paramType: 30, paramLength: 4, aligned_size_req: 20
D/QCameraParameters(  358): int32_t qcamera::QCameraParameters::AddSetParmEntryToBatch(void*, cam_intf_parm_type_t, uint32_t, void*): num_entry: 3, paramType: 28, paramLength: 60, aligned_size_req: 76
D/QCameraParameters(  358): int32_t qcamera::QCameraParameters::AddSetParmEntryToBatch(void*, cam_intf_parm_type_t, uint32_t, void*): num_entry: 4, paramType: 20, paramLength: 4, aligned_size_req: 20
D/QCameraParameters(  358): int32_t qcamera::QCameraParameters::AddSetParmEntryToBatch(void*, cam_intf_parm_type_t, uint32_t, void*): num_entry: 5, paramType: 18, paramLength: 4, aligned_size_req: 20
D/QCameraParameters(  358): int32_t qcamera::QCameraParameters::AddSetParmEntryToBatch(void*, cam_intf_parm_type_t, uint32_t, void*): num_entry: 6, paramType: 19, paramLength: 4, aligned_size_req: 20
D/QCameraParameters(  358): int32_t qcamera::QCameraParameters::AddSetParmEntryToBatch(void*, cam_intf_parm_type_t, uint32_t, void*): num_entry: 7, paramType: 31, paramLength: 4, aligned_size_req: 20
D/QCameraParameters(  358): int32_t qcamera::QCameraParameters::AddSetParmEntryToBatch(void*, cam_intf_parm_type_t, uint32_t, void*): num_entry: 8, paramType: 21, paramLength: 4, aligned_size_req: 20
D/QCameraParameters(  358): int32_t qcamera::QCameraParameters::AddSetParmEntryToBatch(void*, cam_intf_parm_type_t, uint32_t, void*): num_entry: 9, paramType: 26, paramLength: 4, aligned_size_req: 20
D/QCameraParameters(  358): int32_t qcamera::QCameraParameters::AddSetParmEntryToBatch(void*, cam_intf_parm_type_t, uint32_t, void*): num_entry: 10, paramType: 2, paramLength: 4, aligned_size_req: 20
D/QCameraParameters(  358): int32_t qcamera::QCameraParameters::AddSetParmEntryToBatch(void*, cam_intf_parm_type_t, uint32_t, void*): num_entry: 11, paramType: 1, paramLength: 4, aligned_size_req: 20
D/QCameraParameters(  358): int32_t qcamera::QCameraParameters::AddSetParmEntryToBatch(void*, cam_intf_parm_type_t, uint32_t, void*): num_entry: 12, paramType: 7, paramLength: 4, aligned_size_req: 20
D/QCameraParameters(  358): int32_t qcamera::QCameraParameters::AddSetParmEntryToBatch(void*, cam_intf_parm_type_t, uint32_t, void*): num_entry: 13, paramType: 6, paramLength: 4, aligned_size_req: 20
E/QCameraParameters(  358): int32_t qcamera::QCameraParameters::initDefaultParameters(): supported flash modes cnt is 0!!!
D/QCameraParameters(  358): int32_t qcamera::QCameraParameters::AddSetParmEntryToBatch(void*, cam_intf_parm_type_t, uint32_t, void*): num_entry: 14, paramType: 8, paramLength: 4, aligned_size_req: 20
D/QCameraParameters(  358): int32_t qcamera::QCameraParameters::AddSetParmEntryToBatch(void*, cam_intf_parm_type_t, uint32_t, void*): num_entry: 15, paramType: 22, paramLength: 4, aligned_size_req: 20
D/QCameraParameters(  358): int32_t qcamera::QCameraParameters::AddSetParmEntryToBatch(void*, cam_intf_parm_type_t, uint32_t, void*): num_entry: 16, paramType: 35, paramLength: 4, aligned_size_req: 20
D/QCameraParameters(  358): int32_t qcamera::QCameraParameters::AddSetParmEntryToBatch(void*, cam_intf_parm_type_t, uint32_t, void*): num_entry: 17, paramType: 27, paramLength: 4, aligned_size_req: 20
D/QCameraParameters(  358): int32_t qcamera::QCameraParameters::AddSetParmEntryToBatch(void*, cam_intf_parm_type_t, uint32_t, void*): num_entry: 18, paramType: 23, paramLength: 4, aligned_size_req: 20
D/QCameraParameters(  358): int32_t qcamera::QCameraParameters::setAEBracket(const char*), EXP_BRACKETING_OFF
E/QCameraParameters(  358): int32_t qcamera::QCameraParameters::enableFlash(bool, bool):Wrong saved led mode
D/QCameraParameters(  358): int32_t qcamera::QCameraParameters::AddSetParmEntryToBatch(void*, cam_intf_parm_type_t, uint32_t, void*): num_entry: 19, paramType: 37, paramLength: 16, aligned_size_req: 32
D/QCameraParameters(  358): int32_t qcamera::QCameraParameters::initDefaultParameters(): Supported WNR:ON/OFF default:ON
D/QCameraParameters(  358): int32_t qcamera::QCameraParameters::AddSetParmEntryToBatch(void*, cam_intf_parm_type_t, uint32_t, void*): num_entry: 20, paramType: 65, paramLength: 4, aligned_size_req: 20
D/QCameraParameters(  358): int32_t qcamera::QCameraParameters::initDefaultParameters(): Supported TINTLESS:ON/OFF default:ON
E/QCameraParameters(  358): int32_t qcamera::QCameraParameters::setResetRoi(const char*): Setting reset-roi value to off (0)
D/QCameraParameters(  358): int32_t qcamera::QCameraParameters::setLA(const char*): Setting LA value on 1
D/QCameraParameters(  358): int32_t qcamera::QCameraParameters::AddSetParmEntryToBatch(void*, cam_intf_parm_type_t, uint32_t, void*): num_entry: 21, paramType: 153, paramLength: 4, aligned_size_req: 20
D/QCameraParameters(  358): int32_t qcamera::QCameraParameters::AddSetParmEntryToBatch(void*, cam_intf_parm_type_t, uint32_t, void*): num_entry: 22, paramType: 154, paramLength: 1, aligned_size_req: 20
D/QCameraParameters(  358): int32_t qcamera::QCameraParameters::AddSetParmEntryToBatch(void*, cam_intf_parm_type_t, uint32_t, void*): num_entry: 23, paramType: 155, paramLength: 4, aligned_size_req: 20
D/QCameraParameters(  358): int32_t qcamera::QCameraParameters::AddSetParmEntryToBatch(void*, cam_intf_parm_type_t, uint32_t, void*): num_entry: 24, paramType: 24, paramLength: 4, aligned_size_req: 20
D/QCameraParameters(  358): int32_t qcamera::QCameraParameters::AddSetParmEntryToBatch(void*, cam_intf_parm_type_t, uint32_t, void*): num_entry: 25, paramType: 34, paramLength: 4, aligned_size_req: 20
D/QCameraParameters(  358): int32_t qcamera::QCameraParameters::AddSetParmEntryToBatch(void*, cam_intf_parm_type_t, uint32_t, void*): num_entry: 26, paramType: 9, paramLength: 4, aligned_size_req: 20
D/QCameraParameters(  358): int32_t qcamera::QCameraParameters::AddSetParmEntryToBatch(void*, cam_intf_parm_type_t, uint32_t, void*): num_entry: 27, paramType: 36, paramLength: 4, aligned_size_req: 20
D/QCameraParameters(  358): int32_t qcamera::QCameraParameters::AddSetParmEntryToBatch(void*, cam_intf_parm_type_t, uint32_t, void*): num_entry: 28, paramType: 44, paramLength: 4, aligned_size_req: 20
D/QCameraParameters(  358): int32_t qcamera::QCameraParameters::AddSetParmEntryToBatch(void*, cam_intf_parm_type_t, uint32_t, void*): num_entry: 29, paramType: 3, paramLength: 4, aligned_size_req: 20
D/QCameraParameters(  358): int32_t qcamera::QCameraParameters::AddSetParmEntryToBatch(void*, cam_intf_parm_type_t, uint32_t, void*): num_entry: 30, paramType: 5, paramLength: 4, aligned_size_req: 20
D/QCameraParameters(  358): int32_t qcamera::QCameraParameters::commitSetBatch():waiting for commitSetBatch to complete
D/QCameraParameters(  358): int32_t qcamera::QCameraParameters::setNumOfSnapshot(): nBurstNum = 1, nExpnum = 1
I/Thermal-Lib(  358): Thermal-Lib-Client: Registraion successful for camera with handle:5
I/Thermal-Lib(  358): Thermal-Lib-Client: Registraion successful for camcorder with handle:6
I/QCameraHalWatchdog(  358): Stopped Watchdog Thread...
I/Thermal-Lib(  358): Thermal-Lib-Client: Registraion successful for camera with handle:7
I/Thermal-Lib(  358): Thermal-Lib-Client: Registraion successful for camcorder with handle:8
E/CameraBgProcService(  358): setHalCallback: ERROR: Callback not set
I/QCamera2HWI(  358): getParameters standard
I/QCameraHalWatchdog(  358): Starting Watchdog Thread...
D/QCameraParameters(  358): int32_t qcamera::QCameraParameters::initBatchUpdate(void*):Initializing batch parameter set
D/QCameraParameters(  358): updateFovParams: (1920x1080) is (63.599998/38.500000), (1920x1080) is (63.599998/38.500000)
D/QCameraParameters(  358): Param m_bNoDisplayMode = 0
D/QCameraParameters(  358): int32_t qcamera::QCameraParameters::setBrightness(const qcamera::QCameraParameters&): Brigtness not set by App 
D/QCameraParameters(  358): int32_t qcamera::QCameraParameters::setSharpness(const qcamera::QCameraParameters&): Sharpness not set by App 
D/QCameraParameters(  358): int32_t qcamera::QCameraParameters::setSaturation(const qcamera::QCameraParameters&): Saturation not set by App 
D/QCameraParameters(  358): int32_t qcamera::QCameraParameters::setContrast(const qcamera::QCameraParameters&): Contrast not set by App 
D/QCameraParameters(  358): int32_t qcamera::QCameraParameters::setSkinToneEnhancement(const qcamera::QCameraParameters&): Skintone enhancement not set by App 
D/QCameraParameters(  358): int32_t qcamera::QCameraParameters::AddSetParmEntryToBatch(void*, cam_intf_parm_type_t, uint32_t, void*): num_entry: 1, paramType: 66, paramLength: 4, aligned_size_req: 20
D/QCameraParameters(  358): int32_t qcamera::QCameraParameters::setLA(const char*): Setting LA value off 0
D/QCameraParameters(  358): int32_t qcamera::QCameraParameters::AddSetParmEntryToBatch(void*, cam_intf_parm_type_t, uint32_t, void*): num_entry: 2, paramType: 153, paramLength: 4, aligned_size_req: 20
I/QCameraParameters(  358): int32_t qcamera::QCameraParameters::setLiveSnapshotSize(const qcamera::QCameraParameters&): live snapshot size 1920 x 1080
D/QCameraParameters(  358): int32_t qcamera::QCameraParameters::AddSetParmEntryToBatch(void*, cam_intf_parm_type_t, uint32_t, void*): num_entry: 3, paramType: 134, paramLength: 4, aligned_size_req: 20
D/QCameraParameters(  358): int32_t qcamera::QCameraParameters::setAFBracket(const qcamera::QCameraParameters&): AF Bracketing is not supported
D/QCameraParameters(  358): int32_t qcamera::QCameraParameters::setChromaFlash(const qcamera::QCameraParameters&): Chroma Flash is not supported
D/QCameraParameters(  358): int32_t qcamera::QCameraParameters::setOptiZoom(const qcamera::QCameraParameters&): Opti Zoom is not supported
D/QCameraParameters(  358): int32_t qcamera::QCameraParameters::commitSetBatch():waiting for commitSetBatch to complete
D/QCameraParameters(  358): int32_t qcamera::QCameraParameters::setNumOfSnapshot(): nBurstNum = 1, nExpnum = 1
I/QCameraHalWatchdog(  358): Stopped Watchdog Thread...
I/QCamera2HWI(  358): getParameters standard
I/QCamera2HWI(  358): getParameters standard
I/QCamera2HWI(  358): getParameters standard
I/QCameraHalWatchdog(  358): Starting Watchdog Thread...
I/QCameraHalWatchdog(  358): Stopped Watchdog Thread...
I/QCameraHalWatchdog(  358): Starting Watchdog Thread...
E/QCamera2HWI(  358): [KPI Perf] static int qcamera::QCamera2HardwareInterface::start_preview(camera_device*): E PROFILE_START_PREVIEW
E/QCamera2HWI(  358): preparePreview: MotVisionFwAl invalid resolution width=320 height=240
E/QCameraHWI_Mem(  358): int qcamera::QCameraMemory::alloc(int, int, int) : No memory pool available
D/QCameraHWI_Mem(  358): static int qcamera::QCameraMemory::allocOneBuffer(qcamera::QCameraMemory::QCameraMemInfo&, int, int, bool) : ION buffer 0x1 with size 1060 allocated
D/QCamera2HWI(  358): uint8_t qcamera::QCamera2HardwareInterface::getBufNumRequired(cam_stream_type_t): Allocating 9 buffers for streamtype 7
D/QCamera2HWI(  358): uint8_t qcamera::QCamera2HardwareInterface::getBufNumRequired(cam_stream_type_t): Allocating 9 buffers for streamtype 7
E/mm-camera(  380): mct_pipeline_add_stream_to_linked_streams: linked streams: 0x80
E/mm-camera(  380): mct_stream_start_link: Starting meta stream linking: do nothing 
E/mm-camera-intf(  358): mm_stream_get_v4l2_fmt: Unknown fmt=78
E/QCameraHWI_Mem(  358): int qcamera::QCameraMemory::alloc(int, int, int) : No memory pool available
D/QCameraHWI_Mem(  358): static int qcamera::QCameraMemory::allocOneBuffer(qcamera::QCameraMemory::QCameraMemInfo&, int, int, bool) : ION buffer 0x1 with size 1060 allocated
D/QCamera2HWI(  358): uint8_t qcamera::QCamera2HardwareInterface::getBufNumRequired(cam_stream_type_t): Allocating 10 buffers for streamtype 1
D/QCamera2HWI(  358): uint8_t qcamera::QCamera2HardwareInterface::getBufNumRequired(cam_stream_type_t): Allocating 10 buffers for streamtype 1
E/mm-camera(  380): mct_pipeline_add_stream_to_linked_streams: linked streams: 0x82
E/mm-camera(  380): mct_stream_start_link: Starting preview/postview stream linking 
E/mm-camera-sensor(  380): port_sensor_caps_reserve:129 ide 20002 stream type 1 w*h 320*240
E/mm-camera(  380): isp_hw_find_primary_cid:310 error cannot find primary sensor format
E/mm-camera-sensor(  380): port_sensor_ext_link_func:198 ide 20002
E/mm-camera(  380): isp_util_find_matched_existing_src_port#171: X
E/mm-camera(  380): c2d_port_check_caps_reserve:77, identity=0x20002
E/mm-camera(  380): c2d_port_check_caps_reserve:143, identity=0x20002, reserved
E/mm-camera(  380): c2d_module_notify_add_stream:1158, info: success, identity=0x20002
E/mm-camera(  380): c2d_port_check_caps_reserve:77, identity=0x20002
E/mm-camera(  380): c2d_port_check_caps_reserve:143, identity=0x20002, reserved
D/SensorListener(  380): void android::SensorListener::enableSensor(android::SensorListener::sensor_type_t): SensorEventQueue enableSensor(TYPE_DISPLAY_ROTATE)
D/SensorListener(  380): int android::sensor_events_listener(int, int, void*): SensorEventQueue TYPE_DISPLAY_ROTATE read(vector.x=-1), orient=0
E/mm-camera(  380): module_faceproc_client_create:1036] Face proc feature mask e 0
E/mm-camera(  380): mct_pipeline_send_ctrl_events: Send Set Parm events
V/AlarmManager(  908): send {3d341b2e, *alarm*:android.intent.action.TIME_TICK}
I/BackupManagerService(  908): Binding to transport host ComponentInfo{com.google.android.gms/com.google.android.gms.backup.BackupTransportService}
E/mm-camera(  380): isp_util_set_la: vfe not started yet
W/libprocessgroup(  908): failed to open /acct/uid_10027/pid_4007/cgroup.procs: No such file or directory
E/QCameraHWI_Mem(  358): int qcamera::QCameraMemory::alloc(int, int, int) : No memory pool available
D/QCameraHWI_Mem(  358): static int qcamera::QCameraMemory::allocOneBuffer(qcamera::QCameraMemory::QCameraMemInfo&, int, int, bool) : ION buffer 0x1 with size 1060 allocated
D/QCamera2HWI(  358): uint8_t qcamera::QCamera2HardwareInterface::getBufNumRequired(cam_stream_type_t): Allocating 5 buffers for streamtype 3
D/QCamera2HWI(  358): uint8_t qcamera::QCamera2HardwareInterface::getBufNumRequired(cam_stream_type_t): Allocating 5 buffers for streamtype 3
E/mm-camera(  380): mct_pipeline_add_stream_to_linked_streams: linked streams: 0x8a
E/mm-camera(  380): mct_stream_start_link: Starting snapshot stream linking 
E/mm-camera(  380): mct_stream_start_link: ZSL snapshot
E/mm-camera-sensor(  380): port_sensor_caps_reserve:129 ide 20003 stream type 3 w*h 1920*1080
E/mm-camera(  380): isp_hw_find_primary_cid:310 error cannot find primary sensor format
E/mm-camera-sensor(  380): port_sensor_ext_link_func:198 ide 20003
D/QCamera2HWI(  358): int qcamera::QCamera2HardwareInterface::startPreview(): E
E/mm-camera-sensor(  380): sensor_util_assign_bundle_id:243 bundle_id=1024, num_streams=2
E/mm-camera-sensor(  380): sensor_util_assign_bundle_id:246 bundle stream id 2
E/mm-camera-sensor(  380): sensor_util_assign_bundle_id:246 bundle stream id 3
E/mm-camera(  380): module_drsd_port_event_func:605] Invalid type for reprocess  
E/mm-camera(  380): module_faceproc_port_event_func:541] Invalid type for reprocess 20002 20002
E/mm-camera-sensor(  380): sensor_util_assign_bundle_id:243 bundle_id=1024, num_streams=2
E/mm-camera-sensor(  380): sensor_util_assign_bundle_id:246 bundle stream id 2
E/mm-camera-sensor(  380): sensor_util_assign_bundle_id:246 bundle stream id 3
E/QCameraHWI_Mem(  358): int qcamera::QCameraMemoryPool::allocateBuffer(qcamera::QCameraMemory::QCameraMemInfo&, int, int, bool, cam_stream_type_t) : Buffer not found!
D/QCameraHWI_Mem(  358): static int qcamera::QCameraMemory::allocOneBuffer(qcamera::QCameraMemory::QCameraMemInfo&, int, int, bool) : ION buffer 0x1 with size 283776 allocated
E/QCameraHWI_Mem(  358): int qcamera::QCameraMemoryPool::allocateBuffer(qcamera::QCameraMemory::QCameraMemInfo&, int, int, bool, cam_stream_type_t) : Buffer not found!
D/QCameraHWI_Mem(  358): static int qcamera::QCameraMemory::allocOneBuffer(qcamera::QCameraMemory::QCameraMemInfo&, int, int, bool) : ION buffer 0x1 with size 283776 allocated
E/QCameraHWI_Mem(  358): int qcamera::QCameraMemoryPool::allocateBuffer(qcamera::QCameraMemory::QCameraMemInfo&, int, int, bool, cam_stream_type_t) : Buffer not found!
D/QCameraHWI_Mem(  358): static int qcamera::QCameraMemory::allocOneBuffer(qcamera::QCameraMemory::QCameraMemInfo&, int, int, bool) : ION buffer 0x1 with size 283776 allocated
E/QCameraHWI_Mem(  358): int qcamera::QCameraMemoryPool::allocateBuffer(qcamera::QCameraMemory::QCameraMemInfo&, int, int, bool, cam_stream_type_t) : Buffer not found!
D/QCameraHWI_Mem(  358): static int qcamera::QCameraMemory::allocOneBuffer(qcamera::QCameraMemory::QCameraMemInfo&, int, int, bool) : ION buffer 0x1 with size 283776 allocated
E/QCameraHWI_Mem(  358): int qcamera::QCameraMemoryPool::allocateBuffer(qcamera::QCameraMemory::QCameraMemInfo&, int, int, bool, cam_stream_type_t) : Buffer not found!
D/QCameraHWI_Mem(  358): static int qcamera::QCameraMemory::allocOneBuffer(qcamera::QCameraMemory::QCameraMemInfo&, int, int, bool) : ION buffer 0x1 with size 283776 allocated
E/QCameraHWI_Mem(  358): int qcamera::QCameraMemoryPool::allocateBuffer(qcamera::QCameraMemory::QCameraMemInfo&, int, int, bool, cam_stream_type_t) : Buffer not found!
