I/SBar.MotoNetworkCtrlr( 1363): notifySignalsChangedCallbacks[0]: isEmergencyOnly( 0 )=true mobileEnabled=false sim=0x7f020285=zz_moto_ic_qs_signal_no_sim_wide="( empty )" signal=0x7f02027f=zz_moto_ic_qs_signal_no_signal_of_4_wide="" roaming=0x00000000=( none )=""
I/SBar.MotoNetworkCtrlr( 1363):  type=0x00000000=( none )="没有数据网络信号。" activity=0x00000000=( none )="( empty )" in=false out=false
I/SBar.MotoNetworkCtrlr( 1363):  phone=1="1" network="只能拨打紧急呼救电话"
I/SBar.MotoNetworkCtrlr( 1363): notifySignalsChangedCallbacks[0]: mWifiEnabled=true mWifiConnected=true mWifiEnabled=true
I/SBar.MotoNetworkCtrlr( 1363):  wifiSignal=0x7f0200a0=ic_qs_wifi_full_1="WLAN 信号强度为一格。"=""IPADS""
I/SBar.MotoNetworkCtrlr( 1363):  activity=0x7f0202d2=zz_moto_ic_qs_wifi_out_wide="(empty)" in=false out=false
I/SBar.MotoNetworkCtrlr( 1363): notifySignalsChangedCallbacks[0]: isEmergencyOnly( 0 )=true mobileEnabled=false sim=0x7f020285=zz_moto_ic_qs_signal_no_sim_wide="( empty )" signal=0x7f02027f=zz_moto_ic_qs_signal_no_signal_of_4_wide="" roaming=0x00000000=( none )=""
I/SBar.MotoNetworkCtrlr( 1363):  type=0x00000000=( none )="没有数据网络信号。" activity=0x00000000=( none )="( empty )" in=false out=false
I/SBar.MotoNetworkCtrlr( 1363):  phone=1="1" network="只能拨打紧急呼救电话"
I/SBar.MotoNetworkCtrlr( 1363): refreshSignalCluster[0]: wifi: mWifiConnected=true Wifi=0x7f02012c=stat_sys_wifi_signal_1_fully Activity=0x7f020464=zz_moto_stat_sys_wifi_out_wide Accessibility="WLAN 信号强度为一格。"
I/SBar.MotoNetworkCtrlr( 1363): onReceive: WifiManager.RSSI_CHANGED_ACTION Received
I/SBar.MotoNetworkCtrlr( 1363): updateWifiState: RSSI_CHANGED_ACTION: mWifiConnected=true mWifiLevel=1 mWifiRssi=-78
I/SBar.MotoNetworkCtrlr( 1363): updateTelephonySignalStrength[0]:  No service
I/SBar.MotoNetworkCtrlr( 1363): updateDataIcon[0]: mCurrentDataSubId=-1000 maps to: dataPhoneId:0 ( SubscriptionManager.getPhoneId returned -1000=0xfffffc18 )
I/SBar.MotoNetworkCtrlr( 1363): refreshViews[0]: mCurrentDataSubId=-1000 maps to: dataPhoneId:0 ( SubscriptionManager.getPhoneId returned -1000=0xfffffc18 )
I/SBar.MotoNetworkCtrlr( 1363): notifySignalsChangedCallbacks[0]: mWifiEnabled=true mWifiConnected=true mWifiEnabled=true
I/SBar.MotoNetworkCtrlr( 1363):  wifiSignal=0x7f0200a0=ic_qs_wifi_full_1="WLAN 信号强度为一格。"=""IPADS""
I/SBar.MotoNetworkCtrlr( 1363):  activity=0x7f0202d2=zz_moto_ic_qs_wifi_out_wide="(empty)" in=false out=false
I/SBar.MotoNetworkCtrlr( 1363): notifySignalsChangedCallbacks[0]: isEmergencyOnly( 0 )=true mobileEnabled=false sim=0x7f020285=zz_moto_ic_qs_signal_no_sim_wide="( empty )" signal=0x7f02027f=zz_moto_ic_qs_signal_no_signal_of_4_wide="" roaming=0x00000000=( none )=""
I/SBar.MotoNetworkCtrlr( 1363):  type=0x00000000=( none )="没有数据网络信号。" activity=0x00000000=( none )="( empty )" in=false out=false
I/SBar.MotoNetworkCtrlr( 1363):  phone=1="1" network="只能拨打紧急呼救电话"
I/SBar.MotoNetworkCtrlr( 1363): notifySignalsChangedCallbacks[0]: mWifiEnabled=true mWifiConnected=true mWifiEnabled=true
I/SBar.MotoNetworkCtrlr( 1363):  wifiSignal=0x7f0200a0=ic_qs_wifi_full_1="WLAN 信号强度为一格。"=""IPADS""
I/SBar.MotoNetworkCtrlr( 1363):  activity=0x7f0202d2=zz_moto_ic_qs_wifi_out_wide="(empty)" in=false out=false
I/SBar.MotoNetworkCtrlr( 1363): notifySignalsChangedCallbacks[0]: isEmergencyOnly( 0 )=true mobileEnabled=false sim=0x7f020285=zz_moto_ic_qs_signal_no_sim_wide="( empty )" signal=0x7f02027f=zz_moto_ic_qs_signal_no_signal_of_4_wide="" roaming=0x00000000=( none )=""
I/SBar.MotoNetworkCtrlr( 1363):  type=0x00000000=( none )="没有数据网络信号。" activity=0x00000000=( none )="( empty )" in=false out=false
I/SBar.MotoNetworkCtrlr( 1363):  phone=1="1" network="只能拨打紧急呼救电话"
I/ThermalEngine(  366): Sensor:chg_therm:28000 mC
E/UpdateRequestReceiver( 3419): ignoring update request
E/UpdateRequestReceiver( 3419): ignoring update request
E/UpdateRequestReceiver( 3419): ignoring update request
E/UpdateRequestReceiver( 3419): ignoring update request
E/UpdateRequestReceiver( 3419): ignoring update request
E/UpdateRequestReceiver( 3419): ignoring update request
V/MD_QuickDrawLib( 1495): nativePassBuffer() buffer_id=11 x=0 y=0 
V/MD_QuickDrawLib( 1495): nativePassBuffer()  bitmap w:120 h:168
V/MD_QuickDrawLib( 1495): allocateIonBuffer() id=11 x=0 y=0 width=120 height=168
V/MD_QuickDrawLib( 1495): allocateIonBuffer() ION page_size:4096 bufferSize:40960
V/MD_QuickDrawLib( 1495): openFrameBufferDevice() display driver = 1
V/MD_QuickDrawLib( 1495): openFrameBufferDevice() opening /dev/fb_quickdraw
V/MD_QuickDrawLib( 1495): openFrameBufferDevice() sensorHubtype = 1 fd=67
V/MD_QuickDrawLib( 1495): allocateIonBuffer()  FB_QUICKDRAW_ADD_BUFFER (request:1075605762) for 11
V/MD_QuickDrawLib( 1495): allocateIonBuffer() Success. Returning valid ionMemBuff 
V/MD_QuickDrawLib( 1495): openFrameBufferDevice() display driver = 1
V/MD_QuickDrawLib( 1495): openFrameBufferDevice() opening /dev/fb_quickdraw
V/MD_QuickDrawLib( 1495): openFrameBufferDevice() sensorHubtype = 1 fd=65
V/MD_QuickDrawLib( 1495): nativePassBuffer() FB_QUICKDRAW_LOCK_BUFFER (request:1074032900) for 11
V/MD_QuickDrawLib( 1495): nativePassBuffer() FB_QUICKDRAW_UNLOCK_BUFFER (request:1074032901) for 11
V/MD_QuickDrawLib( 1495): nativePassBuffer() buffer_id=12 x=0 y=0 
V/MD_QuickDrawLib( 1495): nativePassBuffer()  bitmap w:120 h:168
V/MD_QuickDrawLib( 1495): allocateIonBuffer() id=12 x=0 y=0 width=120 height=168
V/MD_QuickDrawLib( 1495): allocateIonBuffer() ION page_size:4096 bufferSize:40960
V/MD_QuickDrawLib( 1495): openFrameBufferDevice() display driver = 1
V/MD_QuickDrawLib( 1495): openFrameBufferDevice() opening /dev/fb_quickdraw
V/MD_QuickDrawLib( 1495): openFrameBufferDevice() sensorHubtype = 1 fd=68
V/MD_QuickDrawLib( 1495): allocateIonBuffer()  FB_QUICKDRAW_ADD_BUFFER (request:1075605762) for 12
V/MD_QuickDrawLib( 1495): allocateIonBuffer() Success. Returning valid ionMemBuff 
V/MD_QuickDrawLib( 1495): openFrameBufferDevice() display driver = 1
V/MD_QuickDrawLib( 1495): openFrameBufferDevice() opening /dev/fb_quickdraw
V/MD_QuickDrawLib( 1495): openFrameBufferDevice() sensorHubtype = 1 fd=65
V/MD_QuickDrawLib( 1495): nativePassBuffer() FB_QUICKDRAW_LOCK_BUFFER (request:1074032900) for 12
V/MD_QuickDrawLib( 1495): nativePassBuffer() FB_QUICKDRAW_UNLOCK_BUFFER (request:1074032901) for 12
V/MD_QuickDrawLib( 1495): nativePassBuffer() buffer_id=13 x=0 y=0 
V/MD_QuickDrawLib( 1495): nativePassBuffer()  bitmap w:120 h:168
V/MD_QuickDrawLib( 1495): allocateIonBuffer() id=13 x=0 y=0 width=120 height=168
V/MD_QuickDrawLib( 1495): allocateIonBuffer() ION page_size:4096 bufferSize:40960
V/MD_QuickDrawLib( 1495): openFrameBufferDevice() display driver = 1
V/MD_QuickDrawLib( 1495): openFrameBufferDevice() opening /dev/fb_quickdraw
V/MD_QuickDrawLib( 1495): openFrameBufferDevice() sensorHubtype = 1 fd=69
V/MD_QuickDrawLib( 1495): allocateIonBuffer()  FB_QUICKDRAW_ADD_BUFFER (request:1075605762) for 13
V/MD_QuickDrawLib( 1495): allocateIonBuffer() Success. Returning valid ionMemBuff 
V/MD_QuickDrawLib( 1495): openFrameBufferDevice() display driver = 1
V/MD_QuickDrawLib( 1495): openFrameBufferDevice() opening /dev/fb_quickdraw
V/MD_QuickDrawLib( 1495): openFrameBufferDevice() sensorHubtype = 1 fd=65
V/MD_QuickDrawLib( 1495): nativePassBuffer() FB_QUICKDRAW_LOCK_BUFFER (request:1074032900) for 13
V/MD_QuickDrawLib( 1495): nativePassBuffer() FB_QUICKDRAW_UNLOCK_BUFFER (request:1074032901) for 13
V/MD_QuickDrawLib( 1495): nativePassBuffer() buffer_id=14 x=0 y=0 
V/MD_QuickDrawLib( 1495): nativePassBuffer()  bitmap w:120 h:168
V/MD_QuickDrawLib( 1495): allocateIonBuffer() id=14 x=0 y=0 width=120 height=168
V/MD_QuickDrawLib( 1495): allocateIonBuffer() ION page_size:4096 bufferSize:40960
V/MD_QuickDrawLib( 1495): openFrameBufferDevice() display driver = 1
V/MD_QuickDrawLib( 1495): openFrameBufferDevice() opening /dev/fb_quickdraw
V/MD_QuickDrawLib( 1495): openFrameBufferDevice() sensorHubtype = 1 fd=71
V/MD_QuickDrawLib( 1495): allocateIonBuffer()  FB_QUICKDRAW_ADD_BUFFER (request:1075605762) for 14
V/MD_QuickDrawLib( 1495): allocateIonBuffer() Success. Returning valid ionMemBuff 
V/MD_QuickDrawLib( 1495): openFrameBufferDevice() display driver = 1
V/MD_QuickDrawLib( 1495): openFrameBufferDevice() opening /dev/fb_quickdraw
V/MD_QuickDrawLib( 1495): openFrameBufferDevice() sensorHubtype = 1 fd=65
V/MD_QuickDrawLib( 1495): nativePassBuffer() FB_QUICKDRAW_LOCK_BUFFER (request:1074032900) for 14
V/MD_QuickDrawLib( 1495): nativePassBuffer() FB_QUICKDRAW_UNLOCK_BUFFER (request:1074032901) for 14
V/MD_QuickDrawLib( 1495): nativePassBuffer() buffer_id=15 x=0 y=0 
V/MD_QuickDrawLib( 1495): nativePassBuffer()  bitmap w:120 h:168
V/MD_QuickDrawLib( 1495): allocateIonBuffer() id=15 x=0 y=0 width=120 height=168
V/MD_QuickDrawLib( 1495): allocateIonBuffer() ION page_size:4096 bufferSize:40960
V/MD_QuickDrawLib( 1495): openFrameBufferDevice() display driver = 1
V/MD_QuickDrawLib( 1495): openFrameBufferDevice() opening /dev/fb_quickdraw
V/MD_QuickDrawLib( 1495): openFrameBufferDevice() sensorHubtype = 1 fd=71
V/MD_QuickDrawLib( 1495): allocateIonBuffer()  FB_QUICKDRAW_ADD_BUFFER (request:1075605762) for 15
V/MD_QuickDrawLib( 1495): allocateIonBuffer() Success. Returning valid ionMemBuff 
V/MD_QuickDrawLib( 1495): openFrameBufferDevice() display driver = 1
V/MD_QuickDrawLib( 1495): openFrameBufferDevice() opening /dev/fb_quickdraw
V/MD_QuickDrawLib( 1495): openFrameBufferDevice() sensorHubtype = 1 fd=65
V/MD_QuickDrawLib( 1495): nativePassBuffer() FB_QUICKDRAW_LOCK_BUFFER (request:1074032900) for 15
V/MD_QuickDrawLib( 1495): nativePassBuffer() FB_QUICKDRAW_UNLOCK_BUFFER (request:1074032901) for 15
V/MD_QuickDrawLib( 1495): nativePassBuffer() buffer_id=16 x=0 y=0 
V/MD_QuickDrawLib( 1495): ENTER nativeEnableBreathing(false)
V/MD_QuickDrawLib( 1495): nativePassBuffer()  bitmap w:120 h:168
V/MD_QuickDrawLib( 1495): allocateIonBuffer() id=16 x=0 y=0 width=120 height=168
V/MD_QuickDrawLib( 1495): allocateIonBuffer() ION page_size:4096 bufferSize:40960
V/MD_QuickDrawLib( 1495): openFrameBufferDevice() display driver = 1
V/MD_QuickDrawLib( 1495): openFrameBufferDevice() opening /dev/fb_quickdraw
V/MD_QuickDrawLib( 1495): openFrameBufferDevice() sensorHubtype = 1 fd=73
V/MD_QuickDrawLib( 1495): allocateIonBuffer()  FB_QUICKDRAW_ADD_BUFFER (request:1075605762) for 16
V/MD_QuickDrawLib( 1495): allocateIonBuffer() Success. Returning valid ionMemBuff 
V/MD_QuickDrawLib( 1495): openFrameBufferDevice() display driver = 1
V/MD_QuickDrawLib( 1495): openFrameBufferDevice() opening /dev/fb_quickdraw
V/MD_QuickDrawLib( 1495): openFrameBufferDevice() sensorHubtype = 1 fd=65
V/MD_QuickDrawLib( 1495): nativePassBuffer() FB_QUICKDRAW_LOCK_BUFFER (request:1074032900) for 16
V/MD_QuickDrawLib( 1495): nativePassBuffer() FB_QUICKDRAW_UNLOCK_BUFFER (request:1074032901) for 16
V/MD_QuickDrawLib( 1495): nativePassBuffer() buffer_id=17 x=0 y=0 
V/MD_QuickDrawLib( 1495): nativePassBuffer()  bitmap w:120 h:168
V/MD_QuickDrawLib( 1495): allocateIonBuffer() id=17 x=0 y=0 width=120 height=168
V/MD_QuickDrawLib( 1495): allocateIonBuffer() ION page_size:4096 bufferSize:40960
V/MD_QuickDrawLib( 1495): openFrameBufferDevice() display driver = 1
V/MD_QuickDrawLib( 1495): openFrameBufferDevice() opening /dev/fb_quickdraw
V/MD_QuickDrawLib( 1495): openFrameBufferDevice() sensorHubtype = 1 fd=73
V/MD_QuickDrawLib( 1495): allocateIonBuffer()  FB_QUICKDRAW_ADD_BUFFER (request:1075605762) for 17
V/MD_QuickDrawLib( 1495): allocateIonBuffer() Success. Returning valid ionMemBuff 
V/MD_QuickDrawLib( 1495): openFrameBufferDevice() display driver = 1
V/MD_QuickDrawLib( 1495): openFrameBufferDevice() opening /dev/fb_quickdraw
V/MD_QuickDrawLib( 1495): openFrameBufferDevice() sensorHubtype = 1 fd=65
V/MD_QuickDrawLib( 1495): nativePassBuffer() FB_QUICKDRAW_LOCK_BUFFER (request:1074032900) for 17
V/MD_QuickDrawLib( 1495): nativePassBuffer() FB_QUICKDRAW_UNLOCK_BUFFER (request:1074032901) for 17
V/MD_QuickDrawLib( 1495): nativePassBuffer() buffer_id=18 x=0 y=0 
V/MD_QuickDrawLib( 1495): nativePassBuffer()  bitmap w:120 h:168
V/MD_QuickDrawLib( 1495): allocateIonBuffer() id=18 x=0 y=0 width=120 height=168
V/MD_QuickDrawLib( 1495): allocateIonBuffer() ION page_size:4096 bufferSize:40960
V/MD_QuickDrawLib( 1495): openFrameBufferDevice() display driver = 1
V/MD_QuickDrawLib( 1495): openFrameBufferDevice() opening /dev/fb_quickdraw
V/MD_QuickDrawLib( 1495): openFrameBufferDevice() sensorHubtype = 1 fd=74
V/MD_QuickDrawLib( 1495): allocateIonBuffer()  FB_QUICKDRAW_ADD_BUFFER (request:1075605762) for 18
V/MD_QuickDrawLib( 1495): allocateIonBuffer() Success. Returning valid ionMemBuff 
V/MD_QuickDrawLib( 1495): openFrameBufferDevice() display driver = 1
V/MD_QuickDrawLib( 1495): openFrameBufferDevice() opening /dev/fb_quickdraw
V/MD_QuickDrawLib( 1495): openFrameBufferDevice() sensorHubtype = 1 fd=65
V/MD_QuickDrawLib( 1495): nativePassBuffer() FB_QUICKDRAW_LOCK_BUFFER (request:1074032900) for 18
V/MD_QuickDrawLib( 1495): nativePassBuffer() FB_QUICKDRAW_UNLOCK_BUFFER (request:1074032901) for 18
V/MD_QuickDrawLib( 1495): nativePassBuffer() buffer_id=19 x=0 y=0 
V/MD_QuickDrawLib( 1495): nativePassBuffer()  bitmap w:120 h:168
V/MD_QuickDrawLib( 1495): allocateIonBuffer() id=19 x=0 y=0 width=120 height=168
V/MD_QuickDrawLib( 1495): allocateIonBuffer() ION page_size:4096 bufferSize:40960
V/MD_QuickDrawLib( 1495): openFrameBufferDevice() display driver = 1
V/MD_QuickDrawLib( 1495): openFrameBufferDevice() opening /dev/fb_quickdraw
V/MD_QuickDrawLib( 1495): openFrameBufferDevice() sensorHubtype = 1 fd=75
V/MD_QuickDrawLib( 1495): allocateIonBuffer()  FB_QUICKDRAW_ADD_BUFFER (request:1075605762) for 19
V/MD_QuickDrawLib( 1495): allocateIonBuffer() Success. Returning valid ionMemBuff 
V/MD_QuickDrawLib( 1495): openFrameBufferDevice() display driver = 1
V/MD_QuickDrawLib( 1495): openFrameBufferDevice() opening /dev/fb_quickdraw
V/MD_QuickDrawLib( 1495): openFrameBufferDevice() sensorHubtype = 1 fd=65
V/MD_QuickDrawLib( 1495): nativePassBuffer() FB_QUICKDRAW_LOCK_BUFFER (request:1074032900) for 19
V/MD_QuickDrawLib( 1495): nativePassBuffer() FB_QUICKDRAW_UNLOCK_BUFFER (request:1074032901) for 19
V/MD_QuickDrawLib( 1495): nativePassBuffer() buffer_id=20 x=0 y=0 
V/MD_QuickDrawLib( 1495): nativePassBuffer()  bitmap w:120 h:168
V/MD_QuickDrawLib( 1495): allocateIonBuffer() id=20 x=0 y=0 width=120 height=168
V/MD_QuickDrawLib( 1495): allocateIonBuffer() ION page_size:4096 bufferSize:40960
V/MD_QuickDrawLib( 1495): openFrameBufferDevice() display driver = 1
V/MD_QuickDrawLib( 1495): openFrameBufferDevice() opening /dev/fb_quickdraw
V/MD_QuickDrawLib( 1495): openFrameBufferDevice() sensorHubtype = 1 fd=76
V/MD_QuickDrawLib( 1495): allocateIonBuffer()  FB_QUICKDRAW_ADD_BUFFER (request:1075605762) for 20
V/MD_QuickDrawLib( 1495): allocateIonBuffer() Success. Returning valid ionMemBuff 
V/MD_QuickDrawLib( 1495): openFrameBufferDevice() display driver = 1
V/MD_QuickDrawLib( 1495): openFrameBufferDevice() opening /dev/fb_quickdraw
V/MD_QuickDrawLib( 1495): openFrameBufferDevice() sensorHubtype = 1 fd=65
V/MD_QuickDrawLib( 1495): nativePassBuffer() FB_QUICKDRAW_LOCK_BUFFER (request:1074032900) for 20
V/MD_QuickDrawLib( 1495): nativePassBuffer() FB_QUICKDRAW_UNLOCK_BUFFER (request:1074032901) for 20
V/MD_QuickDrawLib( 1495): nativePassBuffer() buffer_id=21 x=0 y=0 
V/MD_QuickDrawLib( 1495): nativePassBuffer()  bitmap w:32 h:168
V/MD_QuickDrawLib( 1495): allocateIonBuffer() id=21 x=0 y=0 width=32 height=168
V/MD_QuickDrawLib( 1495): allocateIonBuffer() ION page_size:4096 bufferSize:12288
V/MD_QuickDrawLib( 1495): openFrameBufferDevice() display driver = 1
V/MD_QuickDrawLib( 1495): openFrameBufferDevice() opening /dev/fb_quickdraw
V/MD_QuickDrawLib( 1495): openFrameBufferDevice() sensorHubtype = 1 fd=77
V/MD_QuickDrawLib( 1495): allocateIonBuffer()  FB_QUICKDRAW_ADD_BUFFER (request:1075605762) for 21
I/GoogleHttpClient( 2993): GMS http client unavailable, use old client
V/MD_QuickDrawLib( 1495): allocateIonBuffer() Success. Returning valid ionMemBuff 
V/MD_QuickDrawLib( 1495): openFrameBufferDevice() display driver = 1
V/MD_QuickDrawLib( 1495): openFrameBufferDevice() opening /dev/fb_quickdraw
V/MD_QuickDrawLib( 1495): openFrameBufferDevice() sensorHubtype = 1 fd=65
V/MD_QuickDrawLib( 1495): nativePassBuffer() FB_QUICKDRAW_LOCK_BUFFER (request:1074032900) for 21
V/MD_QuickDrawLib( 1495): nativePassBuffer() FB_QUICKDRAW_UNLOCK_BUFFER (request:1074032901) for 21
I/ActivityManager(  908): Start proc com.google.android.keep for broadcast com.google.android.keep/.notification.AlertReceiver: pid=3455 uid=10103 gids={50103, 9997, 3003, 1028, 1015} abi=armeabi-v7a
I/ActivityManager(  908): Killing 3051:com.motorola.MotGallery2/u0a33 (adj 15): empty #13
W/MDServiceQuick( 1495): verfiyPartialMode mMDInterface=null mIMDNL=null shConnected=false
W/libprocessgroup(  908): failed to open /acct/uid_10033/pid_3051/cgroup.procs: No such file or directory
W/MDServiceQuick( 1495): verfiyPartialMode mMDInterface=null mIMDNL=null shConnected=false
D/MDService( 1495): connected to MDInt
D/MDServiceQuick( 1495): onMDInterfaceConnected registering PartailDisplayService=com.motorola.motodisplay.qp.MDServiceQuick$PartialDisplayServer@3dd759eb with mMDInterface=com.motorola.motodisplay.env.aidl.IMDInterface$Stub$Proxy@28d91348
D/MD_SHInterfaceManager( 1495): bound to remote ISensorhubService...
I/ActivityManager(  908): Killing 3094:com.motorola.email/u0a38 (adj 15): empty #13
I/SFPerfTracer(  292):      triggers: (rate: 5:202) (compose: 0:1) (post: 0:2) (render: 0:3) (200:937 frames) (201:971)
D/SFPerfTracer(  292):        layers: (2:10) (FocusedStackFrame (0xb7671158): 0:5)* (com.android.launcher3/com.android.launcher3.Launcher (0xb7711bd0): 0:32)* ( (0xb7717c50): 0:6)* (StatusBar (0xb771a638): 201:519) (com.android.systemui.ImageWallpaper (0xb7726f20): 1:6) (Toast (0xb772d6d0): 2:3)* 
W/libprocessgroup(  908): failed to open /acct/uid_10038/pid_3094/cgroup.procs: No such file or directory
I/ActivityManager(  908): Killing 2964:com.android.mms/u0a29 (adj 15): empty #13
I/ActivityManager(  908): Killing 3130:com.motorola.android.provisioning/u0a41 (adj 15): empty #13
W/libprocessgroup(  908): failed to open /acct/uid_10029/pid_2964/cgroup.procs: No such file or directory
W/libprocessgroup(  908): failed to open /acct/uid_10041/pid_3130/cgroup.procs: No such file or directory
V/AlarmManager(  908): send {f67e77f, *walarm*:com.android.providers.calendar.intent.CalendarProvider2}
D/FileApkUtils( 2088): Spent 18ms computing apk sha1.
D/FileApkUtils( 2088): Module already staged or being staged:chimera-modules/MapsModule.apk
I/art     ( 2088): DexFile_isDexOptNeeded failed to open oat file '/data/dalvik-cache/arm/data@data@com.google.android.gms@app_chimera@chimera-module-root@module-71c764a6f3cb92bdc5525a965b589e7c5ed304f3@MapsModule.apk@classes.dex' for file location '/data/data/com.google.android.gms/app_chimera/chimera-module-root/module-71c764a6f3cb92bdc5525a965b589e7c5ed304f3/MapsModule.apk': Failed to open oat filename for reading: No such file or directory
D/DexOptUtils( 2088): Module /data/data/com.google.android.gms/app_chimera/chimera-module-root/module-71c764a6f3cb92bdc5525a965b589e7c5ed304f3/MapsModule.apk is already optimized. Bailing.
D/FileApkUtils( 2088): Keeping up-to-date module: module-71c764a6f3cb92bdc5525a965b589e7c5ed304f3
D/ChimeraCfgMgr( 2088): Reading stored module config
I/art     (  908): Explicit concurrent mark sweep GC freed 10684(542KB) AllocSpace objects, 4(64KB) LOS objects, 33% free, 28MB/43MB, paused 985us total 70.240ms
D/GmsModuleFndr( 2088): Beginning GMS chimera module scan
D/GmsModuleFndr( 2088): Module pkg com.google.android.apps.kids.kidsetup not installed, skipping
D/ChimeraCfgMgr( 2088): Beginning module configuration check
D/ChimeraCfgMgr( 2088): Module APKs unchanged, check complete
W/InstanceID/Rpc( 2088): Found 10090
I/ActivityManager(  908): Killing 3154:com.android.onetimeinitializer/u0a42 (adj 15): empty #13
W/libprocessgroup(  908): failed to open /acct/uid_10042/pid_3154/cgroup.procs: No such file or directory
D/GCM     ( 2088): COMPAT: Multi user not supported
V/GLSActivity( 1809): AuthDelegateWrapperCreated with selected intent: Intent { cmp=com.google.android.gms/.auth.DefaultAuthDelegateService }
V/GLSActivity( 1809): AuthDelegateWrapperCreated with selected intent: Intent { cmp=com.google.android.gms/.auth.DefaultAuthDelegateService }
I/GCoreUlr( 2088): Starting service, intent=Intent { act=com.google.android.location.reporting.ACTION_UPDATE_WORLD cmp=com.google.android.gms/com.google.android.location.reporting.service.DispatchingService (has extras) }, extras=Bundle[{receiverAction=android.intent.action.BOOT_COMPLETED}]
D/GCM     ( 1809): COMPAT: Multi user not supported
I/CheckinService( 2088): Checkin interval check for package: unspecified last checkin: 1449681910747 min interval config: 0 actual interval: 116139085
I/CheckinService( 2088): Disabling old GoogleServicesFramework version
D/ChimeraCfgMgr( 2088): Loading module com.google.android.gms.gass from APK com.google.android.gms
D/BootCompletedReceiver( 2088): Will schedule periodic tasks:android.intent.action.BOOT_COMPLETED.
D/BootCompletedReceiver( 2088): Got an BootCompleted event.
D/BootCompletedReceiver( 2088): Will NOT schedule AdAttestation signal task because it's disabled.
D/SystemUpdateService( 2088): onCreate
D/SystemUpdateService( 2088): onStartCommand: intent: Intent { cmp=com.google.android.gms/.update.SystemUpdateService (has extras) }
I/art     ( 2993): Explicit concurrent mark sweep GC freed 3130(135KB) AllocSpace objects, 0(0B) LOS objects, 39% free, 15MB/26MB, paused 890us total 24.344ms
I/CheckinService( 2088): Checking schedule, now: 1449798049887 next: 1450212367380
I/CheckinService( 2088): active receiver: disabled
V/AuthZen ( 2088): Handling intent: android.intent.action.BOOT_COMPLETED
I/SystemUpdateService( 2088): cancelUpdate (empty URL)
I/SystemUpdateService( 2088): active receiver: disabled
D/AuthZenEventHandler( 2088): Handling event: android.intent.action.BOOT_COMPLETED
W/BaseAppContext( 2088): Using Auth Proxy for data requests.
E/BaseAppContext( 2088): Tried to stop global GMSCore RequestQueue. This is likely unintended, so ignoring.
D/SystemUpdateService( 2088): onDestroy
I/AuthZen ( 2088): Fetching signing key...
I/AuthZen ( 2088): Signing key fetched successfully!
W/BaseAppContext( 2088): Using Auth Proxy for data requests.
D/a       ( 2088): Opening database auth.proximity.permit_store...
D/AuthZenTransactionCache( 2088): Initialized cache in: /data/data/com.google.android.gms/files
D/AuthZenTransactionCache( 2088): Clearing transaction cache
I/art     ( 2993): Explicit concurrent mark sweep GC freed 2725(106KB) AllocSpace objects, 0(0B) LOS objects, 39% free, 15MB/26MB, paused 568us total 19.314ms
I/art     ( 1809): Explicit concurrent mark sweep GC freed 10674(682KB) AllocSpace objects, 12(192KB) LOS objects, 40% free, 20MB/34MB, paused 998us total 37.508ms
D/GCM     ( 1809): GcmService start Intent { act=android.intent.action.BOOT_COMPLETED flg=0x8000010 cmp=com.google.android.gms/.gcm.GcmService (has extras) } android.intent.action.BOOT_COMPLETED
I/GCoreUlr( 1809): DispatchingService.onCreate()
I/GCoreUlr( 1809): WorldUpdater received intent Intent { act=com.google.android.location.reporting.ACTION_UPDATE_WORLD cmp=com.google.android.gms/com.google.android.location.reporting.service.DispatchingService (has extras) } with receiverAction android.intent.action.BOOT_COMPLETED
V/GLSActivity( 1809): AuthDelegateWrapperCreated with selected intent: Intent { cmp=com.google.android.gms/.auth.DefaultAuthDelegateService }
I/GCoreUlr( 1809): WorldUpdater:android.intent.action.BOOT_COMPLETED: Ensuring that reporting is stopped because of reasons: {account#-14#=[InactiveReason{mVersionCode=0, mIdentifier=12, mName='LocationDisabled'}, InactiveReason{mVersionCode=0, mIdentifier=4, mName='GoogleLocationDisabled'}, InactiveReason{mVersionCode=0, mIdentifier=6, mName='ReportingNotEnabled'}]}
I/GCoreUlr( 1809): Unbound from all location providers
W/Auth    ( 1809): [FRP,FrpUpdateIntentService] Received invalid intent action: com.google.android.gms.auth.ACTION_INVALID
I/GCoreUlr( 1809): Place inference reporting - stopped
V/GLSActivity( 1809): AuthDelegateWrapperCreated with selected intent: Intent { cmp=com.google.android.gms/.auth.DefaultAuthDelegateService }
I/GCoreUlr( 1809): DispatchingService.onDestroy()
I/GCoreUlr( 1809): Stopping handler for UlrDispSvcFast
I/GCoreUlr( 1809): Unbound from all location providers
I/GCoreUlr( 1809): Place inference reporting - stopped
I/art     ( 2088): Explicit concurrent mark sweep GC freed 36439(2MB) AllocSpace objects, 23(368KB) LOS objects, 25% free, 20MB/26MB, paused 917us total 79.328ms
D/PersistentNotificationBroadcastReceiver( 1809): Received intent: Intent { act=android.intent.action.BOOT_COMPLETED flg=0x8000010 cmp=com.google.android.gms/.common.notification.PersistentNotificationBroadcastReceiver (has extras) }
W/GCoreFlp( 1809): No location to return for getLastLocation()
W/FusedLocationProvider( 1809): location=null
W/GCoreFlp( 1809): No location to return for getLastLocation()
W/FusedLocationProvider( 1809): location=null
I/ActivityManager(  908): Start proc com.google.android.apps.maps for broadcast com.google.android.apps.maps/com.google.android.apps.gmm.iamhere.ble.StartBleServiceReceiver: pid=3526 uid=10104 gids={50104, 9997, 3003, 1028, 1015} abi=armeabi-v7a
I/GCM     ( 1809): GCM config loaded
I/ActivityManager(  908): Start proc com.motorola.moto:context_engine for broadcast com.motorola.moto/com.motorola.context.receiver.BootComplete: pid=3564 uid=10034 gids={50034, 9997, 3003, 1028, 1015, 3001, 3002} abi=armeabi
I/SBar.MotoNetworkCtrlr( 1363): updateTelephonySignalStrength[0]:  No service
I/SBar.MotoNetworkCtrlr( 1363): updateDataIcon[0]: mCurrentDataSubId=-1000 maps to: dataPhoneId:0 ( SubscriptionManager.getPhoneId returned -1000=0xfffffc18 )
I/SBar.MotoNetworkCtrlr( 1363): refreshViews[0]: mCurrentDataSubId=-1000 maps to: dataPhoneId:0 ( SubscriptionManager.getPhoneId returned -1000=0xfffffc18 )
I/SBar.MotoNetworkCtrlr( 1363): notifySignalsChangedCallbacks[0]: mWifiEnabled=true mWifiConnected=true mWifiEnabled=true
I/SBar.MotoNetworkCtrlr( 1363):  wifiSignal=0x7f0200a0=ic_qs_wifi_full_1="WLAN 信号强度为一格。"=""IPADS""
I/SBar.MotoNetworkCtrlr( 1363):  activity=0x7f0202d0=zz_moto_ic_qs_wifi_inout_wide="(empty)" in=false out=false
I/SBar.MotoNetworkCtrlr( 1363): notifySignalsChangedCallbacks[0]: isEmergencyOnly( 0 )=true mobileEnabled=false sim=0x7f020285=zz_moto_ic_qs_signal_no_sim_wide="( empty )" signal=0x7f02027f=zz_moto_ic_qs_signal_no_signal_of_4_wide="" roaming=0x00000000=( none )=""
I/SBar.MotoNetworkCtrlr( 1363):  type=0x00000000=( none )="没有数据网络信号。" activity=0x00000000=( none )="( empty )" in=false out=false
I/SBar.MotoNetworkCtrlr( 1363):  phone=1="1" network="只能拨打紧急呼救电话"
I/SBar.MotoNetworkCtrlr( 1363): notifySignalsChangedCallbacks[0]: mWifiEnabled=true mWifiConnected=true mWifiEnabled=true
I/SBar.MotoNetworkCtrlr( 1363):  wifiSignal=0x7f0200a0=ic_qs_wifi_full_1="WLAN 信号强度为一格。"=""IPADS""
I/SBar.MotoNetworkCtrlr( 1363):  activity=0x7f0202d0=zz_moto_ic_qs_wifi_inout_wide="(empty)" in=false out=false
I/SBar.MotoNetworkCtrlr( 1363): notifySignalsChangedCallbacks[0]: isEmergencyOnly( 0 )=true mobileEnabled=false sim=0x7f020285=zz_moto_ic_qs_signal_no_sim_wide="( empty )" signal=0x7f02027f=zz_moto_ic_qs_signal_no_signal_of_4_wide="" roaming=0x00000000=( none )=""
I/SBar.MotoNetworkCtrlr( 1363):  type=0x00000000=( none )="没有数据网络信号。" activity=0x00000000=( none )="( empty )" in=false out=false
I/SBar.MotoNetworkCtrlr( 1363):  phone=1="1" network="只能拨打紧急呼救电话"
I/ActivityModePolicy( 3353): Active model: ModeModel[id=2, key=sleep, category=activity, priority=1, version=1, status=5, token=sleep_1449788400000, startTime=1449796522108userAdded=1]
I/ActivityModePolicy( 3353): Transition model: ModeModel[id=2, key=sleep, category=activity, priority=1, version=1, status=5, token=sleep_1449788400000, startTime=1449796522108userAdded=1]
I/ActivityModePolicy( 3353): Transition mode: sleep from: 5 to: 2 token: 
I/ModeActionController( 3353): On mode state updated for: sleep, status: 2
I/ActionManager( 3353): Transition actions for mode: sleep, with status: [5, 3], to: 2, cursor count: 1
I/ActionConflictPolicy( 3353): Update action for: com.motorola.assist.actions.aod.sleep from: 5 to: 2
I/ActionConflictPolicy( 3353): Update action for: com.motorola.assist.actions.aod.sleep from: 5 to: 2
D/MDService( 1495): mMotoSleepActionReceiver.onReceive()
I/ActionConflictPolicy( 3353): Update action: com.motorola.assist.actions.aod.sleep, status: 2, updated: true
I/ActivityModePolicy( 3353): Active mode set to: null
D/Checkin ( 3564): publish the event [tag = CONTEXT_ENGINE event name = IN_L1]
W/com.google.a.a.b.d.a( 3526): Application name is not set. Call Builder#setApplicationName.
W/SensorPrivateProxy( 3399): Reflection error. TYPE_LIFT_GESTURE
W/SensorPrivateProxy( 3399): java.lang.NoSuchFieldException: TYPE_LIFT_GESTURE
W/SensorPrivateProxy( 3399): 	at java.lang.Class.getDeclaredField(Class.java:886)
W/SensorPrivateProxy( 3399): 	at com.motorola.actions.a.m.<clinit>(SourceFile:61)
W/SensorPrivateProxy( 3399): 	at com.motorola.actions.ir.IRService.b(SourceFile:83)
W/SensorPrivateProxy( 3399): 	at com.motorola.actions.ir.ServiceLauncher.a(SourceFile:14)
W/SensorPrivateProxy( 3399): 	at com.motorola.actions.BootReceiver.a(SourceFile:36)
W/SensorPrivateProxy( 3399): 	at com.motorola.actions.BootReceiver.onReceive(SourceFile:23)
W/SensorPrivateProxy( 3399): 	at android.app.ActivityThread.handleReceiver(ActivityThread.java:2611)
W/SensorPrivateProxy( 3399): 	at android.app.ActivityThread.access$1700(ActivityThread.java:148)
W/SensorPrivateProxy( 3399): 	at android.app.ActivityThread$H.handleMessage(ActivityThread.java:1369)
W/SensorPrivateProxy( 3399): 	at android.os.Handler.dispatchMessage(Handler.java:102)
W/SensorPrivateProxy( 3399): 	at android.os.Looper.loop(Looper.java:135)
W/SensorPrivateProxy( 3399): 	at android.app.ActivityThread.main(ActivityThread.java:5312)
W/SensorPrivateProxy( 3399): 	at java.lang.reflect.Method.invoke(Native Method)
W/SensorPrivateProxy( 3399): 	at java.lang.reflect.Method.invoke(Method.java:372)
W/SensorPrivateProxy( 3399): 	at com.android.internal.os.ZygoteInit$MethodAndArgsCaller.run(ZygoteInit.java:901)
W/SensorPrivateProxy( 3399): 	at com.android.internal.os.ZygoteInit.main(ZygoteInit.java:696)
D/BluetoothManagerService(  908): Message: 20
D/BluetoothManagerService(  908): Added callback: android.bluetooth.IBluetoothManagerCallback$Stub$Proxy@37ec1cf8:true
I/CE-InitService( 3564): ContextEngine init completed, version: 3.0.49
I/ActivityManager(  908): Killing 3181:com.motorola.sensorhub.stm401.updater/u0a44 (adj 15): empty #13
I/art     (  908): Explicit concurrent mark sweep GC freed 15531(719KB) AllocSpace objects, 6(96KB) LOS objects, 33% free, 28MB/43MB, paused 789us total 57.015ms
W/libprocessgroup(  908): failed to open /acct/uid_10044/pid_3181/cgroup.procs: No such file or directory
I/Atfwd_Daemon(  377): result : 0 	 ,Init step :2 	 ,qmiErrorCode: 0
I/Atfwd_Daemon(  377): ATFWD --> QMI Port : rmnet1
D/IRService( 3399): onCreate
I/Atfwd_Daemon(  377): qmi_atcop_srvc_init_client - QMI Err code 0 , handle 16844800
I/Atfwd_Daemon(  377): Trying to register 9 commands:
I/Atfwd_Daemon(  377): cmd0: +CKPD
I/Atfwd_Daemon(  377): qmi_atcop_reg_at_command_fwd_req: 0
I/Atfwd_Daemon(  377): cmd1: +CTSA
I/Atfwd_Daemon(  377): qmi_atcop_reg_at_command_fwd_req: 0
I/Atfwd_Daemon(  377): cmd2: +CFUN
I/Atfwd_Daemon(  377): qmi_atcop_reg_at_command_fwd_req: 0
I/Atfwd_Daemon(  377): cmd3: +CMAR
I/Atfwd_Daemon(  377): qmi_atcop_reg_at_command_fwd_req: 0
I/Atfwd_Daemon(  377): cmd4: +CDIS
I/Atfwd_Daemon(  377): qmi_atcop_reg_at_command_fwd_req: 0
I/Atfwd_Daemon(  377): cmd5: +CRSL
I/Atfwd_Daemon(  377): qmi_atcop_reg_at_command_fwd_req: 0
I/Atfwd_Daemon(  377): cmd6: +CSS
I/Atfwd_Daemon(  377): qmi_atcop_reg_at_command_fwd_req: 0
I/Atfwd_Daemon(  377): cmd7: +CSO
I/Atfwd_Daemon(  377): qmi_atcop_reg_at_command_fwd_req: 0
I/Atfwd_Daemon(  377): cmd8: +MINFO
I/Atfwd_Daemon(  377): qmi_atcop_reg_at_command_fwd_req: 48
I/Atfwd_Daemon(  377): Could not register AT command : +MINFO with the QMI Interface - Err code:48
I/Atfwd_Daemon(  377): Registered AT Commands event handler
E/BaseAnalytics( 3399): Error deserializing sampled events: 
E/BaseAnalytics( 3399): java.io.EOFException
E/BaseAnalytics( 3399): 	at java.io.DataInputStream.readByte(DataInputStream.java:77)
E/BaseAnalytics( 3399): 	at java.io.ObjectInputStream.nextTC(ObjectInputStream.java:505)
E/BaseAnalytics( 3399): 	at java.io.ObjectInputStream.readNonPrimitiveContent(ObjectInputStream.java:752)
E/BaseAnalytics( 3399): 	at java.io.ObjectInputStream.readObject(ObjectInputStream.java:1983)
E/BaseAnalytics( 3399): 	at java.io.ObjectInputStream.readObject(ObjectInputStream.java:1940)
E/BaseAnalytics( 3399): 	at com.motorola.actions.checkin.a.a(SourceFile:203)
E/BaseAnalytics( 3399): 	at com.motorola.actions.ir.a.c.<init>(SourceFile:29)
E/BaseAnalytics( 3399): 	at com.motorola.actions.ir.a.a.<init>(SourceFile:40)
E/BaseAnalytics( 3399): 	at com.motorola.actions.ir.IRService.onCreate(SourceFile:158)
E/BaseAnalytics( 3399): 	at android.app.ActivityThread.handleCreateService(ActivityThread.java:2763)
E/BaseAnalytics( 3399): 	at android.app.ActivityThread.access$1800(ActivityThread.java:148)
E/BaseAnalytics( 3399): 	at android.app.ActivityThread$H.handleMessage(ActivityThread.java:1375)
E/BaseAnalytics( 3399): 	at android.os.Handler.dispatchMessage(Handler.java:102)
E/BaseAnalytics( 3399): 	at android.os.Looper.loop(Looper.java:135)
E/BaseAnalytics( 3399): 	at android.app.ActivityThread.main(ActivityThread.java:5312)
E/BaseAnalytics( 3399): 	at java.lang.reflect.Method.invoke(Native Method)
E/BaseAnalytics( 3399): 	at java.lang.reflect.Method.invoke(Method.java:372)
E/BaseAnalytics( 3399): 	at com.android.internal.os.ZygoteInit$MethodAndArgsCaller.run(ZygoteInit.java:901)
E/BaseAnalytics( 3399): 	at com.android.internal.os.ZygoteInit.main(ZygoteInit.java:696)
E/BaseAnalytics( 3399): Error deserializing sampled events: 
E/BaseAnalytics( 3399): java.io.EOFException
E/BaseAnalytics( 3399): 	at java.io.DataInputStream.readByte(DataInputStream.java:77)
E/BaseAnalytics( 3399): 	at java.io.ObjectInputStream.nextTC(ObjectInputStream.java:505)
E/BaseAnalytics( 3399): 	at java.io.ObjectInputStream.readNonPrimitiveContent(ObjectInputStream.java:752)
E/BaseAnalytics( 3399): 	at java.io.ObjectInputStream.readObject(ObjectInputStream.java:1983)
E/BaseAnalytics( 3399): 	at java.io.ObjectInputStream.readObject(ObjectInputStream.java:1940)
E/BaseAnalytics( 3399): 	at com.motorola.actions.checkin.a.a(SourceFile:203)
E/BaseAnalytics( 3399): 	at com.motorola.actions.ir.a.c.<init>(SourceFile:29)
E/BaseAnalytics( 3399): 	at com.motorola.actions.ir.a.d.<init>(SourceFile:47)
E/BaseAnalytics( 3399): 	at com.motorola.actions.ir.IRService.onCreate(SourceFile:159)
E/BaseAnalytics( 3399): 	at android.app.ActivityThread.handleCreateService(ActivityThread.java:2763)
E/BaseAnalytics( 3399): 	at android.app.ActivityThread.access$1800(ActivityThread.java:148)
E/BaseAnalytics( 3399): 	at android.app.ActivityThread$H.handleMessage(ActivityThread.java:1375)
E/BaseAnalytics( 3399): 	at android.os.Handler.dispatchMessage(Handler.java:102)
E/BaseAnalytics( 3399): 	at android.os.Looper.loop(Looper.java:135)
E/BaseAnalytics( 3399): 	at android.app.ActivityThread.main(ActivityThread.java:5312)
E/BaseAnalytics( 3399): 	at java.lang.reflect.Method.invoke(Native Method)
E/BaseAnalytics( 3399): 	at java.lang.reflect.Method.invoke(Method.java:372)
E/BaseAnalytics( 3399): 	at com.android.internal.os.ZygoteInit$MethodAndArgsCaller.run(ZygoteInit.java:901)
E/BaseAnalytics( 3399): 	at com.android.internal.os.ZygoteInit.main(ZygoteInit.java:696)
D/IRFeature( 3399): Enabling incomingcall
D/IRFeature( 3399): Enabling alarm
D/FlashOnChopService( 3399): Found sensor hub version 83
D/ModalityManager( 3399): 
D/ModalityManager( 3399): addStowedListener(), package: com.motorola.actions
D/SLPC    ( 1411): reg_stowed(): 2, 1500, 50
D/SLPC    ( 1411): reg_stowed(): 2
D/sensorhub( 1411): sensorhub_algo_req(): algo: 2, active_parts: 2, num_parts: 3, req_len: 16, bytes: 19
D/sensorhub( 1411): sensorhub_algo_req(): algos: 40
D/ModalityManager( 3399): mService.addStowedListener() succeeded
I/ActivityManager(  908): Start proc com.google.android.gm for broadcast com.google.android.gm/.GoogleMailDeviceStartupReceiver: pid=3602 uid=10100 gids={50100, 9997, 3003, 1028, 1015} abi=armeabi-v7a
D/ActivityThread( 3602): Loading provider com.google.android.gmail.provider;com.android.mail.notifier;com.google.android.gm.email.provider;com.google.android.gm.email.notifier: com.android.email.provider.EmailProvider
I/Gmail   ( 3602): getAccountsCursor
V/GLSActivity( 1809): AuthDelegateWrapperCreated with selected intent: Intent { cmp=com.google.android.gms/.auth.DefaultAuthDelegateService }
W/GAV2    ( 3602): Thread[main,5,main]: Need to call initialize() and be in fallback mode to start dispatch.
I/Gmail   ( 3602): Initiated Service map for: [gPop3, gLegacyImap, gEas, gmail]
W/ActivityManager(  908): Unable to start service Intent { cmp=com.google.android.gm/com.android.email.service.AttachmentService } U=0: not found
I/Gmail   ( 3602): Observing account changes for notifications
W/ActivityManager(  908): Unable to start service Intent { act=com.google.android.gm.email.EXCHANGE_INTENT pkg=com.google.android.gm.exchange } U=0: not found
W/ActivityManager(  908): Unable to start service Intent { act=com.google.android.gm.email.EXCHANGE_INTENT pkg=com.google.android.gm.exchange } U=0: not found
E/Gmail   ( 3602): Error finding the version of the Email provider.....
E/Gmail   ( 3602): android.content.pm.PackageManager$NameNotFoundException: com.google.android.email
E/Gmail   ( 3602): 	at android.app.ApplicationPackageManager.getPackageInfo(ApplicationPackageManager.java:114)
E/Gmail   ( 3602): 	at com.google.android.gm.EmailMigrationService.a(SourceFile:1280)
E/Gmail   ( 3602): 	at com.google.android.gm.EmailMigrationService.onHandleIntent(SourceFile:219)
E/Gmail   ( 3602): 	at android.app.IntentService$ServiceHandler.handleMessage(IntentService.java:65)
E/Gmail   ( 3602): 	at android.os.Handler.dispatchMessage(Handler.java:102)
E/Gmail   ( 3602): 	at android.os.Looper.loop(Looper.java:135)
E/Gmail   ( 3602): 	at android.os.HandlerThread.run(HandlerThread.java:61)
W/EmailMigration( 3602): We do not support migrating this version of the Email provider.
I/Gmail   ( 3602): getAccountsCursor
V/GLSActivity( 1809): AuthDelegateWrapperCreated with selected intent: Intent { cmp=com.google.android.gms/.auth.DefaultAuthDelegateService }
I/ActivityManager(  908): Start proc com.google.android.inputmethod.pinyin for broadcast com.google.android.inputmethod.pinyin/com.google.android.apps.inputmethod.libs.framework.core.LauncherIconVisibilityInitializer: pid=3639 uid=10060 gids={50060, 9997, 3003, 1028, 1015} abi=armeabi-v7a
W/ActivityManager(  908): Unable to start service Intent { act=com.google.android.gm.email.EXCHANGE_INTENT pkg=com.google.android.gm.exchange } U=0: not found
W/ActivityManager(  908): Unable to start service Intent { act=com.google.android.gm.email.EXCHANGE_INTENT pkg=com.google.android.gm.exchange } U=0: not found
E/ActivityThread( 3602): Service com.android.email.service.EmailBroadcastProcessorService has leaked ServiceConnection com.android.emailcommon.service.an@259ae30 that was originally bound here
E/ActivityThread( 3602): android.app.ServiceConnectionLeaked: Service com.android.email.service.EmailBroadcastProcessorService has leaked ServiceConnection com.android.emailcommon.service.an@259ae30 that was originally bound here
E/ActivityThread( 3602): 	at android.app.LoadedApk$ServiceDispatcher.<init>(LoadedApk.java:1081)
E/ActivityThread( 3602): 	at android.app.LoadedApk.getServiceDispatcher(LoadedApk.java:975)
E/ActivityThread( 3602): 	at android.app.ContextImpl.bindServiceCommon(ContextImpl.java:1902)
E/ActivityThread( 3602): 	at android.app.ContextImpl.bindService(ContextImpl.java:1885)
E/ActivityThread( 3602): 	at android.content.ContextWrapper.bindService(ContextWrapper.java:538)
E/ActivityThread( 3602): 	at com.android.emailcommon.service.al.a(SourceFile:181)
E/ActivityThread( 3602): 	at com.android.emailcommon.service.al.e(SourceFile:222)
E/ActivityThread( 3602): 	at com.android.email.service.m.c(SourceFile:159)
E/ActivityThread( 3602): 	at com.android.email.provider.b.a(SourceFile:201)
E/ActivityThread( 3602): 	at com.android.email.provider.b.a(SourceFile:145)
E/ActivityThread( 3602): 	at com.android.email.service.EmailBroadcastProcessorService.c(SourceFile:349)
E/ActivityThread( 3602): 	at com.android.email.service.EmailBroadcastProcessorService.onHandleIntent(SourceFile:1334)
E/ActivityThread( 3602): 	at android.app.IntentService$ServiceHandler.handleMessage(IntentService.java:65)
E/ActivityThread( 3602): 	at android.os.Handler.dispatchMessage(Handler.java:102)
E/ActivityThread( 3602): 	at android.os.Looper.loop(Looper.java:135)
E/ActivityThread( 3602): 	at android.os.HandlerThread.run(HandlerThread.java:61)
W/ActivityManager(  908): Unbind failed: could not find connection for android.os.BinderProxy@b33d970
V/GLSActivity( 1809): AuthDelegateWrapperCreated with selected intent: Intent { cmp=com.google.android.gms/.auth.DefaultAuthDelegateService }
E/SQLiteLog( 3602): (283) recovered 24 frames from WAL file /data/data/com.google.android.gm/databases/mailstore.ytliu.cc@gmail.com.db-wal
I/PowerManagerService(  908): Going to sleep due to screen timeout (uid 1000)...
I/Adreno-EGL(  908): <qeglDrvAPI_eglInitialize:410>: EGL 1.4 QUALCOMM build: AU_LINUX_ANDROID_LA.BF.1.1_RB1.05.00.00.002.030_msm8974_LA.BF.1.1_RB1__release_AU ()
I/Adreno-EGL(  908): OpenGL ES Shader Compiler Version: E031.25.03.00
I/Adreno-EGL(  908): Build Date: 12/04/14 Thu
I/Adreno-EGL(  908): Local Branch: mybranch6139447
I/Adreno-EGL(  908): Remote Branch: quic/LA.BF.1.1_rb1.14
I/Adreno-EGL(  908): Local Patches: NONE
I/Adreno-EGL(  908): Reconstruct Branch: AU_LINUX_ANDROID_LA.BF.1.1_RB1.05.00.00.002.030 +  NOTHING
I/SFPerfTracer(  292):      triggers: (rate: 5:202) (compose: 0:1) (post: 0:2) (render: 0:3) (145:1082 frames) (146:1118)
D/SFPerfTracer(  292):        layers: (2:9) (FocusedStackFrame (0xb7671158): 0:5)* (com.android.launcher3/com.android.launcher3.Launcher (0xb7711bd0): 0:32)* ( (0xb7717c50): 0:6)* (StatusBar (0xb771a638): 146:666) (com.android.systemui.ImageWallpaper (0xb7726f20): 1:7) 
D/PermissionCache(  292): checking android.permission.READ_FRAME_BUFFER for uid=1000 => granted (406 us)
I/Gmail   ( 3602): notifyAccountChanged
I/Gmail   ( 3602): getAccountsCursor
I/Gmail   ( 3602): calculateUnknownSyncRationalesAndPurgeInBackground: queueing
V/GLSActivity( 1809): AuthDelegateWrapperCreated with selected intent: Intent { cmp=com.google.android.gms/.auth.DefaultAuthDelegateService }
I/Gmail   ( 3602): calculateUnknownSyncRationalesAndPurgeInBackground: queueing
I/Gmail   ( 3602): calculateUnknownSyncRationalesAndPurgeInBackground: running
I/Gmail   ( 3602): Sending provider changed intent: Intent { act=android.intent.action.PROVIDER_CHANGED dat=content://gmail-ls/unread/^sq_ig_i_personal (has extras) }
I/AndroidIME( 3639): com.google.android.apps.inputmethod.libs.framework.core.LauncherIconVisibilityInitializerBase: android.intent.action.BOOT_COMPLETED
I/Gmail   ( 3602): calculateUnknownSyncRationalesAndPurgeInBackground: running
I/ActivityManager(  908): Start proc com.google.android.calendar for broadcast com.google.android.calendar/com.android.calendar.alerts.AlertReceiver: pid=3663 uid=10096 gids={50096, 9997, 3003} abi=armeabi-v7a
I/ActivityManager(  908): Killing 3204:org.simalliance.openmobileapi.service/u0a48 (adj 15): empty #13
E/WifiStateMachine(  908): calculateWifiScore() report new score 52
D/ConnectivityService(  908): updateNetworkScore for NetworkAgentInfo [WIFI () - 100] to 52
D/ConnectivityService(  908): rematching NetworkAgentInfo [WIFI () - 100]
D/ConnectivityService(  908): Network NetworkAgentInfo [WIFI () - 100] was already satisfying request 1. No change.
D/ConnectivityService(  908): notifyType AVAILABLE for NetworkAgentInfo [WIFI () - 100]
D/ConnectivityManager.CallbackHandler( 1363): CM callback handler got msg 524290
D/ConnectivityManager.CallbackHandler( 2088): CM callback handler got msg 524290
W/libprocessgroup(  908): failed to open /acct/uid_10048/pid_3204/cgroup.procs: No such file or directory
I/Gmail   ( 3602): Sending provider changed intent: Intent { act=android.intent.action.PROVIDER_CHANGED dat=content://gmail-ls/unread/^sq_ig_i_promo (has extras) }
I/SBar.MotoNetworkCtrlr( 1363): onReceive: WifiManager.RSSI_CHANGED_ACTION Received
I/SBar.MotoNetworkCtrlr( 1363): updateWifiState: RSSI_CHANGED_ACTION: mWifiConnected=true mWifiLevel=1 mWifiRssi=-81
I/SBar.MotoNetworkCtrlr( 1363): updateTelephonySignalStrength[0]:  No service
I/SBar.MotoNetworkCtrlr( 1363): updateDataIcon[0]: mCurrentDataSubId=-1000 maps to: dataPhoneId:0 ( SubscriptionManager.getPhoneId returned -1000=0xfffffc18 )
I/SBar.MotoNetworkCtrlr( 1363): refreshViews[0]: mCurrentDataSubId=-1000 maps to: dataPhoneId:0 ( SubscriptionManager.getPhoneId returned -1000=0xfffffc18 )
I/SBar.MotoNetworkCtrlr( 1363): notifySignalsChangedCallbacks[0]: mWifiEnabled=true mWifiConnected=true mWifiEnabled=true
I/SBar.MotoNetworkCtrlr( 1363):  wifiSignal=0x7f0200a0=ic_qs_wifi_full_1="WLAN 信号强度为一格。"=""IPADS""
I/SBar.MotoNetworkCtrlr( 1363):  activity=0x7f0202d0=zz_moto_ic_qs_wifi_inout_wide="(empty)" in=false out=false
I/SBar.MotoNetworkCtrlr( 1363): notifySignalsChangedCallbacks[0]: isEmergencyOnly( 0 )=true mobileEnabled=false sim=0x7f020285=zz_moto_ic_qs_signal_no_sim_wide="( empty )" signal=0x7f02027f=zz_moto_ic_qs_signal_no_signal_of_4_wide="" roaming=0x00000000=( none )=""
I/SBar.MotoNetworkCtrlr( 1363):  type=0x00000000=( none )="没有数据网络信号。" activity=0x00000000=( none )="( empty )" in=false out=false
I/SBar.MotoNetworkCtrlr( 1363):  phone=1="1" network="只能拨打紧急呼救电话"
I/SBar.MotoNetworkCtrlr( 1363): notifySignalsChangedCallbacks[0]: mWifiEnabled=true mWifiConnected=true mWifiEnabled=true
I/SBar.MotoNetworkCtrlr( 1363):  wifiSignal=0x7f0200a0=ic_qs_wifi_full_1="WLAN 信号强度为一格。"=""IPADS""
I/SBar.MotoNetworkCtrlr( 1363):  activity=0x7f0202d0=zz_moto_ic_qs_wifi_inout_wide="(empty)" in=false out=false
I/SBar.MotoNetworkCtrlr( 1363): notifySignalsChangedCallbacks[0]: isEmergencyOnly( 0 )=true mobileEnabled=false sim=0x7f020285=zz_moto_ic_qs_signal_no_sim_wide="( empty )" signal=0x7f02027f=zz_moto_ic_qs_signal_no_signal_of_4_wide="" roaming=0x00000000=( none )=""
I/SBar.MotoNetworkCtrlr( 1363):  type=0x00000000=( none )="没有数据网络信号。" activity=0x00000000=( none )="( empty )" in=false out=false
I/SBar.MotoNetworkCtrlr( 1363):  phone=1="1" network="只能拨打紧急呼救电话"
I/Gmail   ( 3602): Sending provider changed intent: Intent { act=android.intent.action.PROVIDER_CHANGED dat=content://gmail-ls/unread/^sq_ig_i_social (has extras) }
I/ActivityManager(  908): Killing 3223:com.google.android.onetimeinitializer/u0a92 (adj 15): empty #13
W/libprocessgroup(  908): failed to open /acct/uid_10092/pid_3223/cgroup.procs: No such file or directory
I/Gmail   ( 3602): getAccountsCursor
V/GLSActivity( 1809): AuthDelegateWrapperCreated with selected intent: Intent { cmp=com.google.android.gms/.auth.DefaultAuthDelegateService }
E/SQLiteLog( 3663): (283) recovered 50 frames from WAL file /data/data/com.google.android.calendar/databases/timelydata.db-wal
D/SurfaceFlinger(  292): Set power mode=0, type=0 flinger=0xb75e7550
D/qdhwcomposer(  292): hwc_blank: Blanking display: 0
I/DisplayManagerService(  908): Display device changed: DisplayDeviceInfo{"内置屏幕": 1080 x 1920, 60.0 fps, supportedRefreshRates [60.0], density 480, 422.03 x 424.069 dpi, appVsyncOff 7500000, presDeadline 12666667, touch INTERNAL, rotation 0, type BUILT_IN, state OFF, FLAG_DEFAULT_DISPLAY, FLAG_ROTATES_WITH_CONTENT, FLAG_SECURE, FLAG_SUPPORTS_PROTECTED_BUFFERS}
V/ActivityManager(  908): Display changed displayId=0
I/ActivityManager(  908): Start proc com.android.providers.calendar for content provider com.android.providers.calendar/.CalendarProvider2: pid=3683 uid=10009 gids={50009, 9997, 3003, 1028, 1015} abi=armeabi-v7a
W/ResourcesManager( 3683): Asset path '/system/framework/android.test.runner.jar' does not exist or contains no resources.
I/CalendarProvider2( 3683): Created com.android.providers.calendar.CalendarAlarmManager@1e39b9b8(com.android.providers.calendar.CalendarProvider2@117a5391)
W/BroadcastQueue(  908): Permission Denial: receiving Intent { act=android.intent.action.BOOT_COMPLETED flg=0x8000010 (has extras) } to com.google.android.apps.plus/com.google.android.libraries.social.notifications.impl.BootCompletedReceiver requires android.permission.RECEIVE_BOOT_COMPLETED due to sender null (uid 1000)
I/ActivityManager(  908): Start proc com.android.vending for broadcast com.android.vending/com.google.android.finsky.receivers.BootCompletedReceiver: pid=3711 uid=10095 gids={50095, 9997, 3003, 1028, 1015} abi=armeabi-v7a
I/qdhwcomposer(  292): handle_blank_event: dpy:0 panel power state: 0
D/qdhwcomposer(  292): hwc_blank: Done blanking display: 0
D/SurfaceControl(  908): Excessive delay in setPowerMode(): 208ms
I/PowerManagerService(  908): Sleeping (uid 1000)...
I/WindowManager(  908): AOD feature not enabled!
D/PhoneStatusBar( 1363): disable: < expand ICONS alerts SYSTEM_INFO back HOME RECENT clock SEARCH >
I/UsageStatsService(  908): User[0] Flushing usage stats to disk
V/MD_QuickDrawLib( 1495): ENTER nativeEnableBreathing(false)
D/MD_PersistentMgr_QP( 1495): setPartialMode=0
I/SFPerfTracer(  292):      triggers: (rate: 0:0) (0 sw vsyncs) (0 skipped) (215:704 vsyncs) (217:1151)
D/audio_hw_primary(  358): adev_set_parameters: enter: screen_state=on
