D/QCameraStateMachine(  358): int32_t qcamera::QCameraStateMachine::procEvtPreviewStoppedState(qcamera::qcamera_sm_evt_enum_t, void*): already in preview stopped state, do nothing
D/QCamera2HWI(  358): [KPI Perf] static void qcamera::QCamera2HardwareInterface::stop_preview(camera_device*): X
E/Mot8974 PowerHAL(  908): Error opening /sys/devices/system/cpu/cpufreq/interactive/sync_freq: Permission denied
E/Mot8974 PowerHAL(  908): Error opening /sys/devices/system/cpu/cpufreq/interactive/up_threshold_any_cpu_freq: Permission denied
E/Mot8974 PowerHAL(  908): Error opening /sys/devices/system/cpu/cpufreq/interactive/up_threshold_any_cpu_load: Permission denied
E/Mot8974 PowerHAL(  908): Error opening /sys/devices/system/cpu/cpufreq/interactive/sync_freq: Permission denied
E/Mot8974 PowerHAL(  908): Error opening /sys/devices/system/cpu/cpufreq/interactive/up_threshold_any_cpu_freq: Permission denied
E/Mot8974 PowerHAL(  908): Error opening /sys/devices/system/cpu/cpufreq/interactive/up_threshold_any_cpu_load: Permission denied
E/Mot8974 PowerHAL(  908): Error opening /sys/devices/system/cpu/cpufreq/interactive/sync_freq: Permission denied
E/Mot8974 PowerHAL(  908): Error opening /sys/devices/system/cpu/cpufreq/interactive/up_threshold_any_cpu_freq: Permission denied
E/Mot8974 PowerHAL(  908): Error opening /sys/devices/system/cpu/cpufreq/interactive/up_threshold_any_cpu_load: Permission denied
E/Mot8974 PowerHAL(  908): Error opening /sys/devices/system/cpu/cpufreq/interactive/sync_freq: Permission denied
E/Mot8974 PowerHAL(  908): Error opening /sys/devices/system/cpu/cpufreq/interactive/up_threshold_any_cpu_freq: Permission denied
E/Mot8974 PowerHAL(  908): Error opening /sys/devices/system/cpu/cpufreq/interactive/up_threshold_any_cpu_load: Permission denied
I/QCameraHalWatchdog(  358): Stopped Watchdog Thread...
I/QCameraHalWatchdog(  358): Starting Watchdog Thread...
D/QCameraStateMachine(  358): int32_t qcamera::QCameraStateMachine::procEvtPreviewStoppedState(qcamera::qcamera_sm_evt_enum_t, void*): No ops for evt(20) in state(0)
I/QCameraHalWatchdog(  358): Stopped Watchdog Thread...
I/QCameraHalWatchdog(  358): Starting Watchdog Thread...
I/QCameraHalWatchdog(  358): Stopped Watchdog Thread...
I/CameraClient(  358): Destroying camera 1
I/QCameraHalWatchdog(  358): Starting Watchdog Thread...
D/QCamera2HWI(  358): [KPI Perf] static int qcamera::QCamera2HardwareInterface::close_camera_device(hw_device_t*): E
D/QCamera2HWI(  358): static void* qcamera::QCamera2HardwareInterface::defferedWorkRoutine(void*): stop data proc
D/TelephonyNetworkFactory-1( 1715): update networkCapabilites for subId = -1
D/TelephonyNetworkFactory-1( 1715): INTERNET capability is removed from subId = -1
D/TelephonyNetworkFactory-1( 1715): Ready to handle network requests
I/Telephony( 1715): : SUBINFO_RECORD_UPDATED : 4.
D/Tethering(  908): SIM State change is: ABSENT
D/GpsLocationProvider(  908): received SIM realted action: android.intent.action.SIM_STATE_CHANGED
E/qomx_image_core(  358): OMX_Deinit:118] Complete
I/SFPerfTracer(  292):      triggers: (rate: 3:178) (compose: 0:1) (post: 0:2) (render: 0:3) (15:388 frames) (16:401)
D/SFPerfTracer(  292):        layers: (1:7) (BootAnimation (0xb7720930): 8:264) (FocusedStackFrame (0xb7671158): 0:2)* (com.android.launcher3/com.android.launcher3.Launcher (0xb7711bd0): 12:15)* 
E/PhoneInterfaceManager( 1715): [PhoneIntfMgr] getIccId: ICC ID is null or empty.
E/QCameraPostProc(  358): int32_t qcamera::QCameraPostProcessor::deinit(): Jpeg closed, rc = 0, mJpegClientHandle = 200
I/Thermal-Lib(  358): Thermal-Lib-Client: Unregisteration is successfull for handle:5
I/Thermal-Lib(  358): Thermal-Lib-Client: Unregisteration is successfull for handle:6
E/mm-camera(  380): mct_pipeline_get_stream: no children
E/mm-camera(  380): mct_pipeline_process_set:2139: Couldn't find stream
E/mm-camera-sensor(  380): module_sensor_stop_session:740 session 2
D/QCameraStateMachine(  358): static void* qcamera::QCameraStateMachine::smEvtProcRoutine(void*): X
D/QCamera2HWI(  358): [KPI Perf] static int qcamera::QCamera2HardwareInterface::close_camera_device(hw_device_t*): X
I/QCameraHalWatchdog(  358): Stopped Watchdog Thread...
E/mm-camera(  380): stats_module_stop_session: list =0xb821ace8, remove port =0xb81e3e10 name=stats_sink from module=0xb81bfc88, name=stats
E/mm-camera(  380): stats_module_stop_session: 1 port =0xb81e3e10 name=stats_sink 
E/mm-camera(  380): stats_module_stop_session: 2 port =0xb81e3e10 name=stats_sink 
E/mm-camera-CORE(  380): mot_af_deinit: E
D/mm-camera-CORE(  380): awb_destroy E
D/mm-camera-CORE(  380): AL deinitialized in aec_destroy
E/mm-camera(  380): is_module_stop_session: Enter
E/mm-camera(  380): is_module_stop_session: Exit successful
E/mm-camera(  380): stats_module_stop_session: 3 port =0xb81e3e10 name=stats_sink 
E/hdr     (  380): Session id 0x2 stopped
E/mm-camera(  380): c2d_module_stop_session:323, info: stopping session 2 ...
E/mm-camera(  380): c2d_thread_process_pipe_message:716, C2D_THREAD_MSG_ABORT: c2d_thread exiting..
E/mm-camera(  380): c2d_module_stop_session:365, info: session 2 stopped.
D/GpsLocationProvider(  908): SIM MCC/MNC is still not available
I/Telephony( 1715): PstnIncomingCallNotifier: Registering: Handler (com.android.internal.telephony.cdma.CDMALTEPhone) {2ebc2d45}
W/ArrayUtils( 1363): Ignoring invalid value auto_hdr
E/mm-camera-sensor(  380): Got some events
E/mm-camera-sensor(  380): sensor_thread_func:152 sensor_thread_func:Sensor thread is exiting
I/ActivityManager(  908): Start proc com.google.android.gms for service com.google.android.gms/.usagereporting.service.UsageReportingService: pid=2088 uid=10090 gids={50090, 9997, 3003, 1028, 1015, 3002, 3001, 1005, 1007, 3007, 2001, 3006} abi=armeabi-v7a
I/GCoreUlr( 1809): DispatchingService.onCreate()
D/BluetoothAdapter( 1363): 980252449: getState() :  mService = null. Returning STATE_OFF
D/BluetoothAdapter( 1363): 980252449: getState() :  mService = null. Returning STATE_OFF
D/BluetoothAdapter( 1363): 980252449: getState() :  mService = null. Returning STATE_OFF
D/BluetoothAdapter( 1363): 980252449: getState() :  mService = null. Returning STATE_OFF
D/Tethering(  908): exception when get active network info: java.lang.NullPointerException: Attempt to invoke virtual method 'int android.net.NetworkInfo.getType()' on a null object reference
W/Settings(  908): Setting tether_dun_apn has moved from android.provider.Settings.Secure to android.provider.Settings.Global.
E/Tethering(  908): ApnList is empty for checkDunConfigured()
D/Tethering(  908):  upstream interface types: 
D/Tethering(  908):  0
D/Tethering(  908):  1
D/Tethering(  908):  5
D/Tethering(  908):  7
D/Tethering(  908): exception when get active network info: java.lang.NullPointerException: Attempt to invoke virtual method 'int android.net.NetworkInfo.getType()' on a null object reference
W/Settings(  908): Setting tether_dun_apn has moved from android.provider.Settings.Secure to android.provider.Settings.Global.
E/Tethering(  908): ApnList is empty for checkDunConfigured()
D/Tethering(  908):  upstream interface types: 
D/Tethering(  908):  0
D/Tethering(  908):  1
D/Tethering(  908):  5
D/Tethering(  908):  7
W/ResourcesManager( 2088): Asset path '/system/framework/com.android.media.remotedisplay.jar' does not exist or contains no resources.
W/ResourcesManager( 2088): Asset path '/system/framework/com.android.location.provider.jar' does not exist or contains no resources.
D/OpenGLRenderer( 1363): Render dirty regions requested: true
D/Atlas   ( 1363): Validating map...
D/PhoneStatusBar( 1363): disable: < expand icons alerts system_info back home recent clock search >
I/MultiDex( 2088): VM with version 2.1.0 has multidex support
I/MultiDex( 2088): install
I/MultiDex( 2088): VM has multidex support, MultiDex support library is disabled.
I/ServiceManager(  377): Waiting for service AtCmdFwd...
I/SFPerfTracer(  292):      triggers: (rate: 0:0) (0 sw vsyncs) (0 skipped) (9:34 vsyncs) (11:412)
I/art     (  908): Explicit concurrent mark sweep GC freed 9681(473KB) AllocSpace objects, 0(0B) LOS objects, 33% free, 27MB/41MB, paused 583us total 46ms
E/Mot8974 PowerHAL(  908): Error opening /sys/devices/system/cpu/cpufreq/interactive/sync_freq: Permission denied
E/Mot8974 PowerHAL(  908): Error opening /sys/devices/system/cpu/cpufreq/interactive/up_threshold_any_cpu_freq: Permission denied
E/Mot8974 PowerHAL(  908): Error opening /sys/devices/system/cpu/cpufreq/interactive/up_threshold_any_cpu_load: Permission denied
E/Mot8974 PowerHAL(  908): Error opening /sys/devices/system/cpu/cpufreq/interactive/sync_freq: Permission denied
E/Mot8974 PowerHAL(  908): Error opening /sys/devices/system/cpu/cpufreq/interactive/up_threshold_any_cpu_freq: Permission denied
E/Mot8974 PowerHAL(  908): Error opening /sys/devices/system/cpu/cpufreq/interactive/up_threshold_any_cpu_load: Permission denied
E/Mot8974 PowerHAL(  908): Error opening /sys/devices/system/cpu/cpufreq/interactive/sync_freq: Permission denied
E/Mot8974 PowerHAL(  908): Error opening /sys/devices/system/cpu/cpufreq/interactive/up_threshold_any_cpu_freq: Permission denied
E/Mot8974 PowerHAL(  908): Error opening /sys/devices/system/cpu/cpufreq/interactive/up_threshold_any_cpu_load: Permission denied
D/BluetoothAdapter( 1363): 980252449: getState() :  mService = null. Returning STATE_OFF
D/BluetoothAdapter( 1363): 980252449: getState() :  mService = null. Returning STATE_OFF
D/PhoneStatusBar( 1363): heads up is enabled
E/Mot8974 PowerHAL(  908): Error opening /sys/devices/system/cpu/cpufreq/interactive/sync_freq: Permission denied
E/Mot8974 PowerHAL(  908): Error opening /sys/devices/system/cpu/cpufreq/interactive/up_threshold_any_cpu_freq: Permission denied
E/Mot8974 PowerHAL(  908): Error opening /sys/devices/system/cpu/cpufreq/interactive/up_threshold_any_cpu_load: Permission denied
I/Choreographer( 1363): Skipped 127 frames!  The application may be doing too much work on its main thread.
D/ViewRootImpl( 1363): changeCanvasOpacity: opaque=true
I/art     ( 1809): Rejecting re-init on previously-failed class java.lang.Class<com.google.android.gms.common.j.c>
I/art     ( 1809): Rejecting re-init on previously-failed class java.lang.Class<com.google.android.gms.common.j.c>
I/ThermalEngine(  366): Sensor:chg_therm:28000 mC
D/GeofencerStateMachine( 1809): Creating GeofencerStateMachine
I/Adreno-EGL( 1363): <qeglDrvAPI_eglInitialize:410>: EGL 1.4 QUALCOMM build: AU_LINUX_ANDROID_LA.BF.1.1_RB1.05.00.00.002.030_msm8974_LA.BF.1.1_RB1__release_AU ()
I/Adreno-EGL( 1363): OpenGL ES Shader Compiler Version: E031.25.03.00
I/Adreno-EGL( 1363): Build Date: 12/04/14 Thu
I/Adreno-EGL( 1363): Local Branch: mybranch6139447
I/Adreno-EGL( 1363): Remote Branch: quic/LA.BF.1.1_rb1.14
I/Adreno-EGL( 1363): Local Patches: NONE
I/Adreno-EGL( 1363): Reconstruct Branch: AU_LINUX_ANDROID_LA.BF.1.1_RB1.05.00.00.002.030 +  NOTHING
I/OpenGLRenderer( 1363): Initialized EGL, version 1.4
D/WifiService(  908): New client listening to asynchronous messages
D/OpenGLRenderer( 1363): Enabling debug mode 0
V/JNIHelp ( 2088): Registering com/google/android/gms/org/conscrypt/NativeCrypto's 254 native methods...
I/art     ( 1809): Rejecting re-init on previously-failed class java.lang.Class<com.google.android.gms.common.util.bo>
I/art     ( 1809): Rejecting re-init on previously-failed class java.lang.Class<com.google.android.gms.common.util.bo>
E/Mot8974 PowerHAL(  908): Error opening /sys/devices/system/cpu/cpufreq/interactive/sync_freq: Permission denied
E/Mot8974 PowerHAL(  908): Error opening /sys/devices/system/cpu/cpufreq/interactive/up_threshold_any_cpu_freq: Permission denied
E/Mot8974 PowerHAL(  908): Error opening /sys/devices/system/cpu/cpufreq/interactive/up_threshold_any_cpu_load: Permission denied
W/ActivityThread( 2088): ClassLoader.loadClass: The class loader returned by Thread.getContextClassLoader() may fail for processes that host multiple applications. You should explicitly specify a context class loader. For example: Thread.setContextClassLoader(getClass().getClassLoader());
W/System  ( 2088): Could not create com.google.android.gms.org.conscrypt.OpenSSLSocketFactoryImpl with ClassLoader android.app.LoadedApk$WarningContextClassLoader@67e0189: com.google.android.gms.org.conscrypt.OpenSSLSocketFactoryImpl
I/ProviderInstaller( 2088): Installed default security provider GmsCore_OpenSSL
E/QC-QMI  (  476): qmi_qmux_open_connection: connection is disabled for conn_id=29
E/QC-QMI  (  476): qmi_qmux_tx_msg: failed to open inactive connd_id=29
E/QC-QMI  (  476): qmi_qmux: TX failed, connection inactive or in reset, conn_id=29, status_flags=4
E/QC-QMI  (  476): qmi_ctl_tx_msg: qmi_qmux_tx_msg failed
E/QC-QMI  (  476): qmi_ctl_handle_request: qmi_ctl_tx_msg call failed
E/QC-QMI  (  476): qmi_qmux_open_connection: connection is disabled for conn_id=29
E/QC-QMI  (  476): qmi_qmux_tx_msg: failed to open inactive connd_id=29
E/QC-QMI  (  476): qmi_qmux: TX failed, connection inactive or in reset, conn_id=29, status_flags=4
E/QC-QMI  (  476): qmi_ctl_tx_msg: qmi_qmux_tx_msg failed
E/QC-QMI  (  476): qmi_ctl_handle_request: qmi_ctl_tx_msg call failed
E/QC-QMI  (  476): qmi_qmux_open_connection: connection is disabled for conn_id=48
E/QC-QMI  (  476): qmi_qmux_tx_msg: failed to open inactive connd_id=48
E/QC-QMI  (  476): qmi_qmux: TX failed, connection inactive or in reset, conn_id=48, status_flags=4
E/QC-QMI  (  476): qmi_ctl_tx_msg: qmi_qmux_tx_msg failed
E/QC-QMI  (  476): qmi_ctl_handle_request: qmi_ctl_tx_msg call failed
E/QC-QMI  (  476): qmi_qmux_open_connection: connection is disabled for conn_id=48
E/QC-QMI  (  476): qmi_qmux_tx_msg: failed to open inactive connd_id=48
E/QC-QMI  (  476): qmi_qmux: TX failed, connection inactive or in reset, conn_id=48, status_flags=4
E/QC-QMI  (  476): qmi_ctl_tx_msg: qmi_qmux_tx_msg failed
E/QC-QMI  (  476): qmi_ctl_handle_request: qmi_ctl_tx_msg call failed
E/QC-QMI  (  476): qmi_qmux_open_connection: connection is disabled for conn_id=57
E/QC-QMI  (  476): qmi_qmux_tx_msg: failed to open inactive connd_id=57
E/QC-QMI  (  476): qmi_qmux: TX failed, connection inactive or in reset, conn_id=57, status_flags=4
E/QC-QMI  (  476): qmi_ctl_tx_msg: qmi_qmux_tx_msg failed
E/QC-QMI  (  476): qmi_ctl_handle_request: qmi_ctl_tx_msg call failed
E/QC-QMI  (  476): qmi_qmux_open_connection: connection is disabled for conn_id=57
E/QC-QMI  (  476): qmi_qmux_tx_msg: failed to open inactive connd_id=57
E/QC-QMI  (  476): qmi_qmux: TX failed, connection inactive or in reset, conn_id=57, status_flags=4
E/QC-QMI  (  476): qmi_ctl_tx_msg: qmi_qmux_tx_msg failed
E/QC-QMI  (  476): qmi_ctl_handle_request: qmi_ctl_tx_msg call failed
E/QC-QMI  (  476): qmi_qmux_open_connection: connection is disabled for conn_id=29
E/QC-QMI  (  476): qmi_qmux_tx_msg: failed to open inactive connd_id=29
E/QC-QMI  (  476): qmi_qmux: TX failed, connection inactive or in reset, conn_id=29, status_flags=4
E/QC-QMI  (  476): qmi_ctl_tx_msg: qmi_qmux_tx_msg failed
E/QC-QMI  (  476): qmi_ctl_handle_request: qmi_ctl_tx_msg call failed
E/QC-QMI  (  476): qmi_qmux_open_connection: connection is disabled for conn_id=29
E/QC-QMI  (  476): qmi_qmux_tx_msg: failed to open inactive connd_id=29
E/QC-QMI  (  476): qmi_qmux: TX failed, connection inactive or in reset, conn_id=29, status_flags=4
E/QC-QMI  (  476): qmi_ctl_tx_msg: qmi_qmux_tx_msg failed
E/QC-QMI  (  476): qmi_ctl_handle_request: qmi_ctl_tx_msg call failed
E/QC-QMI  (  476): qmi_qmux_open_connection: connection is disabled for conn_id=48
E/QC-QMI  (  476): qmi_qmux_tx_msg: failed to open inactive connd_id=48
E/QC-QMI  (  476): qmi_qmux: TX failed, connection inactive or in reset, conn_id=48, status_flags=4
E/QC-QMI  (  476): qmi_ctl_tx_msg: qmi_qmux_tx_msg failed
E/QC-QMI  (  476): qmi_ctl_handle_request: qmi_ctl_tx_msg call failed
E/QC-QMI  (  476): qmi_qmux_open_connection: connection is disabled for conn_id=48
E/QC-QMI  (  476): qmi_qmux_tx_msg: failed to open inactive connd_id=48
E/QC-QMI  (  476): qmi_qmux: TX failed, connection inactive or in reset, conn_id=48, status_flags=4
E/QC-QMI  (  476): qmi_ctl_tx_msg: qmi_qmux_tx_msg failed
E/QC-QMI  (  476): qmi_ctl_handle_request: qmi_ctl_tx_msg call failed
E/QC-QMI  (  476): qmi_qmux_open_connection: connection is disabled for conn_id=57
E/QC-QMI  (  476): qmi_qmux_tx_msg: failed to open inactive connd_id=57
E/QC-QMI  (  476): qmi_qmux: TX failed, connection inactive or in reset, conn_id=57, status_flags=4
E/QC-QMI  (  476): qmi_ctl_tx_msg: qmi_qmux_tx_msg failed
E/QC-QMI  (  476): qmi_ctl_handle_request: qmi_ctl_tx_msg call failed
E/QC-QMI  (  476): qmi_qmux_open_connection: connection is disabled for conn_id=57
E/QC-QMI  (  476): qmi_qmux_tx_msg: failed to open inactive connd_id=57
E/QC-QMI  (  476): qmi_qmux: TX failed, connection inactive or in reset, conn_id=57, status_flags=4
E/QC-QMI  (  476): qmi_ctl_tx_msg: qmi_qmux_tx_msg failed
E/QC-QMI  (  476): qmi_ctl_handle_request: qmi_ctl_tx_msg call failed
E/QC-QMI  (  476): qmi_qmux_open_connection: connection is disabled for conn_id=29
E/QC-QMI  (  476): qmi_qmux_tx_msg: failed to open inactive connd_id=29
E/QC-QMI  (  476): qmi_qmux: TX failed, connection inactive or in reset, conn_id=29, status_flags=4
E/QC-QMI  (  476): qmi_ctl_tx_msg: qmi_qmux_tx_msg failed
E/QC-QMI  (  476): qmi_ctl_handle_request: qmi_ctl_tx_msg call failed
E/QC-QMI  (  476): qmi_qmux_open_connection: connection is disabled for conn_id=29
E/QC-QMI  (  476): qmi_qmux_tx_msg: failed to open inactive connd_id=29
E/QC-QMI  (  476): qmi_qmux: TX failed, connection inactive or in reset, conn_id=29, status_flags=4
E/QC-QMI  (  476): qmi_ctl_tx_msg: qmi_qmux_tx_msg failed
E/QC-QMI  (  476): qmi_ctl_handle_request: qmi_ctl_tx_msg call failed
E/QC-QMI  (  476): qmi_qmux_open_connection: connection is disabled for conn_id=48
E/QC-QMI  (  476): qmi_qmux_tx_msg: failed to open inactive connd_id=48
E/QC-QMI  (  476): qmi_qmux: TX failed, connection inactive or in reset, conn_id=48, status_flags=4
E/QC-QMI  (  476): qmi_ctl_tx_msg: qmi_qmux_tx_msg failed
E/QC-QMI  (  476): qmi_ctl_handle_request: qmi_ctl_tx_msg call failed
E/QC-QMI  (  476): qmi_qmux_open_connection: connection is disabled for conn_id=48
E/QC-QMI  (  476): qmi_qmux_tx_msg: failed to open inactive connd_id=48
E/QC-QMI  (  476): qmi_qmux: TX failed, connection inactive or in reset, conn_id=48, status_flags=4
E/QC-QMI  (  476): qmi_ctl_tx_msg: qmi_qmux_tx_msg failed
E/QC-QMI  (  476): qmi_ctl_handle_request: qmi_ctl_tx_msg call failed
E/QC-QMI  (  476): qmi_qmux_open_connection: connection is disabled for conn_id=57
E/QC-QMI  (  476): qmi_qmux_tx_msg: failed to open inactive connd_id=57
E/QC-QMI  (  476): qmi_qmux: TX failed, connection inactive or in reset, conn_id=57, status_flags=4
E/QC-QMI  (  476): qmi_ctl_tx_msg: qmi_qmux_tx_msg failed
E/QC-QMI  (  476): qmi_ctl_handle_request: qmi_ctl_tx_msg call failed
E/QC-QMI  (  476): qmi_qmux_open_connection: connection is disabled for conn_id=57
E/QC-QMI  (  476): qmi_qmux_tx_msg: failed to open inactive connd_id=57
E/QC-QMI  (  476): qmi_qmux: TX failed, connection inactive or in reset, conn_id=57, status_flags=4
E/QC-QMI  (  476): qmi_ctl_tx_msg: qmi_qmux_tx_msg failed
E/QC-QMI  (  476): qmi_ctl_handle_request: qmi_ctl_tx_msg call failed
E/Mot8974 PowerHAL(  908): Error opening /sys/devices/system/cpu/cpufreq/interactive/sync_freq: Permission denied
E/Mot8974 PowerHAL(  908): Error opening /sys/devices/system/cpu/cpufreq/interactive/up_threshold_any_cpu_freq: Permission denied
E/Mot8974 PowerHAL(  908): Error opening /sys/devices/system/cpu/cpufreq/interactive/up_threshold_any_cpu_load: Permission denied
E/Mot8974 PowerHAL(  908): Error opening /sys/devices/system/cpu/cpufreq/interactive/sync_freq: Permission denied
E/Mot8974 PowerHAL(  908): Error opening /sys/devices/system/cpu/cpufreq/interactive/up_threshold_any_cpu_freq: Permission denied
E/Mot8974 PowerHAL(  908): Error opening /sys/devices/system/cpu/cpufreq/interactive/up_threshold_any_cpu_load: Permission denied
I/art     ( 2088): Rejecting re-init on previously-failed class java.lang.Class<com.google.android.gms.common.j.c>
I/art     ( 2088): Rejecting re-init on previously-failed class java.lang.Class<com.google.android.gms.common.j.c>
D/NativeLibraryUtils( 2088): Install completed successfully. count=14 extracted=0
V/GeofencerHelper( 1809): Initializing geofence's system cache.
D/GeofenceStateCache( 1809): Recovered 0 geofences.
E/Mot8974 PowerHAL(  908): Error opening /sys/devices/system/cpu/cpufreq/interactive/sync_freq: Permission denied
E/Mot8974 PowerHAL(  908): Error opening /sys/devices/system/cpu/cpufreq/interactive/up_threshold_any_cpu_freq: Permission denied
E/Mot8974 PowerHAL(  908): Error opening /sys/devices/system/cpu/cpufreq/interactive/up_threshold_any_cpu_load: Permission denied
E/Mot8974 PowerHAL(  908): Error opening /sys/devices/system/cpu/cpufreq/interactive/sync_freq: Permission denied
E/Mot8974 PowerHAL(  908): Error opening /sys/devices/system/cpu/cpufreq/interactive/up_threshold_any_cpu_freq: Permission denied
E/Mot8974 PowerHAL(  908): Error opening /sys/devices/system/cpu/cpufreq/interactive/up_threshold_any_cpu_load: Permission denied
D/TCMD    (  486): NL - Read 56 bytes from update socket.
D/TCMD    (  486): NL - message type is RTM_NEWLINK
D/TCMD    (  486): Listening for incoming client connection request
I/WifiNative-HAL(  908): startHal
E/wifi    (  908): getStaticLongField sWifiHalHandle 0xa34188fc
D/wifi    (  908): halHandle = 0x0, mVM = 0xb83d7310, mCls = 0x200f02
I/WifiNative-HAL(  908): Could not start hal
E/WifiStateMachine(  908): [1,449,798,037,125 ms] noteScanEnd no scan source
E/WifiStateMachine(  908): wifi setScanResults statecom.android.server.wifi.WifiStateMachine$DisconnectedState@23ba15da sup_state=SCANNING debouncing=false
D/BluetoothManagerService(  908): Message: 20
E/WifiConfigStore(  908):  rewrite network history for "IPADS"WPA_PSK
E/WifiConfigStore(  908):  rewrite network history for "IPADS-5G"WPA_PSK
D/BluetoothManagerService(  908): Added callback: android.bluetooth.IBluetoothManagerCallback$Stub$Proxy@20cdbdbd:true
I/GeofencerStateMachine( 1809): Network location disabled.
E/Mot8974 PowerHAL(  908): Error opening /sys/devices/system/cpu/cpufreq/interactive/sync_freq: Permission denied
E/Mot8974 PowerHAL(  908): Error opening /sys/devices/system/cpu/cpufreq/interactive/up_threshold_any_cpu_freq: Permission denied
E/Mot8974 PowerHAL(  908): Error opening /sys/devices/system/cpu/cpufreq/interactive/up_threshold_any_cpu_load: Permission denied
E/Mot8974 PowerHAL(  908): Error opening /sys/devices/system/cpu/cpufreq/interactive/sync_freq: Permission denied
E/Mot8974 PowerHAL(  908): Error opening /sys/devices/system/cpu/cpufreq/interactive/up_threshold_any_cpu_freq: Permission denied
E/Mot8974 PowerHAL(  908): Error opening /sys/devices/system/cpu/cpufreq/interactive/up_threshold_any_cpu_load: Permission denied
D/ConnectivityService(  908): Got NetworkFactory Messenger for Telephony
D/TelephonyNetworkFactory-1( 1715): releaseAllNetworkRequests
D/ConnectivityService(  908): unregisterNetworkFactory for Telephony
E/Mot8974 PowerHAL(  908): Error opening /sys/devices/system/cpu/cpufreq/interactive/sync_freq: Permission denied
E/Mot8974 PowerHAL(  908): Error opening /sys/devices/system/cpu/cpufreq/interactive/up_threshold_any_cpu_freq: Permission denied
E/Mot8974 PowerHAL(  908): Error opening /sys/devices/system/cpu/cpufreq/interactive/up_threshold_any_cpu_load: Permission denied
E/Mot8974 PowerHAL(  908): Error opening /sys/devices/system/cpu/cpufreq/interactive/sync_freq: Permission denied
E/Mot8974 PowerHAL(  908): Error opening /sys/devices/system/cpu/cpufreq/interactive/up_threshold_any_cpu_freq: Permission denied
E/Mot8974 PowerHAL(  908): Error opening /sys/devices/system/cpu/cpufreq/interactive/up_threshold_any_cpu_load: Permission denied
I/GCoreUlr( 1809): WorldUpdater received intent Intent { act=com.google.android.location.reporting.ACTION_UPDATE_WORLD cmp=com.google.android.gms/com.google.android.location.reporting.service.DispatchingService (has extras) } with receiverAction android.location.PROVIDERS_CHANGED
D/TelephonyNetworkFactory-1( 1715): got request NetworkRequest [ id=1, legacyType=-1, [ Capabilities: INTERNET&NOT_RESTRICTED&TRUSTED&NOT_VPN] ] with score 0
D/TelephonyNetworkFactory-1( 1715): update networkCapabilites for subId = -1
D/TelephonyNetworkFactory-1( 1715): INTERNET capability is removed from subId = -1
D/TelephonyNetworkFactory-1( 1715): Ready to handle network requests
D/PhoneApp( 1715): Radio technology switched. Now GSM is active.
W/AudioTrack( 1715): AUDIO_OUTPUT_FLAG_FAST denied by client
D/CallNotifier( 1715): CallNotifier: mSignalInfoToneGenerator created when toneplay
I/Telephony( 1715): PstnIncomingCallNotifier: Unregistering: Handler (com.android.internal.telephony.cdma.CDMALTEPhone) {2ebc2d45}
I/Telephony( 1715): PstnIncomingCallNotifier: Registering: Handler (com.android.internal.telephony.gsm.GSMPhone) {24fee452}
D/MccTable( 1715): updateMccMncConfiguration mccmnc='null' fromServiceState=true
D/MccTable( 1715): WIFI_COUNTRY_CODE set to 
I/WifiService(  908): WifiService trying to set country code to  with persist set to true
E/WifiStateMachine(  908): Ignoring resetting of country code
I/SFPerfTracer(  292):       trigger: frame rate (-32.584%)	(40.450 fps)	(24.722 ms) 	(6 drops)	(15 frames)
I/SFPerfTracer(  292):      triggers: (rate: 4:184) (compose: 0:1) (post: 0:2) (render: 0:3) (15:420 frames) (16:437)
D/SFPerfTracer(  292):        layers: (1:10) (BootAnimation (0xb7720930): 10:283) (FocusedStackFrame (0xb7671158): 0:2)* (com.android.launcher3/com.android.launcher3.Launcher (0xb7711bd0): 1:28)* ( (0xb7717c50): 0:5)* (StatusBar (0xb771a638): 2:5)* (NavigationBar (0xb771e040): 2:2)* 
E/Mot8974 PowerHAL(  908): Error opening /sys/devices/system/cpu/cpufreq/interactive/sync_freq: Permission denied
E/Mot8974 PowerHAL(  908): Error opening /sys/devices/system/cpu/cpufreq/interactive/up_threshold_any_cpu_freq: Permission denied
E/Mot8974 PowerHAL(  908): Error opening /sys/devices/system/cpu/cpufreq/interactive/up_threshold_any_cpu_load: Permission denied
E/Mot8974 PowerHAL(  908): Error opening /sys/devices/system/cpu/cpufreq/interactive/sync_freq: Permission denied
E/Mot8974 PowerHAL(  908): Error opening /sys/devices/system/cpu/cpufreq/interactive/up_threshold_any_cpu_freq: Permission denied
E/Mot8974 PowerHAL(  908): Error opening /sys/devices/system/cpu/cpufreq/interactive/up_threshold_any_cpu_load: Permission denied
I/ActivityManager(  908): Start proc com.motorola.moto:context_engine for broadcast com.motorola.moto/com.motorola.context.publisher.location.LocationReceiver: pid=2163 uid=10034 gids={50034, 9997, 3003, 1028, 1015, 3001, 3002} abi=armeabi
E/Mot8974 PowerHAL(  908): Error opening /sys/devices/system/cpu/cpufreq/interactive/sync_freq: Permission denied
E/Mot8974 PowerHAL(  908): Error opening /sys/devices/system/cpu/cpufreq/interactive/up_threshold_any_cpu_freq: Permission denied
E/Mot8974 PowerHAL(  908): Error opening /sys/devices/system/cpu/cpufreq/interactive/up_threshold_any_cpu_load: Permission denied
E/Mot8974 PowerHAL(  908): Error opening /sys/devices/system/cpu/cpufreq/interactive/sync_freq: Permission denied
E/Mot8974 PowerHAL(  908): Error opening /sys/devices/system/cpu/cpufreq/interactive/up_threshold_any_cpu_freq: Permission denied
E/Mot8974 PowerHAL(  908): Error opening /sys/devices/system/cpu/cpufreq/interactive/up_threshold_any_cpu_load: Permission denied
E/Mot8974 PowerHAL(  908): Error opening /sys/devices/system/cpu/cpufreq/interactive/sync_freq: Permission denied
E/Mot8974 PowerHAL(  908): Error opening /sys/devices/system/cpu/cpufreq/interactive/up_threshold_any_cpu_freq: Permission denied
E/Mot8974 PowerHAL(  908): Error opening /sys/devices/system/cpu/cpufreq/interactive/up_threshold_any_cpu_load: Permission denied
E/Mot8974 PowerHAL(  908): Error opening /sys/devices/system/cpu/cpufreq/interactive/sync_freq: Permission denied
E/Mot8974 PowerHAL(  908): Error opening /sys/devices/system/cpu/cpufreq/interactive/up_threshold_any_cpu_freq: Permission denied
E/Mot8974 PowerHAL(  908): Error opening /sys/devices/system/cpu/cpufreq/interactive/up_threshold_any_cpu_load: Permission denied
I/art     (  908): Explicit concurrent mark sweep GC freed 7824(390KB) AllocSpace objects, 0(0B) LOS objects, 33% free, 27MB/41MB, paused 800us total 57.216ms
I/ActivityManager(  908): Start proc com.motorola.moto for service com.motorola.moto/com.motorola.assist.engine.AssistService: pid=2183 uid=10034 gids={50034, 9997, 3003, 1028, 1015, 3001, 3002} abi=armeabi
W/com.google.a.a.b.d.a( 2047): Application name is not set. Call Builder#setApplicationName.
E/Mot8974 PowerHAL(  908): Error opening /sys/devices/system/cpu/cpufreq/interactive/sync_freq: Permission denied
E/Mot8974 PowerHAL(  908): Error opening /sys/devices/system/cpu/cpufreq/interactive/up_threshold_any_cpu_freq: Permission denied
E/Mot8974 PowerHAL(  908): Error opening /sys/devices/system/cpu/cpufreq/interactive/up_threshold_any_cpu_load: Permission denied
E/Mot8974 PowerHAL(  908): Error opening /sys/devices/system/cpu/cpufreq/interactive/sync_freq: Permission denied
E/Mot8974 PowerHAL(  908): Error opening /sys/devices/system/cpu/cpufreq/interactive/up_threshold_any_cpu_freq: Permission denied
E/Mot8974 PowerHAL(  908): Error opening /sys/devices/system/cpu/cpufreq/interactive/up_threshold_any_cpu_load: Permission denied
D/BluetoothManagerService(  908): Message: 20
D/BluetoothManagerService(  908): Added callback: android.bluetooth.IBluetoothManagerCallback$Stub$Proxy@27a5f52f:true
I/CE-WorkerService( 2163): Location mode changed: 0
E/Mot8974 PowerHAL(  908): Error opening /sys/devices/system/cpu/cpufreq/interactive/sync_freq: Permission denied
E/Mot8974 PowerHAL(  908): Error opening /sys/devices/system/cpu/cpufreq/interactive/up_threshold_any_cpu_freq: Permission denied
E/Mot8974 PowerHAL(  908): Error opening /sys/devices/system/cpu/cpufreq/interactive/up_threshold_any_cpu_load: Permission denied
I/SBar.MotoNetworkCtrlr( 1363): onReceive: WifiManager.WIFI_STATE_CHANGED_ACTION Received
I/SBar.MotoNetworkCtrlr( 1363): updateWifiState: WIFI_STATE_CHANGED_ACTION: Changed mWifiEnabled=true
I/SBar.MotoNetworkCtrlr( 1363): refreshViews: mSettingShortNameAllowedByUser[ phoneId ]=true
I/SBar.MotoNetworkCtrlr( 1363): updateNetworkName[0]: showSpn=false spn= showPlmn=false plmn= phoneId=0
I/SBar.MotoNetworkCtrlr( 1363): updateTelephonySignalStrength[0]:  No service
D/WifiService(  908): New client listening to asynchronous messages
I/SBar.MotoNetworkCtrlr( 1363): updateDataIcon[0]: mCurrentDataSubId=-1000 maps to: dataPhoneId:0 ( SubscriptionManager.getPhoneId returned -1000=0xfffffc18 )
I/SBar.MotoNetworkCtrlr( 1363): refreshViews[0]: mCurrentDataSubId=-1000 maps to: dataPhoneId:0 ( SubscriptionManager.getPhoneId returned -1000=0xfffffc18 )
I/SBar.MotoNetworkCtrlr( 1363): refreshSignalCluster[0]: wifi: mWifiConnected=false Wifi=0x7f020133=stat_sys_wifi_signal_null Activity=0x00000000=( none ) Accessibility="WLAN 连接已断开。"
I/SBar.MotoNetworkCtrlr( 1363): refreshSignalCluster[0]: mobile: Signal=0x7f02045a=zz_moto_stat_sys_signal_no_signal_of_4_wide Roaming=0x00000000=( none ) mSimIconId=0x00000000=( none ) Accessibility="","无服务",""
I/SBar.MotoNetworkCtrlr( 1363): onReceive: WifiManager.NETWORK_STATE_CHANGED_ACTION Received
I/SBar.MotoNetworkCtrlr( 1363): updateWifiState: NETWORK_STATE_CHANGED_ACTION: Changed mWifiConnected=false mWifiSsid="null" mWifiLevel=0 mWifiRssi=-200
I/SBar.MotoNetworkCtrlr( 1363): updateTelephonySignalStrength[0]:  No service
I/SBar.MotoNetworkCtrlr( 1363): updateDataIcon[0]: mCurrentDataSubId=-1000 maps to: dataPhoneId:0 ( SubscriptionManager.getPhoneId returned -1000=0xfffffc18 )
I/SBar.MotoNetworkCtrlr( 1363): refreshViews[0]: mCurrentDataSubId=-1000 maps to: dataPhoneId:0 ( SubscriptionManager.getPhoneId returned -1000=0xfffffc18 )
D/KeyguardUpdateMonitor( 1363): ACTION_SIM_STATE_CHANGED intent received on sub = 0
I/SBar.MotoNetworkCtrlr( 1363): onReceive: ACTION_SIM_STATE_CHANGED Recieved, mCurrentDataSubId=-1000 was changed, maps to: dataPhoneId:0 ( SubscriptionManager.getPhoneId returned -1000=0xfffffc18 )
I/SBar.MotoNetworkCtrlr( 1363): onReceive: ACTION_SIM_STATE_CHANGED Recieved, intent.getIntExtra( PhoneConstants.PHONE_KEY, -1 )=0 maps to: phoneId:0 ( SubscriptionManager.getPhoneId returned 0=0x00000000 )
I/SBar.MotoNetworkCtrlr( 1363): updateSimState[0]: mSimState[0]=NOT_READY=IccCardConstants.State.NOT_READY
I/SBar.MotoNetworkCtrlr( 1363): updateTelephonySignalStrength[0]:  No service
I/SBar.MotoNetworkCtrlr( 1363): updateDataIcon[0]: mCurrentDataSubId=-1000 maps to: dataPhoneId:0 ( SubscriptionManager.getPhoneId returned -1000=0xfffffc18 )
I/SBar.MotoNetworkCtrlr( 1363): refreshViews[0]: mCurrentDataSubId=-1000 maps to: dataPhoneId:0 ( SubscriptionManager.getPhoneId returned -1000=0xfffffc18 )
I/SFPerfTracer(  292):       trigger: frame rate (-28.789%)	(42.727 fps)	(23.404 ms) 	(2 drops)	(10 frames)
I/SFPerfTracer(  292):      triggers: (rate: 5:186) (compose: 0:1) (post: 0:2) (render: 0:3) (10:432 frames) (11:452)
D/SFPerfTracer(  292):        layers: (1:11) (BootAnimation (0xb7720930): 8:293) (FocusedStackFrame (0xb7671158): 0:3)* (com.android.launcher3/com.android.launcher3.Launcher (0xb7711bd0): 0:29)* ( (0xb7717c50): 0:5)* (StatusBar (0xb771a638): 0:6)* (NavigationBar (0xb771e040): 0:3)* (com.android.systemui.ImageWallpaper (0xb7726f20): 1:3)* 
I/SBar.MotoNetworkCtrlr( 1363): updateTelephonySignalStrength[0]:  No service
I/SBar.MotoNetworkCtrlr( 1363): updateDataIcon[0]: mCurrentDataSubId=-1000 maps to: dataPhoneId:0 ( SubscriptionManager.getPhoneId returned -1000=0xfffffc18 )
I/SBar.MotoNetworkCtrlr( 1363): refreshViews[0]: mCurrentDataSubId=-1000 maps to: dataPhoneId:0 ( SubscriptionManager.getPhoneId returned -1000=0xfffffc18 )
I/SBar.MotoNetworkCtrlr( 1363): PhoneStateListener[0].onServiceStateChanged: state=3 3 home voice home data home null null null null null null  Unknown Unknown CSS not supported -1 -1 RoamInd=-1 DefRoamInd=-1 EmergOnly=false VoiceState=3=STATE_POWER_OFF DataState=3=STATE_POWER_OFF
I/SBar.MotoNetworkCtrlr( 1363): updateNetworkName[0]: showSpn=false spn= showPlmn=false plmn= phoneId=0
I/SBar.MotoNetworkCtrlr( 1363): updateTelephonySignalStrength[0]:  No service
I/SBar.MotoNetworkCtrlr( 1363): updateDataIcon[0]: mCurrentDataSubId=-1000 maps to: dataPhoneId:0 ( SubscriptionManager.getPhoneId returned -1000=0xfffffc18 )
I/SBar.MotoNetworkCtrlr( 1363): refreshViews[0]: mCurrentDataSubId=-1000 maps to: dataPhoneId:0 ( SubscriptionManager.getPhoneId returned -1000=0xfffffc18 )
D/KeyguardUpdateMonitor( 1363): ACTION_SERVICE_STATE_CHANGED on sub: 0 showSpn:false showPlmn:false
I/ServiceManager(  377): Waiting for service AtCmdFwd...
I/ActivityManager(  908): Start proc com.google.android.keep for broadcast com.google.android.keep/.notification.AlertReceiver: pid=2204 uid=10103 gids={50103, 9997, 3003, 1028, 1015} abi=armeabi-v7a
V/KeyguardServiceDelegate(  908): *** Keyguard connected (yay!)
D/KeyguardUpdateMonitor( 1363): ACTION_SIM_STATE_CHANGED intent received on sub = 0
E/AMonitor.az( 1648): Unzip failed; skipping
I/art     ( 1809): Explicit concurrent mark sweep GC freed 31328(2MB) AllocSpace objects, 25(400KB) LOS objects, 40% free, 19MB/32MB, paused 530us total 94.284ms
I/SBar.MotoNetworkCtrlr( 1363): onReceive: ACTION_SIM_STATE_CHANGED Recieved, mCurrentDataSubId=-1000 was changed, maps to: dataPhoneId:0 ( SubscriptionManager.getPhoneId returned -1000=0xfffffc18 )
I/SBar.MotoNetworkCtrlr( 1363): onReceive: ACTION_SIM_STATE_CHANGED Recieved, intent.getIntExtra( PhoneConstants.PHONE_KEY, -1 )=0 maps to: phoneId:0 ( SubscriptionManager.getPhoneId returned 0=0x00000000 )
I/SBar.MotoNetworkCtrlr( 1363): updateSimState[0]: mSimState[0]=UNKNOWN=IccCardConstants.State.UNKNOWN
I/SBar.MotoNetworkCtrlr( 1363): updateTelephonySignalStrength[0]:  No service
E/Mot8974 PowerHAL(  908): Error opening /sys/devices/system/cpu/cpufreq/interactive/sync_freq: Permission denied
E/Mot8974 PowerHAL(  908): Error opening /sys/devices/system/cpu/cpufreq/interactive/up_threshold_any_cpu_freq: Permission denied
E/Mot8974 PowerHAL(  908): Error opening /sys/devices/system/cpu/cpufreq/interactive/up_threshold_any_cpu_load: Permission denied
I/SBar.MotoNetworkCtrlr( 1363): updateDataIcon[0]: mCurrentDataSubId=-1000 maps to: dataPhoneId:0 ( SubscriptionManager.getPhoneId returned -1000=0xfffffc18 )
I/SBar.MotoNetworkCtrlr( 1363): refreshViews[0]: mCurrentDataSubId=-1000 maps to: dataPhoneId:0 ( SubscriptionManager.getPhoneId returned -1000=0xfffffc18 )
D/VoldCmdListener(  291): cryptfs getpw
D/VoldCmdListener(  291): cryptfs clearpw
I/GCoreUlr( 1809): WorldUpdater:android.location.PROVIDERS_CHANGED: Ensuring that reporting is stopped because of reasons: {account#-14#=[InactiveReason{mVersionCode=0, mIdentifier=12, mName='LocationDisabled'}, InactiveReason{mVersionCode=0, mIdentifier=4, mName='GoogleLocationDisabled'}, InactiveReason{mVersionCode=0, mIdentifier=6, mName='ReportingNotEnabled'}]}
I/SBar.MotoNetworkCtrlr( 1363): refreshSignalCluster[0]: mobile: Signal=0x7f02045a=zz_moto_stat_sys_signal_no_signal_of_4_wide Roaming=0x00000000=( none ) mSimIconId=0x7f020394=zz_moto_stat_sys_no_sim_wide Accessibility="","无服务","无 SIM 卡。"
I/SBar.MotoNetworkCtrlr( 1363): updateTelephonySignalStrength[0]:  No service
I/SBar.MotoNetworkCtrlr( 1363): updateDataIcon[0]: mCurrentDataSubId=-1000 maps to: dataPhoneId:0 ( SubscriptionManager.getPhoneId returned -1000=0xfffffc18 )
I/SBar.MotoNetworkCtrlr( 1363): refreshViews[0]: mCurrentDataSubId=-1000 maps to: dataPhoneId:0 ( SubscriptionManager.getPhoneId returned -1000=0xfffffc18 )
I/SBar.MotoNetworkCtrlr( 1363): PhoneStateListener[0].onSignalStrengthsChanged:SignalStrength: 99 0 -120 -160 -120 -1 -1 99 2147483647 2147483647 2147483647 2147483647 2147483647 cdma 0 -108 -1 false 0 0 0 0 0 99 99 99 4 0 level=0
I/SBar.MotoNetworkCtrlr( 1363): updateTelephonySignalStrength[0]:  No service
I/SBar.MotoNetworkCtrlr( 1363): updateDataIcon[0]: mCurrentDataSubId=-1000 maps to: dataPhoneId:0 ( SubscriptionManager.getPhoneId returned -1000=0xfffffc18 )
I/SBar.MotoNetworkCtrlr( 1363): refreshViews[0]: mCurrentDataSubId=-1000 maps to: dataPhoneId:0 ( SubscriptionManager.getPhoneId returned -1000=0xfffffc18 )
D/KeyguardUpdateMonitor( 1363): ACTION_SIM_STATE_CHANGED intent received on sub = 0
I/SBar.MotoNetworkCtrlr( 1363): onReceive: ACTION_SIM_STATE_CHANGED Recieved, mCurrentDataSubId=-1000 was changed, maps to: dataPhoneId:0 ( SubscriptionManager.getPhoneId returned -1000=0xfffffc18 )
I/SBar.MotoNetworkCtrlr( 1363): onReceive: ACTION_SIM_STATE_CHANGED Recieved, intent.getIntExtra( PhoneConstants.PHONE_KEY, -1 )=0 maps to: phoneId:0 ( SubscriptionManager.getPhoneId returned 0=0x00000000 )
I/SBar.MotoNetworkCtrlr( 1363): updateSimState[0]: mSimState[0]=ABSENT=IccCardConstants.State.ABSENT
I/SBar.MotoNetworkCtrlr( 1363): updateTelephonySignalStrength[0]:  No service
I/SBar.MotoNetworkCtrlr( 1363): updateDataIcon[0]: mCurrentDataSubId=-1000 maps to: dataPhoneId:0 ( SubscriptionManager.getPhoneId returned -1000=0xfffffc18 )
I/SBar.MotoNetworkCtrlr( 1363): refreshViews[0]: mCurrentDataSubId=-1000 maps to: dataPhoneId:0 ( SubscriptionManager.getPhoneId returned -1000=0xfffffc18 )
I/SBar.MotoNetworkCtrlr( 1363): updateTelephonySignalStrength[0]:  No service
I/SBar.MotoNetworkCtrlr( 1363): updateDataIcon[0]: mCurrentDataSubId=-1000 maps to: dataPhoneId:0 ( SubscriptionManager.getPhoneId returned -1000=0xfffffc18 )
I/SBar.MotoNetworkCtrlr( 1363): refreshViews[0]: mCurrentDataSubId=-1000 maps to: dataPhoneId:0 ( SubscriptionManager.getPhoneId returned -1000=0xfffffc18 )
I/SBar.MotoNetworkCtrlr( 1363): onReceive: ACTION_SUBINFO_RECORD_UPDATED Received
I/SBar.MotoNetworkCtrlr( 1363): onReceive: ACTION_SUBINFO_RECORD_UPDATED Recieved, mCurrentDataSubId=-1000 was changed, maps to: dataPhoneId:0 ( SubscriptionManager.getPhoneId returned -1000=0xfffffc18 )
I/SBar.MotoNetworkCtrlr( 1363): updateTelephonySignalStrength[0]:  No service
I/SBar.MotoNetworkCtrlr( 1363): updateDataIcon[0]: mCurrentDataSubId=-1000 maps to: dataPhoneId:0 ( SubscriptionManager.getPhoneId returned -1000=0xfffffc18 )
I/SBar.MotoNetworkCtrlr( 1363): refreshViews[0]: mCurrentDataSubId=-1000 maps to: dataPhoneId:0 ( SubscriptionManager.getPhoneId returned -1000=0xfffffc18 )
I/SBar.MotoNetworkCtrlr( 1363): PhoneStateListener[0].onServiceStateChanged: state=1 1 home voice home data home null null 00000 null null 00000  Unknown Unknown CSS not supported 0 0 RoamInd=1 DefRoamInd=1 EmergOnly=false VoiceState=1=STATE_OUT_OF_SERVICE DataState=1=STATE_OUT_OF_SERVICE
I/SBar.MotoNetworkCtrlr( 1363): updateNetworkName[0]: showSpn=false spn= showPlmn=false plmn= phoneId=0
I/SBar.MotoNetworkCtrlr( 1363): updateTelephonySignalStrength[0]:  No service
I/SBar.MotoNetworkCtrlr( 1363): updateDataIcon[0]: mCurrentDataSubId=-1000 maps to: dataPhoneId:0 ( SubscriptionManager.getPhoneId returned -1000=0xfffffc18 )
I/SBar.MotoNetworkCtrlr( 1363): refreshViews[0]: mCurrentDataSubId=-1000 maps to: dataPhoneId:0 ( SubscriptionManager.getPhoneId returned -1000=0xfffffc18 )
D/KeyguardUpdateMonitor( 1363): ACTION_SERVICE_STATE_CHANGED on sub: 0 showSpn:false showPlmn:false
D/KeyguardUpdateMonitor( 1363): ACTION_SIM_STATE_CHANGED intent received on sub = 0
I/SBar.MotoNetworkCtrlr( 1363): onReceive: ACTION_SIM_STATE_CHANGED Recieved, mCurrentDataSubId=-1000 was changed, maps to: dataPhoneId:0 ( SubscriptionManager.getPhoneId returned -1000=0xfffffc18 )
I/SBar.MotoNetworkCtrlr( 1363): onReceive: ACTION_SIM_STATE_CHANGED Recieved, intent.getIntExtra( PhoneConstants.PHONE_KEY, -1 )=0 maps to: phoneId:0 ( SubscriptionManager.getPhoneId returned 0=0x00000000 )
I/SBar.MotoNetworkCtrlr( 1363): updateSimState[0]: mSimState[0]=ABSENT=IccCardConstants.State.ABSENT
I/SBar.MotoNetworkCtrlr( 1363): updateTelephonySignalStrength[0]:  No service
I/SBar.MotoNetworkCtrlr( 1363): updateDataIcon[0]: mCurrentDataSubId=-1000 maps to: dataPhoneId:0 ( SubscriptionManager.getPhoneId returned -1000=0xfffffc18 )
I/SBar.MotoNetworkCtrlr( 1363): refreshViews[0]: mCurrentDataSubId=-1000 maps to: dataPhoneId:0 ( SubscriptionManager.getPhoneId returned -1000=0xfffffc18 )
I/SBar.MotoNetworkCtrlr( 1363): updateTelephonySignalStrength[0]:  No service
I/SBar.MotoNetworkCtrlr( 1363): updateDataIcon[0]: mCurrentDataSubId=-1000 maps to: dataPhoneId:0 ( SubscriptionManager.getPhoneId returned -1000=0xfffffc18 )
I/SBar.MotoNetworkCtrlr( 1363): refreshViews[0]: mCurrentDataSubId=-1000 maps to: dataPhoneId:0 ( SubscriptionManager.getPhoneId returned -1000=0xfffffc18 )
I/GCoreUlr( 1809): Unbound from all location providers
I/GCoreUlr( 1809): Place inference reporting - stopped
E/Mot8974 PowerHAL(  908): Error opening /sys/devices/system/cpu/cpufreq/interactive/sync_freq: Permission denied
E/Mot8974 PowerHAL(  908): Error opening /sys/devices/system/cpu/cpufreq/interactive/up_threshold_any_cpu_freq: Permission denied
E/Mot8974 PowerHAL(  908): Error opening /sys/devices/system/cpu/cpufreq/interactive/up_threshold_any_cpu_load: Permission denied
I/GAv4-SVC( 1809): Google Analytics 8.4.89 is starting up.
I/Choreographer( 1363): Skipped 61 frames!  The application may be doing too much work on its main thread.
D/OpenGLRenderer( 1363): setting property extraRasterBucket to 0.95
D/OpenGLRenderer( 1363):     failed
D/OpenGLRenderer( 1363): setting property extraRasterBucket to 0.0
D/OpenGLRenderer( 1363):     failed
W/Settings( 1809): Setting airplane_mode_on has moved from android.provider.Settings.System to android.provider.Settings.Global, returning read-only value.
W/asset   ( 1750): Asset path /system/framework/com.motorola.gallery is neither a directory nor file (type=1).
W/ResourcesManager( 1750): Asset path '/system/framework/com.motorola.gallery' does not exist or contains no resources.
W/ResourcesManager( 1750): Asset path '/system/framework/com.google.android.media.effects.jar' does not exist or contains no resources.
W/ResourcesManager( 1750): Asset path '/system/framework/com.motorola.frameworks.core.addon.jar' does not exist or contains no resources.
D/KeyguardUpdateMonitor( 1363): Received SPN update on sub :0
I/SBar.MotoNetworkCtrlr( 1363): onReceive: SPN_STRINGS_UPDATED_ACTION Recieved, intent.getIntExtra( PhoneConstants.PHONE_KEY, -1 )=0 maps to: phoneId:0 ( SubscriptionManager.getPhoneId returned 0=0x00000000 )
I/SBar.MotoNetworkCtrlr( 1363):      showSpn=false spn= showPlmn=true plmn=只能拨打紧急呼救电话 phoneId=0
I/SBar.MotoNetworkCtrlr( 1363): updateNetworkName[0]: showSpn=false spn= showPlmn=true plmn=只能拨打紧急呼救电话 phoneId=0
I/SBar.MotoNetworkCtrlr( 1363): updateTelephonySignalStrength[0]:  No service
I/SBar.MotoNetworkCtrlr( 1363): updateDataIcon[0]: mCurrentDataSubId=-1000 maps to: dataPhoneId:0 ( SubscriptionManager.getPhoneId returned -1000=0xfffffc18 )
I/SBar.MotoNetworkCtrlr( 1363): refreshViews[0]: mCurrentDataSubId=-1000 maps to: dataPhoneId:0 ( SubscriptionManager.getPhoneId returned -1000=0xfffffc18 )
I/SBar.MotoNetworkCtrlr( 1363): PhoneStateListener[0].onServiceStateChanged: state=1 1 home voice home data home null null null null null null  Unknown Unknown CSS not supported 0 0 RoamInd=0 DefRoamInd=0 EmergOnly=true VoiceState=1=STATE_OUT_OF_SERVICE DataState=1=STATE_OUT_OF_SERVICE
I/art     ( 1856): Explicit concurrent mark sweep GC freed 7552(379KB) AllocSpace objects, 0(0B) LOS objects, 40% free, 15MB/26MB, paused 679us total 21.865ms
I/SBar.MotoNetworkCtrlr( 1363): updateNetworkName[0]: showSpn=false spn= showPlmn=true plmn=只能拨打紧急呼救电话 phoneId=0
I/SBar.MotoNetworkCtrlr( 1363): updateTelephonySignalStrength[0]:  No service
W/ResourcesManager( 1750): Asset path '/system/framework/com.google.android.maps.jar' does not exist or contains no resources.
I/SBar.MotoNetworkCtrlr( 1363): updateDataIcon[0]: mCurrentDataSubId=-1000 maps to: dataPhoneId:0 ( SubscriptionManager.getPhoneId returned -1000=0xfffffc18 )
I/SBar.MotoNetworkCtrlr( 1363): refreshViews[0]: mCurrentDataSubId=-1000 maps to: dataPhoneId:0 ( SubscriptionManager.getPhoneId returned -1000=0xfffffc18 )
D/KeyguardUpdateMonitor( 1363): ACTION_SERVICE_STATE_CHANGED on sub: 0 showSpn:false showPlmn:true
I/SurfaceFlinger(  292): Boot is finished (21318 ms)
W/TimedEventQueue(  358): Event 71 was not found in the queue, already cancelled?
D/PhoneStatusBar( 1363): disable: < expand ICONS* alerts SYSTEM_INFO* back home recent clock search >
I/SBar.MotoNetworkCtrlr( 1363): notifySignalsChangedCallbacks[0]: mWifiEnabled=true mWifiConnected=false mWifiEnabled=true
I/SBar.MotoNetworkCtrlr( 1363):  wifiSignal=0x7f0200a4=ic_qs_wifi_no_network="WLAN 连接已断开。"="null"
I/SBar.MotoNetworkCtrlr( 1363):  activity=0x00000000=( none )="(empty)" in=false out=false
I/SBar.MotoNetworkCtrlr( 1363): notifySignalsChangedCallbacks[0]: isEmergencyOnly( 0 )=true mobileEnabled=false sim=0x7f020285=zz_moto_ic_qs_signal_no_sim_wide="( empty )" signal=0x7f02027f=zz_moto_ic_qs_signal_no_signal_of_4_wide="" roaming=0x00000000=( none )=""
I/SBar.MotoNetworkCtrlr( 1363):  type=0x00000000=( none )="没有数据网络信号。" activity=0x00000000=( none )="( empty )" in=false out=false
I/SBar.MotoNetworkCtrlr( 1363):  phone=1="1" network="只能拨打紧急呼救电话"
D/BluetoothAdapter( 1363): 980252449: getState() :  mService = null. Returning STATE_OFF
D/BluetoothAdapter( 1363): 980252449: getState() :  mService = null. Returning STATE_OFF
I/SBar.MotoNetworkCtrlr( 1363): notifySignalsChangedCallbacks[0]: mWifiEnabled=true mWifiConnected=false mWifiEnabled=true
I/SBar.MotoNetworkCtrlr( 1363):  wifiSignal=0x7f0200a4=ic_qs_wifi_no_network="WLAN 连接已断开。"="null"
I/SBar.MotoNetworkCtrlr( 1363):  activity=0x00000000=( none )="(empty)" in=false out=false
I/SBar.MotoNetworkCtrlr( 1363): notifySignalsChangedCallbacks[0]: isEmergencyOnly( 0 )=true mobileEnabled=false sim=0x7f020285=zz_moto_ic_qs_signal_no_sim_wide="( empty )" signal=0x7f02027f=zz_moto_ic_qs_signal_no_signal_of_4_wide="" roaming=0x00000000=( none )=""
I/SBar.MotoNetworkCtrlr( 1363):  type=0x00000000=( none )="没有数据网络信号。" activity=0x00000000=( none )="( empty )" in=false out=false
I/SBar.MotoNetworkCtrlr( 1363):  phone=1="1" network="只能拨打紧急呼救电话"
E/        (  358): Destroy C2D instance
E/        (  358): Destroy C2D instance
D/BluetoothAdapter( 1363): 980252449: getState() :  mService = null. Returning STATE_OFF
D/BluetoothAdapter( 1363): 980252449: getState() :  mService = null. Returning STATE_OFF
E/MediaPlayer(  874): stop called in state 1
E/libEGL  (  874): eglDestroyContext:674 error 3006 (EGL_BAD_CONTEXT)
E/libEGL  (  874): eglDestroySurface:572 error 300d (EGL_BAD_SURFACE)
D/Tethering(  908): exception when get active network info: java.lang.NullPointerException: Attempt to invoke virtual method 'int android.net.NetworkInfo.getType()' on a null object reference
W/Settings(  908): Setting tether_dun_apn has moved from android.provider.Settings.Secure to android.provider.Settings.Global.
E/Tethering(  908): ApnList is empty for checkDunConfigured()
D/Tethering(  908):  upstream interface types: 
D/Tethering(  908):  0
D/Tethering(  908):  1
D/Tethering(  908):  5
D/Tethering(  908):  7
D/BluetoothAdapter( 1809): 925865327: getState() :  mService = null. Returning STATE_OFF
I/BleScanCompatLib( 1809): Building BLE scanner compat:  'L/M' hardware access layer is not available: BluetoothAdapter.getBluetoothLeScanner() is null.
I/BleScanCompatLib( 1809): BLE 'JB+' software access layer enabled
E/Mot8974 PowerHAL(  908): Error opening /sys/devices/system/cpu/cpufreq/interactive/sync_freq: Permission denied
E/Mot8974 PowerHAL(  908): Error opening /sys/devices/system/cpu/cpufreq/interactive/up_threshold_any_cpu_freq: Permission denied
E/Mot8974 PowerHAL(  908): Error opening /sys/devices/system/cpu/cpufreq/interactive/up_threshold_any_cpu_load: Permission denied
