D/QCameraHWI_Mem(  358): static int qcamera::QCameraMemory::allocOneBuffer(qcamera::QCameraMemory::QCameraMemInfo&, int, int, bool) : ION buffer 0x1 with size 283776 allocated
E/QCameraHWI_Mem(  358): int qcamera::QCameraMemoryPool::allocateBuffer(qcamera::QCameraMemory::QCameraMemInfo&, int, int, bool, cam_stream_type_t) : Buffer not found!
D/QCameraHWI_Mem(  358): static int qcamera::QCameraMemory::allocOneBuffer(qcamera::QCameraMemory::QCameraMemInfo&, int, int, bool) : ION buffer 0x1 with size 283776 allocated
E/QCameraHWI_Mem(  358): int qcamera::QCameraMemoryPool::allocateBuffer(qcamera::QCameraMemory::QCameraMemInfo&, int, int, bool, cam_stream_type_t) : Buffer not found!
D/QCameraHWI_Mem(  358): static int qcamera::QCameraMemory::allocOneBuffer(qcamera::QCameraMemory::QCameraMemInfo&, int, int, bool) : ION buffer 0x1 with size 283776 allocated
E/QCameraHWI_Mem(  358): int qcamera::QCameraMemoryPool::allocateBuffer(qcamera::QCameraMemory::QCameraMemInfo&, int, int, bool, cam_stream_type_t) : Buffer not found!
D/QCameraHWI_Mem(  358): static int qcamera::QCameraMemory::allocOneBuffer(qcamera::QCameraMemory::QCameraMemInfo&, int, int, bool) : ION buffer 0x1 with size 283776 allocated
E/mm-camera-intf(  358): mm_stream_request_buf: buf_num = 9, stream type = 7
D/mm-camera-intf(  358): mm_stream_qbuf: Starting poll on stream 0xb7b24ec0 type: 7
D/mm-camera-intf(  358): mm_stream_qbuf: Started poll on stream 0xb7b24ec0 type: 7
E/mm-camera(  380): mct_pipeline_process_set: stream_type = 7
E/QCameraParameters(  358): int qcamera::QCameraParameters::getPreviewHalPixelFormat() const: format 17
D/QCameraHWI_Mem(  358):  virtual int qcamera::QCameraGrallocMemory::allocate(int, int) : E 
D/QCameraHWI_Mem(  358): virtual int qcamera::QCameraGrallocMemory::allocate(int, int): usage = 1073872896, geometry: 0xb7b366b0, 320, 240, 320, 240, 17
W/LocationProviderProxy-network(  908): com.google.android.gms resolves service com.android.location.service.v3.NetworkLocationProvider, but has wrong signature, ignoring
W/LocationProviderProxy-fused(  908): com.google.android.gms resolves service com.android.location.service.FusedLocationProvider, but has wrong signature, ignoring
W/GeocoderProxy(  908): com.google.android.gms resolves service com.android.location.service.GeocodeProvider, but has wrong signature, ignoring
V/BackupManagerService(  908): Scheduling immediate backup pass
D/QCameraHWI_Mem(  358):  virtual int qcamera::QCameraGrallocMemory::allocate(int, int) : X 
W/ResourcesManager( 4291): Asset path '/system/framework/android.test.runner.jar' does not exist or contains no resources.
E/mm-camera-intf(  358): mm_stream_request_buf: buf_num = 10, stream type = 1
D/mm-camera-intf(  358): mm_stream_qbuf: Starting poll on stream 0xb7b25078 type: 1
D/mm-camera-intf(  358): mm_stream_qbuf: Started poll on stream 0xb7b25078 type: 1
E/mm-camera(  380): mct_pipeline_process_set: stream_type = 1
E/mm-camera-sensor(  380): module_sensor_stream_on:1497 ide 20002 SENSOR_START_STREAM
E/mm-camera-sensor(  380): module_sensor_is_ready_for_stream_on:822 any bundle started 0
E/mm-camera-sensor(  380): module_sensor_is_ready_for_stream_on:860 bundle_info->stream_on_count 1
E/mm-camera-sensor(  380): module_sensor_is_ready_for_stream_on:862 bundle_info->bundle_config.num_of_streams 2
E/mm-camera-sensor(  380): module_sensor_is_ready_for_stream_on:863 s_bundle->stream_on_count 0
E/mm-camera-sensor(  380): module_sensor_is_ready_for_stream_on:864 is_bundle_started 0
D/mm-camera-CORE(  380): RECEIVED CAL IN AWB
E/mm-camera-sensor(  380): modules_sensor_set_new_resolution:960 SENSOR_SET_RESOLUTION 1920*1080 mask a
E/mm-camera-sensor(  380): sensor_set_resolution:1892 Enter
E/mm-camera-sensor(  380): sensor_set_resolution:1916 Requested width 1920, height 1080
E/mm-camera-sensor(  380): sensor_set_resolution:1918 Requested stream mask a hfr mode 0 Cur fps 30.000000
E/mm-camera-sensor(  380): sensor_pick_resolution:1678 Enter
E/mm-camera-sensor(  380): sensor_pick_resolution:1697 Height 1080 Width 1920
E/mm-camera-sensor(  380): sensor_pick_resolution:1714 req_asp_ratio 177 stream type a
E/mm-camera-sensor(  380): sensor_pick_resolution:1803 req_asp_ratio 177 sup_asp_ratio 177
E/mm-camera-sensor(  380): sensor_pick_resolution:1807 fabs 0
E/mm-camera-sensor(  380): sensor_pick_resolution:1817 pick res 0
E/mm-camera-sensor(  380): sensor_pick_resolution:1869 Exit
E/mm-camera-sensor(  380): sensor_set_resolution:1927 Curr Res ID 8 New Res ID 0 New FPS 30.000000
E/mm-camera-sensor(  380): sensor_set_resolution:2073 Exit
E/mm-camera(  380): decide_isp_nums_camif: num_isp = 1
E/mm-camera(  380): decide_isp_nums_camif: num_isp = 1
E/mm-camera(  380): port_isp_module_event: E, identity = 0x20002, IFACE_SET_STREAM_CONFIG
E/mm-camera(  380): isp_sink_port_stream_config: E, session_id = 2, stream_id = 2, stream_type = 1
E/mm-camera(  380): isp_sink_port_stream_config: session_id = 2, stream_id = 2, is_split = 0
E/mm-camera(  380): isp_sink_port_stream_config: old vfe_id_mask = 0x0, new vfe_id_mask = 0x1
D/BackupManagerService(  908): Received broadcast Intent { act=android.intent.action.PACKAGE_CHANGED dat=package:com.motorola.genie flg=0x4000010 (has extras) }
V/BackupManagerService(  908): Connected to transport ComponentInfo{com.google.android.gms/com.google.android.gms.backup.BackupTransportService}
V/BackupManagerService(  908): Registering transport com.google.android.gms/.backup.BackupTransportService::com.google.android.gms/.backup.BackupTransportService = com.android.internal.backup.IBackupTransport$Stub$Proxy@1476aefd
E/mm-camera(  380): port_isp_module_event: E, identity = 0x20003, IFACE_SET_STREAM_CONFIG
E/mm-camera(  380): isp_sink_port_stream_config: E, session_id = 2, stream_id = 3, stream_type = 3
E/mm-camera(  380): isp_sink_port_stream_config: session_id = 2, stream_id = 3, is_split = 0
E/mm-camera(  380): isp_sink_port_stream_config: old vfe_id_mask = 0x1, new vfe_id_mask = 0x1
D/mm-camera-CORE(  380): AEC_SET_PARAM_INIT_SENSOR_INFO in AEC, sensor position = 1
D/mm-camera-CORE(  380): sensor postion change find, cur id=0, new id=1, reset AL
V/BackupManagerService(  908): Running a backup pass
E/mm-camera-sensor(  380): chromatix_whitebalance_calibration:755 WB calibration data is invalid!
V/BackupManagerService(  908): clearing pending backups
E/mm-camera-CORE(  380): af_get_params: Focus is not initialized yet
E/mm-camera-CORE(  380): af_get_params: Focus is not initialized yet
V/PerformBackupTask(  908): Beginning backup of 10 targets
D/PerformBackupTask(  908): invokeAgentForBackup on @pm@
V/BackupServiceBinder(  908): doBackup() invoked
E/PMBA    (  908): No global metadata in state file!
I/PMBA    (  908): Previous metadata null mismatch vs 18 - rewriting
E/mm-camera(  380): isp_tintless_config: tint_correction_strength updated to 4
E/mm-camera(  380): isp_tintless_update_chromatix_params: lib returned config err=0
E/mm-camera(  380): port_isp_mct_ctrl_cmd: E, identity = 0x20002, STREAMON
E/alPrinter(  380): [AIS-REV] AlAis  :2014.1029.2253::[0xd00001a1], AisWrap:2014.1111.1145::[0xd00006d9]
D/alPrinter(  380): [AIS-REV] AIS_WRAP: 01.d5.00
D/alPrinter(  380): [AIS-REV] A E_WRAP: 01.d3.00
D/alPrinter(  380): [AIS-REV] AWB_WRAP: 01.d2.13
D/mm-camera-CORE(  380): AIS GTM ENABLED:1
D/mm-camera-CORE(  380): Updated aec preview_width to 320 and preview_height to 240
D/mm-camera-CORE(  380): AWB_SET_PARAM_OP_MODE:Q3A_OPERATION_MODE_PREVIEW->AIS_CAMERA_MODE_ZSL(DscPrv)
D/mm-camera-CORE(  380): update adapter handle for AWB
W/LocationProviderProxy-network(  908): com.google.android.gms resolves service com.android.location.service.v3.NetworkLocationProvider, but has wrong signature, ignoring
W/LocationProviderProxy-fused(  908): com.google.android.gms resolves service com.android.location.service.FusedLocationProvider, but has wrong signature, ignoring
D/mm-camera-CORE(  380): AWB_SET_PARAM_INIT_CHROMATIX_SENSOR E
D/mm-camera-CORE(  380): AEC_SET_PARAM_EXP_COMPENSATION exp_comp=0
D/mm-camera-CORE(  380): aec_set_parameters: EXP COMP value numerator=0 denominator=6
D/mm-camera-CORE(  380): AWB_SET_PARAM_LOCK, locked = 0
D/mm-camera-CORE(  380): AWB_SET_PARAM_WHITE_BALANCE E, wb type = 0
D/mm-camera-CORE(  380): AWB_SET_PARAM_WHITE_BALANCE bestshot off
D/mm-camera-CORE(  380): AWB_SET_PARAM_BESTSHOT E, bestshot type = 0
D/mm-camera-CORE(  380): AEC_SET_PARAM_ISO_MODE iso=0
W/GeocoderProxy(  908): com.google.android.gms resolves service com.android.location.service.GeocodeProvider, but has wrong signature, ignoring
I/CalendarProvider2( 4291): Created com.android.providers.calendar.CalendarAlarmManager@1e39b9b8(com.android.providers.calendar.CalendarProvider2@117a5391)
V/AlarmManager(  908): done {f67e77f, *walarm*:com.android.providers.calendar.intent.CalendarProvider2} [10668ms]
V/AlarmManager(  908): done {3d341b2e, *alarm*:android.intent.action.TIME_TICK} [226ms]
E/mm-camera(  380): module_faceproc_port_event_func:493] STREAMON 0
E/mm-camera(  380): module_faceproc_client_exec:820] 320x240
E/mm-camera-img(  380): faceproc_comp_eng_config:1472] ###min_face_size 50
E/mm-camera-img(  380): Face Album FILE EXISTS
E/mm-camera(  380): c2d_module_handle_streamon_event:1222, identity=0x20002, stream-on done
E/AEC_PORT(  380): ddd exp 0.000000 iso 0
E/mm-camera(  380): cpp_hw_params_update_wnr_params:2891 invalid trigger input 0.000000
E/mm-camera(  380): isp_streamon: E, session_id = 2, stream_id = 2, active_count = 0 flash=FALSE
E/mm-camera(  380): isp_proc_streamon: E, session_id = 2, stream_id = 2, stream_type = 1
E/mm-camera(  380): isp_util_get_user_streams: bundling use case - bundle mask = 0x3,streamon_bundle = 0x1, nop
E/mm-camera(  380): isp_streamon: X, session_id = 2, rc = 0
E/mm-camera(  380): port_isp_send_streamon_done_event_downstream: ignore this streamon, hal_bundling_mask = 0x3, streamon_mask = 0x1
E/mm-camera(  380): port_isp_mct_ctrl_cmd: X, identity = 0x20002, STREAMON, ret = 0
E/QCameraHWI_Mem(  358): int qcamera::QCameraMemoryPool::allocateBuffer(qcamera::QCameraMemory::QCameraMemInfo&, int, int, bool, cam_stream_type_t) : Buffer not found!
D/QCameraHWI_Mem(  358): static int qcamera::QCameraMemory::allocOneBuffer(qcamera::QCameraMemory::QCameraMemInfo&, int, int, bool) : ION buffer 0x1 with size 3133440 allocated
E/QCameraHWI_Mem(  358): int qcamera::QCameraMemoryPool::allocateBuffer(qcamera::QCameraMemory::QCameraMemInfo&, int, int, bool, cam_stream_type_t) : Buffer not found!
D/QCameraHWI_Mem(  358): static int qcamera::QCameraMemory::allocOneBuffer(qcamera::QCameraMemory::QCameraMemInfo&, int, int, bool) : ION buffer 0x1 with size 3133440 allocated
E/QCameraHWI_Mem(  358): int qcamera::QCameraMemoryPool::allocateBuffer(qcamera::QCameraMemory::QCameraMemInfo&, int, int, bool, cam_stream_type_t) : Buffer not found!
D/QCameraHWI_Mem(  358): static int qcamera::QCameraMemory::allocOneBuffer(qcamera::QCameraMemory::QCameraMemInfo&, int, int, bool) : ION buffer 0x1 with size 3133440 allocated
E/QCameraHWI_Mem(  358): int qcamera::QCameraMemoryPool::allocateBuffer(qcamera::QCameraMemory::QCameraMemInfo&, int, int, bool, cam_stream_type_t) : Buffer not found!
D/QCameraHWI_Mem(  358): static int qcamera::QCameraMemory::allocOneBuffer(qcamera::QCameraMemory::QCameraMemInfo&, int, int, bool) : ION buffer 0x1 with size 3133440 allocated
E/QCameraHWI_Mem(  358): int qcamera::QCameraMemoryPool::allocateBuffer(qcamera::QCameraMemory::QCameraMemInfo&, int, int, bool, cam_stream_type_t) : Buffer not found!
D/QCameraHWI_Mem(  358): static int qcamera::QCameraMemory::allocOneBuffer(qcamera::QCameraMemory::QCameraMemInfo&, int, int, bool) : ION buffer 0x1 with size 3133440 allocated
E/mm-camera-intf(  358): mm_stream_request_buf: buf_num = 5, stream type = 3
D/mm-camera-intf(  358): mm_stream_qbuf: Starting poll on stream 0xb7b25230 type: 3
D/mm-camera-intf(  358): mm_stream_qbuf: Started poll on stream 0xb7b25230 type: 3
E/mm-camera(  380): mct_pipeline_process_set: stream_type = 3
E/mm-camera-sensor(  380): module_sensor_stream_on:1497 ide 20003 SENSOR_START_STREAM
E/mm-camera-sensor(  380): module_sensor_is_ready_for_stream_on:822 any bundle started 0
E/mm-camera-sensor(  380): module_sensor_is_ready_for_stream_on:860 bundle_info->stream_on_count 2
E/mm-camera-sensor(  380): module_sensor_is_ready_for_stream_on:862 bundle_info->bundle_config.num_of_streams 2
E/mm-camera-sensor(  380): module_sensor_is_ready_for_stream_on:863 s_bundle->stream_on_count 0
E/mm-camera-sensor(  380): module_sensor_is_ready_for_stream_on:864 is_bundle_started 0
E/mm-camera-sensor(  380): module_sensor_is_ready_for_stream_on:872 stream_on_count=2, w=1920, h=1080, stream_mask=a
D/mm-camera-CORE(  380): RECEIVED CAL IN AWB
E/mm-camera-sensor(  380): modules_sensor_set_new_resolution:960 SENSOR_SET_RESOLUTION 1920*1080 mask a
E/mm-camera-sensor(  380): sensor_set_resolution:1892 Enter
E/mm-camera-sensor(  380): sensor_set_resolution:1916 Requested width 1920, height 1080
E/mm-camera-sensor(  380): sensor_set_resolution:1918 Requested stream mask a hfr mode 0 Cur fps 30.000000
E/mm-camera-sensor(  380): sensor_pick_resolution:1678 Enter
E/mm-camera-sensor(  380): sensor_pick_resolution:1697 Height 1080 Width 1920
E/mm-camera-sensor(  380): sensor_pick_resolution:1714 req_asp_ratio 177 stream type a
E/mm-camera-sensor(  380): sensor_pick_resolution:1803 req_asp_ratio 177 sup_asp_ratio 177
E/mm-camera-sensor(  380): sensor_pick_resolution:1807 fabs 0
E/mm-camera-sensor(  380): sensor_pick_resolution:1817 pick res 0
E/mm-camera-sensor(  380): sensor_pick_resolution:1869 Exit
E/mm-camera-sensor(  380): sensor_set_resolution:1927 Curr Res ID 0 New Res ID 0 New FPS 30.000000
E/mm-camera(  380): port_isp_module_event: E, identity = 0x20002, IFACE_SET_STREAM_CONFIG
E/mm-camera(  380): isp_sink_port_stream_config: E, session_id = 2, stream_id = 2, stream_type = 1
E/mm-camera(  380): isp_sink_port_stream_config: session_id = 2, stream_id = 2, is_split = 0
E/mm-camera(  380): isp_sink_port_stream_config: old vfe_id_mask = 0x1, new vfe_id_mask = 0x1
E/mm-camera(  380): port_isp_module_event: E, identity = 0x20003, IFACE_SET_STREAM_CONFIG
E/mm-camera(  380): isp_sink_port_stream_config: E, session_id = 2, stream_id = 3, stream_type = 3
E/mm-camera(  380): isp_sink_port_stream_config: session_id = 2, stream_id = 3, is_split = 0
E/mm-camera(  380): isp_sink_port_stream_config: old vfe_id_mask = 0x1, new vfe_id_mask = 0x1
E/mm-camera-CORE(  380): af_get_params: Focus is not initialized yet
E/mm-camera-CORE(  380): af_get_params: Focus is not initialized yet
D/mm-camera-CORE(  380): AEC_SET_PARAM_INIT_SENSOR_INFO in AEC, sensor position = 1
D/mm-camera-CORE(  380): Updated aec preview_width to 320 and preview_height to 240
D/mm-camera-CORE(  380): AWB_SET_PARAM_OP_MODE:Q3A_OPERATION_MODE_PREVIEW->AIS_CAMERA_MODE_ZSL(DscPrv)
E/mm-camera-sensor(  380): chromatix_whitebalance_calibration:755 WB calibration data is invalid!
D/mm-camera-CORE(  380): AWB_SET_PARAM_INIT_CHROMATIX_SENSOR E
D/mm-camera-CORE(  380): AEC_SET_PARAM_EXP_COMPENSATION exp_comp=0
D/mm-camera-CORE(  380): aec_set_parameters: EXP COMP value numerator=0 denominator=6
D/mm-camera-CORE(  380): AWB_SET_PARAM_LOCK, locked = 0
D/mm-camera-CORE(  380): AWB_SET_PARAM_WHITE_BALANCE E, wb type = 0
D/mm-camera-CORE(  380): AWB_SET_PARAM_WHITE_BALANCE bestshot off
D/mm-camera-CORE(  380): AWB_SET_PARAM_BESTSHOT E, bestshot type = 0
E/SQLiteLog( 4291): (284) automatic index on view_events(_id)
D/mm-camera-CORE(  380): AEC_SET_PARAM_ISO_MODE iso=0
E/mm-camera(  380): isp_tintless_config: same cfg as current
E/mm-camera(  380): isp_tintless_update_chromatix_params: lib returned config err=0
E/mm-camera(  380): port_isp_mct_ctrl_cmd: E, identity = 0x20003, STREAMON
E/mm-camera(  380): isp_streamon: E, session_id = 2, stream_id = 3, active_count = 0 flash=FALSE
E/mm-camera(  380): isp_proc_streamon: E, session_id = 2, stream_id = 3, stream_type = 3
E/mm-camera(  380): isp_ch_util_sync_stream_cfg_to_channel: cannot find channel, Adding new channel for stream id 2
E/mm-camera(  380): isp_add_meta_channel: no meta data, session_id = 2, stream_id = 2
E/mm-camera(  380): isp_ch_util_sync_stream_cfg_to_channel: cannot find channel, Adding new channel for stream id 3
E/mm-camera(  380): isp_add_meta_channel: no meta data, session_id = 2, stream_id = 3
E/mm-camera(  380): isp_validate_buf_request: total 10 current buffer count 10 for stream 2
E/mm-camera(  380): isp_validate_buf_request: total 5 current buffer count 5 for stream 3
E/mm-camera(  380): isp_fmt_to_pix_pattern: format 29
E/mm-camera(  380): isp_fmt_to_pix_pattern: format 29
E/mm-camera(  380): isp_axi_stream_set_skip_pattern: cannot find stream, session_id = 0, stream_id = 0
E/mm-camera(  380): isp_hw_action: first start, hw thread for streamon/ack
E/mm-camera(  380): isp_thread_proc_cmd: start/stop, thread_data = 0xb82a1bb4, action_code = 0
E/mm-camera(  380): isp_tintless_config: cfg: 10x13 mesh, 4x4 subgrid, subgrid sz 40x30
E/mm-camera(  380): isp_tintless_mesh_config: lib returned mesh config err=0
E/mm-camera(  380): isp_fmt_to_pix_pattern: format 29
E/mm-camera(  380): color_xform_config_601_to_601 for stream Encoder
E/mm-camera(  380): color_xform_config_601_to_601 for stream Viewfinder
E/mm-camera(  380): linearization_set_params: param_id is not supported in this module
E/mm-camera(  380): mesh_rolloff_set_params: param_id is not supported in this module
E/mm-camera(  380): wb_set_params: param_id is not supported in this module
E/mm-camera(  380): demosaic_set_params: param_id 7, is not supported in this module
E/mm-camera(  380): demux_set_params: param_id 7, is not supported in this module
E/mm-camera(  380): color_correct_set_effect: saturation level = 1.000000, asd_saturae_adjust = 1.000000
E/mm-camera(  380): la_hist_trigger_update: luma target from AEC = 0! use default LA curve
E/mm-camera(  380): isp_tintless_stat_config: pointer okay 
E/mm-camera(  380): isp_tintless_config: cfg: camif 1920x1080, elem sz 60x44, elems 24x32
E/mm-camera(  380): isp_tintless_stat_config: lib returned config err=0
E/mm-camera(  380): isp_fmt_to_pix_pattern: format 29
E/mm-camera(  380): stats_action_buf_config: cfg = 1, stats_mask = 0x7b8
E/mm-camera(  380): isp_validate_buf_request: total 4 current buffer count 4 for stream -2147418109
E/mm-camera(  380): isp_ch_util_streamon: session_id = 2, vfe_mask = 0x1, async streamon, rc = 0
E/mm-camera(  380): isp_hw_action: hw_thread for ack
E/mm-camera(  380): isp_validate_buf_request: total 4 current buffer count 4 for stream -2147418108
E/mm-camera(  380): isp_validate_buf_request: total 4 current buffer count 4 for stream -2147418107
E/mm-camera(  380): isp_validate_buf_request: total 4 current buffer count 4 for stream -2147418105
E/mm-camera(  380): isp_validate_buf_request: total 4 current buffer count 4 for stream -2147418104
E/mm-camera(  380): isp_validate_buf_request: total 4 current buffer count 4 for stream -2147418103
E/mm-camera(  380): isp_validate_buf_request: total 4 current buffer count 4 for stream -2147418102
E/mm-camera(  380): stats_action: stats mask = 0x7b8
E/mm-camera(  380): isp_axi_util_subscribe_v4l2_event: event_type = 0x8000100, is_subscribe = 1
E/mm-camera(  380): isp_thread_proc_cmd: start/stop ack done, thread_data = 0xb82a1bb4, action_code = 1, rc = 0
E/mm-camera(  380): isp_ch_util_streamon: session_id = 2, sync ack done
E/mm-camera(  380): isp_streamon: X, session_id = 2, rc = 0
E/mm-camera(  380): port_isp_send_streamon_done_event_downstream: notify stream done downstream
E/mm-camera(  380): port_isp_mct_ctrl_cmd: X, identity = 0x20003, STREAMON, ret = 0
E/mm-camera(  380): ispif_proc_streamon: ispif_hw_reset done
E/mm-camera(  380): stream id 2, stream num_meta 0
E/mm-camera(  380): ispif_streamon: session_id = 2, active_streams = 2
E/mm-camera-sensor(  380): module_sensor_stream_on:1915 ide 20003 SENSOR_START_STREAM
E/mm-camera-sensor(  380): module_sensor_stream_on: Sending start bus message
E/mm-camera(  380): start_sof_check_thread: Starting SOF timeout thread
E/mm-camera-CORE(  380): af_get_params: Focus is not initialized yet
E/QCameraPostProc(  358): int32_t qcamera::QCameraPostProcessor::start(qcamera::QCameraChannel*): use count reset to 0
D/QCameraParameters(  358): MNR enabled
D/QCamera2HWI(  358): bool qcamera::QCamera2HardwareInterface::needReprocess(): need do reprocess for MNR
D/QCameraParameters(  358): int32_t qcamera::QCameraParameters::setLA(const char*): Setting LA value off 0
D/QCameraParameters(  358): int32_t qcamera::QCameraParameters::AddSetParmEntryToBatch(void*, cam_intf_parm_type_t, uint32_t, void*):Batch parameter overwrite for param: 153
D/QCameraParameters(  358): int32_t qcamera::QCameraParameters::AddSetParmEntryToBatch(void*, cam_intf_parm_type_t, uint32_t, void*): num_entry: 3, paramType: 153, paramLength: 4, aligned_size_req: 20
D/QCamera2HWI(  358): qcamera::QCameraReprocessChannel* qcamera::QCamera2HardwareInterface::addOnlineReprocChannel(qcamera::QCameraChannel*): Before pproc config check, ret = 880
D/QCamera2HWI(  358): uint8_t qcamera::QCamera2HardwareInterface::getBufNumRequired(cam_stream_type_t): Allocating 1 buffers for streamtype 9
D/QCameraParameters(  358): MNR enabled
D/QCameraParameters(  358): GTM mode enabled
D/QCamera2HWI(  358): void qcamera::QCamera2HardwareInterface::configHybridDenoiserFeatures(cam_pp_feature_config_t*) E feature_mask = 0X882 lux_index = 0.000000
D/QCameraParameters(  358): GTM mode enabled
D/QCameraParameters(  358): MNR enabled
D/QCameraParameters(  358): Temporal denoiser for still image not enabled 
D/QCamera2HWI(  358): void qcamera::QCamera2HardwareInterface::configHybridDenoiserFeatures(cam_pp_feature_config_t*) X feature_mask = 0X200882
D/QCamera2HWI(  358): qcamera::QCameraReprocessChannel* qcamera::QCamera2HardwareInterface::addOnlineReprocChannel(qcamera::QCameraChannel*): After pproc config check, ret = 200882
D/QCamera2HWI(  358): qcamera::QCameraReprocessChannel* qcamera::QCamera2HardwareInterface::addOnlineReprocChannel(qcamera::QCameraChannel*): Allocating 1 reproc buffers
E/QCameraHWI_Mem(  358): int qcamera::QCameraMemory::alloc(int, int, int) : No memory pool available
D/QCameraHWI_Mem(  358): static int qcamera::QCameraMemory::allocOneBuffer(qcamera::QCameraMemory::QCameraMemInfo&, int, int, bool) : ION buffer 0x1 with size 1060 allocated
D/QCamera2HWI(  358): uint8_t qcamera::QCamera2HardwareInterface::getBufNumRequired(cam_stream_type_t): Allocating 1 buffers for streamtype 9
E/mm-camera(  380): mct_pipeline_send_ctrl_events: Send Set Parm events
D/QCameraParameters(  358): int32_t qcamera::QCameraParameters::commitSetBatch():waiting for commitSetBatch to complete
D/QCamera2HWI(  358): int qcamera::QCamera2HardwareInterface::startPreview(): X
E/mm-camera(  380): mct_pipeline_add_stream_to_linked_streams: linked streams: 0x28a
E/mm-camera(  380): mct_stream_start_link: Starting offline stream linking 
E/mm-camera(  380): mct_pproc_sink_port_caps_reserve:185] The port 0xb81c2f58 is not free
E/mm-camera-img(  380): module_imglib_create_port:1756 portname imglib_d2_i1
E/mm-camera-img(  380): module_imglib_port_check_caps_reserve:1493 port already reserved or invalid identity 131076
E/mm-camera-img(  380): module_imglib_port_check_caps_reserve:1557] Cap reserve failed 
E/mm-camera(  380): module_denoiser_client_create:753]
E/mm-camera(  380): module_denoiser_client_create:814] port 0xb81c7b78 client 0xb82f23d0 X
D/QCamera2HWI(  358): [KPI Perf] static int qcamera::QCamera2HardwareInterface::start_preview(camera_device*): X
E/QCameraHWI_Mem(  358): int qcamera::QCameraMemoryPool::allocateBuffer(qcamera::QCameraMemory::QCameraMemInfo&, int, int, bool, cam_stream_type_t) : Buffer not found!
D/QCameraHWI_Mem(  358): static int qcamera::QCameraMemory::allocOneBuffer(qcamera::QCameraMemory::QCameraMemInfo&, int, int, bool) : ION buffer 0x1 with size 3133440 allocated
I/QCameraHalWatchdog(  358): Stopped Watchdog Thread...
E/mm-camera-intf(  358): mm_stream_request_buf: buf_num = 1, stream type = 9
D/mm-camera-intf(  358): mm_stream_qbuf: Starting poll on stream 0xb7b25720 type: 9
D/mm-camera-intf(  358): mm_stream_qbuf: Started poll on stream 0xb7b25720 type: 9
E/mm-camera(  380): mct_pipeline_process_set: stream_type = 9
E/mm-camera(  380): module_denoiser_port_event_func:632] MNR STREAMON
I/BackupRestoreController(  908): Getting widget state for user: 0
E/mm-camera-CORE(  380): af_get_params: Focus is not initialized yet
I/GmsBackupTransport( 1809): K/V backup for @pm@ aborted by rate limiter. next=1449838637348, current=1449798060326
D/BackupManagerService(  908): Now staging backup of com.google.android.gm
D/BackupManagerService(  908): Now staging backup of com.android.providers.userdictionary
D/BackupManagerService(  908): Now staging backup of com.android.nfc
D/BackupManagerService(  908): Now staging backup of com.android.vending
D/BackupManagerService(  908): Now staging backup of com.android.providers.settings
D/GCM     ( 1809): GcmService start Intent { act=com.google.android.checkin.CHECKIN_COMPLETE flg=0x10 cmp=com.google.android.gms/.gcm.GcmService (has extras) } com.google.android.checkin.CHECKIN_COMPLETE
D/BackupManagerService(  908): Now staging backup of com.google.android.calendar
D/QCamera2HWI(  358): void qcamera::QCamera2HardwareInterface::kpi_preview_stream_cb_routine(): CameraKpiTag: PREVIEW_START_TIME : 211
E/QCamera2HWI(  358): [KPI Perf] static void qcamera::QCamera2HardwareInterface::preview_stream_cb_routine(mm_camera_super_buf_t*, qcamera::QCameraStream*, void*) : PROFILE_FIRST_PREVIEW_FRAME
E/mm-camera-CORE(  380): af_get_params: Focus is not initialized yet
E/mm-camera(  380): la_hist_trigger_update: luma target from AEC = 0! use default LA curve
D/BackupManagerService(  908): Now staging backup of android
D/BackupManagerService(  908): Now staging backup of com.android.calendar
D/BackupManagerService(  908): Now staging backup of com.android.dialer
D/BackupManagerService(  908): Now staging backup of com.android.sharedstoragebackup
I/art     ( 1809): Explicit concurrent mark sweep GC freed 29618(1973KB) AllocSpace objects, 26(416KB) LOS objects, 40% free, 21MB/35MB, paused 902us total 78.960ms
E/mm-camera-CORE(  380): af_get_params: Focus is not initialized yet
I/GmsBackupTransport( 1809): Next backup will happen in 40576950 millis.
I/art     ( 2993): Explicit concurrent mark sweep GC freed 3401(131KB) AllocSpace objects, 0(0B) LOS objects, 40% free, 15MB/26MB, paused 548us total 29.957ms
I/BackupManagerService(  908): Backup pass finished.
E/mm-camera-CORE(  380): af_get_params: Focus is not initialized yet
W/GCoreFlp( 1809): No location to return for getLastLocation()
W/FusedLocationProvider( 1809): location=null
E/mm-camera-CORE(  380): af_get_params: Focus is not initialized yet
E/mm-camera-CORE(  380): af_get_params: Focus is not initialized yet
I/QCamera2HWI(  358): getParameters standard
E/mm-camera-CORE(  380): af_get_params: Focus is not initialized yet
D/Checkin ( 4218): publish the event [tag = SMART_ACTIONS event name = ACTION]
I/GlobalDismissManager( 2808): no sender configured
D/AlertService( 2808): Beginning updateAlertNotification
W/DowntimeManager( 4218): Downtime enabler is not available on this device.
E/mm-camera-CORE(  380): af_get_params: Focus is not initialized yet
I/ActivityManager(  908): Start proc com.google.android.gm for broadcast com.google.android.gm/.widget.GmailWidgetProvider: pid=4363 uid=10100 gids={50100, 9997, 3003, 1028, 1015} abi=armeabi-v7a
E/mm-camera-CORE(  380): af_get_params: Focus is not initialized yet
D/Checkin ( 4218): publish the event [tag = SMART_ACTIONS event name = ACTION]
I/ActivityModePolicy( 4218): Active model: null
I/ActivityModePolicy( 4218): Transition model: ModeModel[id=1, key=handsfree, category=activity, priority=4, version=1, status=2, token=, startTime=0userAdded=1]
I/ActivityModePolicy( 4218): Transition mode: handsfree from: 2 to: 1 token: 
D/Checkin ( 4218): publish the event [tag = SMART_ACTIONS event name = MODE]
D/AlertService( 2808): No fired or scheduled alerts
E/mm-camera-CORE(  380): af_get_params: Focus is not initialized yet
I/ModeActionController( 4218): On mode state updated for: handsfree, status: 1
D/AlertService( 2808): Scheduling next alarm with AlarmScheduler. sEventReminderReceived: null
I/ActionManager( 4218): Transition actions for mode: handsfree, with status: [5, 3], to: 2, cursor count: 0
I/ActivityModePolicy( 4218): Active mode set to: null
D/AlarmScheduler( 2808): No events found starting within 1 week.
E/mm-camera-CORE(  380): af_get_params: Focus is not initialized yet
I/ActivityModePolicy( 4218): Active model: null
I/ActivityModePolicy( 4218): Transition model: ModeModel[id=1, key=handsfree, category=activity, priority=4, version=1, status=1, token=, startTime=0userAdded=1]
I/ActivityModePolicy( 4218): Transition mode: handsfree from: 1 to: 2 token: 
E/mm-camera-CORE(  380): af_get_params: Focus is not initialized yet
W/CursorWrapperInner( 3958): Cursor finalized without prior close()
I/ModeActionController( 4218): On mode state updated for: handsfree, status: 2
I/ActionManager( 4218): Transition actions for mode: handsfree, with status: [5, 3], to: 2, cursor count: 0
I/ActivityModePolicy( 4218): Active mode set to: null
E/mm-camera-CORE(  380): af_get_params: Focus is not initialized yet
I/ActivityManager(  908): Start proc com.motorola.moto:context_engine for content provider com.motorola.moto/com.motorola.context.provider.ContextProvider: pid=4386 uid=10034 gids={50034, 9997, 3003, 1028, 1015, 3001, 3002} abi=armeabi
D/ActivityThread( 4363): Loading provider com.google.android.gmail.provider;com.android.mail.notifier;com.google.android.gm.email.provider;com.google.android.gm.email.notifier: com.android.email.provider.EmailProvider
I/Gmail   ( 4363): getAccountsCursor
E/mm-camera-CORE(  380): af_get_params: Focus is not initialized yet
V/GLSActivity( 1809): AuthDelegateWrapperCreated with selected intent: Intent { cmp=com.google.android.gms/.auth.DefaultAuthDelegateService }
E/mm-camera-CORE(  380): af_get_params: Focus is not initialized yet
E/mm-camera-CORE(  380): af_get_params: Focus is not initialized yet
I/Gmail   ( 4363): Initiated Service map for: [gPop3, gLegacyImap, gEas, gmail]
W/ActivityManager(  908): Unable to start service Intent { cmp=com.google.android.gm/com.android.email.service.AttachmentService } U=0: not found
E/mm-camera-CORE(  380): af_get_params: Focus is not initialized yet
W/ActivityManager(  908): Unable to start service Intent { act=com.google.android.gm.email.EXCHANGE_INTENT pkg=com.google.android.gm.exchange } U=0: not found
I/Gmail   ( 4363): Observing account changes for notifications
E/mm-camera-CORE(  380): af_get_params: Focus is not initialized yet
I/art     (  908): Explicit concurrent mark sweep GC freed 22964(1337KB) AllocSpace objects, 2(32KB) LOS objects, 33% free, 29MB/44MB, paused 1.278ms total 103.600ms
E/mm-camera-CORE(  380): af_get_params: Focus is not initialized yet
W/ModeHelper( 4218): Drive mode not supported in Moto Lite
I/ActivityModePolicy( 4218): Active model: null
I/ActivityModePolicy( 4218): Transition model: ModeModel[id=3, key=driving, category=activity, priority=3, version=1, status=0, token=, startTime=0userAdded=0]
I/ActivityModePolicy( 4218): Transition mode: driving from: 0 to: 0 token: 
W/AbstractModePolicy( 4218): Cannot update state for: driving, from: 0, to: 0
W/GAV2    ( 4363): Thread[main,5,main]: Need to call initialize() and be in fallback mode to start dispatch.
I/ActivityModePolicy( 4218): Active mode set to: null
E/mm-camera-CORE(  380): af_get_params: Focus is not initialized yet
W/ActivityManager(  908): Unable to start service Intent { act=com.google.android.gm.email.EXCHANGE_INTENT pkg=com.google.android.gm.exchange } U=0: not found
I/ActivityManager(  908): Killing 4059:com.android.mms/u0a29 (adj 15): empty #13
E/mm-camera-CORE(  380): af_get_params: Focus is not initialized yet
E/mm-camera-CORE(  380): af_get_params: Focus is not initialized yet
W/libprocessgroup(  908): failed to open /acct/uid_10029/pid_4059/cgroup.procs: No such file or directory
E/Gmail   ( 4363): Error finding the version of the Email provider.....
E/Gmail   ( 4363): android.content.pm.PackageManager$NameNotFoundException: com.google.android.email
E/Gmail   ( 4363): 	at android.app.ApplicationPackageManager.getPackageInfo(ApplicationPackageManager.java:114)
E/Gmail   ( 4363): 	at com.google.android.gm.EmailMigrationService.a(SourceFile:1280)
E/Gmail   ( 4363): 	at com.google.android.gm.EmailMigrationService.onHandleIntent(SourceFile:219)
E/Gmail   ( 4363): 	at android.app.IntentService$ServiceHandler.handleMessage(IntentService.java:65)
E/Gmail   ( 4363): 	at android.os.Handler.dispatchMessage(Handler.java:102)
E/Gmail   ( 4363): 	at android.os.Looper.loop(Looper.java:135)
E/Gmail   ( 4363): 	at android.os.HandlerThread.run(HandlerThread.java:61)
W/EmailMigration( 4363): We do not support migrating this version of the Email provider.
I/Gmail   ( 4363): getAccountsCursor
V/GLSActivity( 1809): AuthDelegateWrapperCreated with selected intent: Intent { cmp=com.google.android.gms/.auth.DefaultAuthDelegateService }
D/AlertReceiver( 2808): onReceive: a=android.intent.action.PROVIDER_CHANGED Intent { act=android.intent.action.PROVIDER_CHANGED dat=content://com.android.calendar flg=0x10 cmp=com.android.calendar/.alerts.AlertReceiver }
E/mm-camera-CORE(  380): af_get_params: Focus is not initialized yet
D/AlertService( 2808): 0 Action = android.intent.action.PROVIDER_CHANGED
I/ActivityManager(  908): Waited long enough for: ServiceRecord{164887d9 u0 com.motorola.camera/.SensorService}
V/GLSActivity( 1809): AuthDelegateWrapperCreated with selected intent: Intent { cmp=com.google.android.gms/.auth.DefaultAuthDelegateService }
W/BroadcastQueue(  908): Permission Denial: broadcasting Intent { act=com.motorola.cce.Actions.CCE_SEND_SETTINGS flg=0x10 (has extras) } from com.motorola.genie (pid=3759, uid=10021) is not exported from uid 10000 due to receiver com.motorola.ccc.checkin/com.motorola.blur.service.blur.SharedSettingsReceiver
D/CCE     ( 2614): App motocare requested CCE to send settings
W/BroadcastQueue(  908): Permission Denial: broadcasting Intent { act=com.motorola.cce.Actions.CCE_SEND_SETTINGS flg=0x10 (has extras) } from com.motorola.genie (pid=3759, uid=10021) is not exported from uid 10000 due to receiver com.motorola.ccc.notification/com.motorola.blur.service.blur.SharedSettingsReceiver
E/mm-camera-CORE(  380): af_get_params: Focus is not initialized yet
I/ActivityManager(  908): Start proc com.android.cellbroadcastreceiver for broadcast com.android.cellbroadcastreceiver/.CellBroadcastReceiver: pid=4433 uid=10011 gids={50011, 9997} abi=armeabi-v7a
E/SQLiteLog( 4363): (283) recovered 25 frames from WAL file /data/data/com.google.android.gm/databases/mailstore.ytliu.cc@gmail.com.db-wal
E/mm-camera-CORE(  380): af_get_params: Focus is not initialized yet
E/mm-camera-CORE(  380): af_get_params: Focus is not initialized yet
I/Gmail   ( 4363): notifyAccountChanged
I/CalendarProvider2( 4291): Sending notification intent: Intent { act=android.intent.action.PROVIDER_CHANGED dat=content://com.android.calendar }
W/ContentResolver( 4291): Failed to get type for: content://com.android.calendar (Unknown URL content://com.android.calendar)
I/art     ( 1594): Explicit concurrent mark sweep GC freed 8843(499KB) AllocSpace objects, 4(64KB) LOS objects, 40% free, 15MB/26MB, paused 612us total 30.619ms
I/Gmail   ( 4363): getAccountsCursor
V/GLSActivity( 1809): AuthDelegateWrapperCreated with selected intent: Intent { cmp=com.google.android.gms/.auth.DefaultAuthDelegateService }
I/Gmail   ( 4363): calculateUnknownSyncRationalesAndPurgeInBackground: queueing
I/Gmail   ( 4363): calculateUnknownSyncRationalesAndPurgeInBackground: queueing
E/mm-camera-CORE(  380): af_get_params: Focus is not initialized yet
I/ActivityManager(  908): Killing 4083:com.motorola.email:exchange/u0a38 (adj 15): empty #13
I/Gmail   ( 4363): calculateUnknownSyncRationalesAndPurgeInBackground: running
I/Gmail   ( 4363): calculateUnknownSyncRationalesAndPurgeInBackground: running
E/mm-camera-CORE(  380): af_get_params: Focus is not initialized yet
W/libprocessgroup(  908): failed to open /acct/uid_10038/pid_4083/cgroup.procs: No such file or directory
V/GLSActivity( 1809): AuthDelegateWrapperCreated with selected intent: Intent { cmp=com.google.android.gms/.auth.DefaultAuthDelegateService }
V/GLSActivity( 1809): AuthDelegateWrapperCreated with selected intent: Intent { cmp=com.google.android.gms/.auth.DefaultAuthDelegateService }
D/CellBroadcastReceiver( 4433): Service state changed! 1 Full: 1 1 home voice home data home null null null null null null  Unknown Unknown CSS not supported -1 -1 RoamInd=-1 DefRoamInd=-1 EmergOnly=true Current state=-1
D/Checkin ( 4433): publish the event [tag = MOT_CMAS_STATS event name = CMAS_app_launch]
E/WifiStateMachine(  908): WifiStateMachine CMD_START_SCAN source -2 txSuccessRate=0.00 rxSuccessRate=0.00 targetRoamBSSID=any RSSI=-82
E/WifiStateMachine(  908): WifiStateMachine CMD_START_SCAN with age=6227 interval=30000 maxinterval=300000
E/WifiStateMachine(  908): WifiStateMachine CMD_START_SCAN full=false
E/WifiStateMachine(  908): WifiStateMachine starting scan for "IPADS"WPA_PSK with 2437
I/wpa_supplicant( 1610): wlan0: CTRL-EVENT-SCAN-STARTED 
E/WifiStateMachine(  908): [1,449,798,061,312 ms] noteScanstart no scan source
E/mm-camera-CORE(  380): af_get_params: Focus is not initialized yet
V/AlarmManager(  908): done {30abce8c, *alarm*:com.android.server.WifiManager.action.START_SCAN} [18486ms]
I/ActivityManager(  908): Killing 3958:com.motorola.email/u0a38 (adj 15): empty #13
E/mm-camera-CORE(  380): af_get_params: Focus is not initialized yet
D/TCMD    (  486): NL - Read 56 bytes from update socket.
D/TCMD    (  486): NL - message type is RTM_NEWLINK
D/TCMD    (  486): Listening for incoming client connection request
E/WifiStateMachine(  908): [1,449,798,061,358 ms] noteScanEnd no scan source
E/WifiStateMachine(  908): wifi setScanResults statecom.android.server.wifi.WifiStateMachine$ConnectedState@22d15def sup_state=COMPLETED debouncing=false
E/mm-camera-CORE(  380): af_get_params: Focus is not initialized yet
W/libprocessgroup(  908): failed to open /acct/uid_10038/pid_3958/cgroup.procs: No such file or directory
I/Gmail   ( 4363): getAccountsCursor
E/mm-camera-CORE(  380): af_get_params: Focus is not initialized yet
V/UserPresentBroadcastReceiver( 1809): Received Intent { act=android.intent.action.USER_PRESENT flg=0x24000010 cmp=com.google.android.gms/.auth.trustagent.UserPresentBroadcastReceiver }.
V/GLSActivity( 1809): AuthDelegateWrapperCreated with selected intent: Intent { cmp=com.google.android.gms/.auth.DefaultAuthDelegateService }
E/mm-camera-CORE(  380): af_get_params: Focus is not initialized yet
I/NotifUtils( 4363): Validating Notification, mapSize: 0 getAttention: true ignoreUnobtrusive: false
E/mm-camera-CORE(  380): af_get_params: Focus is not initialized yet
I/ActivityManager(  908): Start proc eu.chainfire.supersu for broadcast eu.chainfire.supersu/.UserPresentReceiver: pid=4459 uid=10089 gids={50089, 9997} abi=armeabi-v7a
E/mm-camera-CORE(  380): af_get_params: Focus is not initialized yet
I/NotifUtils( 4363): validateNotifications - cancelling -1022904203 for -675824894 / -317575340
E/mm-camera-CORE(  380): af_get_params: Focus is not initialized yet
I/ActivityManager(  908): Killing 3820:com.google.android.apps.plus/u0a106 (adj 15): empty #13
W/ResourcesManager( 4459): Asset path '/system/framework/com.motorola.frameworks.core.addon.jar' does not exist or contains no resources.
W/ResourcesManager( 4459): Asset path '/system/framework/com.motorola.android.encryption.jar' does not exist or contains no resources.
E/mm-camera-CORE(  380): af_get_params: Focus is not initialized yet
E/mm-camera-CORE(  380): af_get_params: Focus is not initialized yet
E/mm-camera-CORE(  380): af_get_params: Focus is not initialized yet
I/ActivityManager(  908): Start proc com.qihoo.appstore for broadcast com.qihoo.appstore/.receiver.AppStoreUnLockScreenReceiver: pid=4481 uid=10117 gids={50117, 9997, 1028, 1015, 3003, 3001, 3002} abi=armeabi
I/ActivityManager(  908): Killing 4128:com.lenovo.music/u0a86 (adj 15): empty #13
E/mm-camera-CORE(  380): af_get_params: Focus is not initialized yet
E/mm-camera-CORE(  380): af_get_params: Focus is not initialized yet
W/libprocessgroup(  908): failed to open /acct/uid_10106/pid_3820/cgroup.procs: No such file or directory
W/libprocessgroup(  908): failed to open /acct/uid_10086/pid_4128/cgroup.procs: No such file or directory
E/mm-camera-CORE(  380): af_get_params: Focus is not initialized yet
E/mm-camera-CORE(  380): af_get_params: Focus is not initialized yet
E/mm-camera-CORE(  380): af_get_params: Focus is not initialized yet
I/SFPerfTracer(  292):      triggers: (rate: 0:0) (0 sw vsyncs) (0 skipped) (0:1010 vsyncs) (1:1503)
E/mm-camera-CORE(  380): af_get_params: Focus is not initialized yet
E/mm-camera-CORE(  380): af_get_params: Focus is not initialized yet
I/MultiDex( 4481): VM with version 2.1.0 has multidex support
I/MultiDex( 4481): install
I/MultiDex( 4481): VM has multidex support, MultiDex support library is disabled.
E/mm-camera-CORE(  380): af_get_params: Focus is not initialized yet
D/ProxyPluginContext( 4481): attachBaseContext mCurrentProcessName : com.qihoo.appstore
E/mm-camera-CORE(  380): af_get_params: Focus is not initialized yet
I/ProxyPluginContext( 4481): mResDir fix:no fix
E/mm-camera-CORE(  380): af_get_params: Focus is not initialized yet
E/mm-camera-CORE(  380): af_get_params: Focus is not initialized yet
E/mm-camera-CORE(  380): af_get_params: Focus is not initialized yet
E/mm-camera-CORE(  380): af_get_params: Focus is not initialized yet
E/mm-camera-CORE(  380): af_get_params: Focus is not initialized yet
E/mm-camera-CORE(  380): af_get_params: Focus is not initialized yet
E/mm-camera-CORE(  380): af_get_params: Focus is not initialized yet
E/mm-camera-CORE(  380): af_get_params: Focus is not initialized yet
I/ActivityManager(  908): Start proc com.qihoo.daemon for service com.qihoo.appstore/com.morgoo.droidplugin.PluginManagerService: pid=4505 uid=10117 gids={50117, 9997, 1028, 1015, 3003, 3001, 3002} abi=armeabi
E/mm-camera-CORE(  380): af_get_params: Focus is not initialized yet
D/g       ( 4481): Initialize ImageLoader with configuration
E/mm-camera-CORE(  380): af_get_params: Focus is not initialized yet
I/MultiDex( 4505): VM with version 2.1.0 has multidex support
I/MultiDex( 4505): install
I/MultiDex( 4505): VM has multidex support, MultiDex support library is disabled.
E/mm-camera-CORE(  380): af_get_params: Focus is not initialized yet
D/ProxyPluginContext( 4505): attachBaseContext mCurrentProcessName : com.qihoo.daemon
I/ProxyPluginContext( 4505): mResDir fix:no fix
I/ActivityManager(  908): Killing 3850:com.qihoo.browser/u0a111 (adj 15): empty #13
I/libprocessgroup(  908): Killing pid 3935 in uid 10111 as part of process group 3850
I/libprocessgroup(  908): Killing pid 3937 in uid 10111 as part of process group 3850
I/libprocessgroup(  908): Killing pid 3935 in uid 10111 as part of process group 3850
I/libprocessgroup(  908): Killing pid 3937 in uid 10111 as part of process group 3850
I/libprocessgroup(  908): Killing pid 3935 in uid 10111 as part of process group 3850
I/libprocessgroup(  908): Killing pid 3935 in uid 10111 as part of process group 3850
I/libprocessgroup(  908): Killing pid 3935 in uid 10111 as part of process group 3850
I/libprocessgroup(  908): Killing pid 3935 in uid 10111 as part of process group 3850
I/libprocessgroup(  908): Killing pid 3935 in uid 10111 as part of process group 3850
D/WifiService(  908): New client listening to asynchronous messages
I/libprocessgroup(  908): Killing pid 3935 in uid 10111 as part of process group 3850
E/mm-camera-CORE(  380): af_get_params: Focus is not initialized yet
I/libprocessgroup(  908): Killing pid 3935 in uid 10111 as part of process group 3850
E/mm-camera-CORE(  380): af_get_params: Focus is not initialized yet
E/mm-camera-CORE(  380): af_get_params: Focus is not initialized yet
E/mm-camera-CORE(  380): af_get_params: Focus is not initialized yet
W/libprocessgroup(  908): failed to open /acct/uid_10111/pid_3850/cgroup.procs: No such file or directory
D/ActivityThread( 4505): Loading provider 3416a75f4cea9109507cacd8e2f2aefc: com.qihoo.sdk.report.common.MultiprocessSharedPreferences
W/ContextImpl( 1594): Calling a method in the system process without a qualified user: android.app.ContextImpl.startService:1820 android.content.ContextWrapper.startService:515 android.content.ContextWrapper.startService:515 com.motorola.motocare.internal.batterystats.BatteryStatsAction.onReceive:33 android.app.ActivityThread.handleReceiver:2611 
E/mm-camera-CORE(  380): af_get_params: Focus is not initialized yet
W/ContextImpl( 1594): Calling a method in the system process without a qualified user: android.app.ContextImpl.startService:1820 android.content.ContextWrapper.startService:515 android.content.ContextWrapper.startService:515 com.motorola.motocare.internal.batterystats.BatteryStatsAction.onReceive:33 android.app.ActivityThread.handleReceiver:2611 
E/mm-camera-CORE(  380): af_get_params: Focus is not initialized yet
D/GetNotificationsWS( 2614): bindWebServices(): registering our AIDL callback...
D/CCE     ( 2614): App Checkin requested CCE to send settings
D/GetNotificationsWS( 2614): onServiceConnected()
D/GetNotificationsWS( 2614): onServiceConnected(): Registered for remote service callbacks...
D/CCE     ( 2614): App Checkin requested CCE to send settings
I/SundryService( 2614): onHandleIntent(): action=com.motorola.notification.REGISTRATION
I/SundryService( 2614)